[www.w3schools.com/js/default.html]
[www.w3schools.com/detroitchicago/greenoaks.gif]
[www.w3schools.com/porpoiseant/army.gif]
[www.w3schools.com/ezoic/e.gif]
[backblue.gif]
[fade.gif]
[index.html]
[www.google-analytics.com/analytics.js]
[www.googletagservices.com/tag/js/gpt.js]
[www.w3schools.com/w3css/3/w3.css]
[www.w3schools.com/detroitchicago/rochester1812.js]
[www.w3schools.com/js/js_json_intro.html]
[www.w3schools.com/js/js_ajax_intro.html]
[www.w3schools.com/js/js_examples.html]
[www.w3schools.com/js/js_dom_examples.html]
[www.w3schools.com/js/js_ajax_examples.html]
[www.w3schools.com/js/js_intro.html]
[www.w3schools.com/js/js_whereto.html]
[www.w3schools.com/js/js_output.html]
[www.w3schools.com/js/js_syntax.html]
[www.w3schools.com/js/js_statements.html]
[www.w3schools.com/js/js_comments.html]
[www.w3schools.com/js/js_variables.html]
[www.w3schools.com/js/js_operators.html]
[www.w3schools.com/js/js_arithmetic.html]
[www.w3schools.com/js/js_assignment.html]
[www.w3schools.com/js/js_datatypes.html]
[www.w3schools.com/js/js_objects.html]
[www.w3schools.com/js/js_scope.html]
[www.w3schools.com/js/js_functions.html]
[www.w3schools.com/js/js_events.html]
[www.w3schools.com/js/js_strings.html]
[www.w3schools.com/js/js_string_methods.html]
[www.w3schools.com/js/js_numbers.html]
[www.w3schools.com/js/js_number_methods.html]
[www.w3schools.com/js/js_math.html]
[www.w3schools.com/js/js_random.html]
[www.w3schools.com/js/js_dates.html]
[www.w3schools.com/js/js_date_formats.html]
[www.w3schools.com/js/js_date_methods.html]
[www.w3schools.com/js/js_arrays.html]
[www.w3schools.com/js/js_array_methods.html]
[www.w3schools.com/js/js_array_sort.html]
[www.w3schools.com/js/js_booleans.html]
[www.w3schools.com/js/js_comparisons.html]
[www.w3schools.com/js/js_if_else.html]
[www.w3schools.com/js/js_switch.html]
[www.w3schools.com/js/js_loop_for.html]
[www.w3schools.com/js/js_loop_while.html]
[www.w3schools.com/js/js_break.html]
[www.w3schools.com/js/js_type_conversion.html]
[www.w3schools.com/js/js_bitwise.html]
[www.w3schools.com/js/js_regexp.html]
[www.w3schools.com/js/js_errors.html]
[www.w3schools.com/js/js_debugging.html]
[www.w3schools.com/js/js_hoisting.html]
[www.w3schools.com/js/js_strict.html]
[www.w3schools.com/js/js_conventions.html]
[www.w3schools.com/js/js_best_practices.html]
[www.w3schools.com/js/js_mistakes.html]
[www.w3schools.com/js/js_performance.html]
[www.w3schools.com/js/js_reserved.html]
[www.w3schools.com/js/js_versions.html]
[www.w3schools.com/js/js_json.html]
[www.w3schools.com/js/js_validation_api.html]
[www.w3schools.com/js/js_validation.html]
[www.w3schools.com/js/js_object_definition.html]
[www.w3schools.com/js/js_properties.html]
[www.w3schools.com/js/js_object_methods.html]
[www.w3schools.com/js/js_object_prototypes.html]
[www.w3schools.com/js/js_function_definition.html]
[www.w3schools.com/js/js_function_parameters.html]
[www.w3schools.com/js/js_function_invocation.html]
[www.w3schools.com/js/js_function_closures.html]
[www.w3schools.com/js/js_htmldom.html]
[www.w3schools.com/js/js_htmldom_methods.html]
[www.w3schools.com/js/js_htmldom_document.html]
[www.w3schools.com/js/js_htmldom_elements.html]
[www.w3schools.com/js/js_htmldom_html.html]
[www.w3schools.com/js/js_htmldom_css.html]
[www.w3schools.com/js/js_htmldom_animate.html]
[www.w3schools.com/js/js_htmldom_events.html]
[www.w3schools.com/js/js_htmldom_eventlistener.html]
[www.w3schools.com/js/js_htmldom_navigation.html]
[www.w3schools.com/js/js_htmldom_nodes.html]
[www.w3schools.com/js/js_htmldom_nodelist.html]
[www.w3schools.com/js/js_window.html]
[www.w3schools.com/js/js_window_screen.html]
[www.w3schools.com/js/js_window_location.html]
[www.w3schools.com/js/js_window_history.html]
[www.w3schools.com/js/js_window_navigator.html]
[www.w3schools.com/js/js_popup.html]
[www.w3schools.com/js/js_timing.html]
[www.w3schools.com/js/js_cookies.html]
[www.w3schools.com/js/js_ajax_http.html]
[www.w3schools.com/js/js_ajax_http_send.html]
[www.w3schools.com/js/js_ajax_http_response.html]
[www.w3schools.com/js/js_ajax_xmlfile.html]
[www.w3schools.com/js/js_ajax_php.html]
[www.w3schools.com/js/js_ajax_asp.html]
[www.w3schools.com/js/js_ajax_database.html]
[www.w3schools.com/js/js_ajax_applications.html]
[www.w3schools.com/js/js_json_syntax.html]
[www.w3schools.com/js/js_json_xml.html]
[www.w3schools.com/js/js_json_datatypes.html]
[www.w3schools.com/js/js_json_objects.html]
[www.w3schools.com/js/js_json_arrays.html]
[www.w3schools.com/js/js_json_parse.html]
[www.w3schools.com/js/js_json_stringify.html]
[www.w3schools.com/js/js_json_php.html]
[www.w3schools.com/js/js_json_html.html]
[www.w3schools.com/js/js_json_jsonp.html]
[www.w3schools.com/js/js_input_examples.html]
[www.w3schools.com/js/js_ex_dom.html]
[www.w3schools.com/js/js_events_examples.html]
[www.w3schools.com/js/js_ex_browser.html]
[www.w3schools.com/js/js_quiz.html]
[www.w3schools.com/js/js_exam.html]
[www.w3schools.com/js/tryit5b9b.html]
[www.w3schools.com/images/w3cert.gif]
[www.w3schools.com/images/colorpicker.gif]
[www.w3schools.com/images/w3schoolscom_gray.gif]
[www.w3schools.com/lib/w3schools_footer.js]
[translate.google.com/translate_a/element.78a0d8.delayed]
[pixel.quantserve.com/pixel/p-31iz6hfFutd16729f.gif]
[www.w3schools.com/js/default.html]
[www.w3schools.com/w3css/3/w3.css]
[www.w3schools.com/js/tryitca82.html]
[www.w3schools.com/js/tryit4cd1.html]
[www.w3schools.com/js/js_json_intro.html]
[www.w3schools.com/js/tryitb357.html]
[www.w3schools.com/js/GET.7d.delayed]
[www.w3schools.com/js/ajax_info.txt]
[www.w3schools.com/js/pic_ajax.gif]
[www.w3schools.com/js/js_ajax_intro.html]
[www.w3schools.com/js/tryit4040.html]
[www.w3schools.com/js/tryite873.html]
[www.w3schools.com/js/tryit97d0.html]
[www.w3schools.com/js/tryit73e9.html]
[www.w3schools.com/js/tryitcac9.html]
[www.w3schools.com/js/tryitb8f8.html]
[www.w3schools.com/js/tryitbab3.html]
[www.w3schools.com/js/tryit9593.html]
[www.w3schools.com/js/tryita166.html]
[www.w3schools.com/js/tryitd3cf.html]
[www.w3schools.com/js/tryit880a.html]
[www.w3schools.com/js/tryitc969.html]
[www.w3schools.com/js/tryit54e1.html]
[www.w3schools.com/js/tryit928d.html]
[www.w3schools.com/js/tryit6242.html]
[www.w3schools.com/js/tryit3f02.html]
[www.w3schools.com/js/tryit965a.html]
[www.w3schools.com/js/tryitcd06.html]
[www.w3schools.com/js/tryitdd87.html]
[www.w3schools.com/js/tryitbee9.html]
[www.w3schools.com/js/tryita874.html]
[www.w3schools.com/js/tryit1baa.html]
[www.w3schools.com/js/tryite9a5.html]
[www.w3schools.com/js/tryit1510.html]
[www.w3schools.com/js/tryita27c.html]
[www.w3schools.com/js/tryitfc12.html]
[www.w3schools.com/js/tryitf2b3.html]
[www.w3schools.com/js/tryit8041.html]
[www.w3schools.com/js/tryit1831.html]
[www.w3schools.com/js/tryit2d9a.html]
[www.w3schools.com/js/tryitdfd2.html]
[www.w3schools.com/js/tryit5a8d.html]
[www.w3schools.com/js/tryite2e7.html]
[www.w3schools.com/js/tryit3273.html]
[www.w3schools.com/js/tryit5e0a.html]
[www.w3schools.com/js/tryit99ba.html]
[www.w3schools.com/js/tryite4e8.html]
[www.w3schools.com/js/tryit5683.html]
[www.w3schools.com/js/tryita567.html]
[www.w3schools.com/js/tryit33af.html]
[www.w3schools.com/js/tryit7b68.html]
[www.w3schools.com/js/tryitf9b8.html]
[www.w3schools.com/js/tryita3de.html]
[www.w3schools.com/js/tryit8662.html]
[www.w3schools.com/js/tryitb8e7.html]
[www.w3schools.com/js/tryit70fb.html]
[www.w3schools.com/js/tryit46b3.html]
[www.w3schools.com/js/tryitf53c.html]
[www.w3schools.com/js/tryitbc46.html]
[www.w3schools.com/js/tryita2d2.html]
[www.w3schools.com/js/tryit686e.html]
[www.w3schools.com/js/tryit6924.html]
[www.w3schools.com/js/tryit1fe2.html]
[www.w3schools.com/js/tryit4fef.html]
[www.w3schools.com/js/tryit9918.html]
[www.w3schools.com/js/tryit220a.html]
[www.w3schools.com/js/tryit5006.html]
[www.w3schools.com/js/tryitb2d6.html]
[www.w3schools.com/js/tryit5bc9.html]
[www.w3schools.com/js/tryit45a5.html]
[www.w3schools.com/js/tryitec90.html]
[www.w3schools.com/js/tryitd512.html]
[www.w3schools.com/js/tryitcad3.html]
[www.w3schools.com/js/tryit0185.html]
[www.w3schools.com/js/tryitf1b0.html]
[www.w3schools.com/js/tryitec7b.html]
[www.w3schools.com/js/tryit55c3.html]
[www.w3schools.com/js/tryit822b.html]
[www.w3schools.com/js/tryit2301.html]
[www.w3schools.com/js/tryit4804.html]
[www.w3schools.com/js/tryit6830.html]
[www.w3schools.com/js/tryit3ccf.html]
[www.w3schools.com/js/tryit64bd.html]
[www.w3schools.com/js/tryit76fd.html]
[www.w3schools.com/js/tryitd162.html]
[www.w3schools.com/js/tryita645.html]
[www.w3schools.com/js/tryitbd4f.html]
[www.w3schools.com/js/tryit175f.html]
[www.w3schools.com/js/tryit604d.html]
[www.w3schools.com/js/tryitb2d8.html]
[www.w3schools.com/js/tryitb571.html]
[www.w3schools.com/js/tryit7483.html]
[www.w3schools.com/js/tryitcd98.html]
[www.w3schools.com/js/tryit7580.html]
[www.w3schools.com/js/tryita39e.html]
[www.w3schools.com/js/tryit2739.html]
[www.w3schools.com/js/tryitd200.html]
[www.w3schools.com/js/tryit4872.html]
[www.w3schools.com/js/tryit487a.html]
[www.w3schools.com/js/tryitdefc.html]
[www.w3schools.com/js/tryitd0d9.html]
[www.w3schools.com/js/tryitad2b.html]
[www.w3schools.com/js/tryit1d3f.html]
[www.w3schools.com/js/tryitf8d1.html]
[www.w3schools.com/js/tryit8d32.html]
[www.w3schools.com/js/tryit91a8.html]
[www.w3schools.com/js/tryit5fae.html]
[www.w3schools.com/js/tryitd65f.html]
[www.w3schools.com/js/tryit97a7.html]
[www.w3schools.com/js/tryit0e79.html]
[www.w3schools.com/js/tryitd576.html]
[www.w3schools.com/js/tryit5721.html]
[www.w3schools.com/js/tryit4fbd.html]
[www.w3schools.com/js/tryitb903.html]
[www.w3schools.com/js/tryit8a59.html]
[www.w3schools.com/js/tryit75fa.html]
[www.w3schools.com/js/tryit0ff9.html]
[www.w3schools.com/js/tryit658f.html]
[www.w3schools.com/js/tryit071f.html]
[www.w3schools.com/js/tryit9fcf.html]
[www.w3schools.com/js/tryit94c3.html]
[www.w3schools.com/js/tryit0b4b.html]
[www.w3schools.com/js/tryite519.html]
[www.w3schools.com/js/tryit57df.html]
[www.w3schools.com/js/tryit8818.html]
[www.w3schools.com/js/tryit432f.html]
[www.w3schools.com/js/tryita662.html]
[www.w3schools.com/js/tryit607d.html]
[www.w3schools.com/js/tryitc9a5.html]
[www.w3schools.com/js/tryit39c8.html]
[www.w3schools.com/js/tryit268d.html]
[www.w3schools.com/js/tryite16b.html]
[www.w3schools.com/js/tryit57d0.html]
[www.w3schools.com/js/tryit5bb3.html]
[www.w3schools.com/js/tryit2f44.html]
[www.w3schools.com/js/tryiteb61.html]
[www.w3schools.com/js/tryit7539.html]
[www.w3schools.com/js/tryitef27.html]
[www.w3schools.com/js/tryitb2e1.html]
[www.w3schools.com/js/tryit02b1.html]
[www.w3schools.com/js/tryit42f6.html]
[www.w3schools.com/js/tryit359b.html]
[www.w3schools.com/js/tryit3c07.html]
[www.w3schools.com/js/tryit68c8.html]
[www.w3schools.com/js/tryitf925.html]
[www.w3schools.com/js/tryit5eb9.html]
[www.w3schools.com/js/tryit9331.html]
[www.w3schools.com/js/tryit0db0.html]
[www.w3schools.com/js/tryit02e8.html]
[www.w3schools.com/js/tryitdf69.html]
[www.w3schools.com/js/tryit2ed1.html]
[www.w3schools.com/js/tryitb343.html]
[www.w3schools.com/js/tryit5f9e.html]
[www.w3schools.com/js/tryit0ef9.html]
[www.w3schools.com/js/tryit499c.html]
[www.w3schools.com/js/tryit818a.html]
[www.w3schools.com/js/tryit1669.html]
[www.w3schools.com/js/tryitcc14.html]
[www.w3schools.com/js/tryit7ecf.html]
[www.w3schools.com/js/tryita41c.html]
[www.w3schools.com/js/tryit8872.html]
[www.w3schools.com/js/tryit7b48.html]
[www.w3schools.com/js/tryit1c5a.html]
[www.w3schools.com/js/tryit7a7f.html]
[www.w3schools.com/js/tryitdbab.html]
[www.w3schools.com/js/tryit02d5.html]
[www.w3schools.com/js/tryitf886.html]
[www.w3schools.com/js/tryita188.html]
[www.w3schools.com/js/tryit002e.html]
[www.w3schools.com/js/tryit88fb.html]
[www.w3schools.com/js/tryit53eb.html]
[www.w3schools.com/js/tryit5a63.html]
[www.w3schools.com/js/tryiteb7b.html]
[www.w3schools.com/js/tryit8fd5.html]
[www.w3schools.com/js/tryit287a.html]
[www.w3schools.com/js/tryitc395.html]
[www.w3schools.com/js/tryit1ab3.html]
[www.w3schools.com/js/tryita957.html]
[www.w3schools.com/js/tryite6f2.html]
[www.w3schools.com/js/tryitf3a3.html]
[www.w3schools.com/js/tryit7dd0.html]
[www.w3schools.com/js/tryit0e11.html]
[www.w3schools.com/js/tryita7ce.html]
[www.w3schools.com/js/tryitf16d.html]
[www.w3schools.com/js/tryit8f2d.html]
[www.w3schools.com/js/tryitf805.html]
[www.w3schools.com/js/tryit8852.html]
[www.w3schools.com/js/tryitca3c.html]
[www.w3schools.com/js/tryit9265.html]
[www.w3schools.com/js/tryitb138.html]
[www.w3schools.com/js/tryit7331.html]
[www.w3schools.com/js/tryit2470.html]
[www.w3schools.com/js/tryit247e.html]
[www.w3schools.com/js/tryit748c.html]
[www.w3schools.com/js/tryitd86f.html]
[www.w3schools.com/js/tryitd809.html]
[www.w3schools.com/js/tryit74aa.html]
[www.w3schools.com/js/tryit7329.html]
[www.w3schools.com/js/tryit7c9b.html]
[www.w3schools.com/js/tryitc635.html]
[www.w3schools.com/js/tryit5f2c.html]
[www.w3schools.com/js/tryitf46c.html]
[www.w3schools.com/js/tryitd7e8.html]
[www.w3schools.com/js/tryit30ce.html]
[www.w3schools.com/js/tryite671.html]
[www.w3schools.com/js/tryit5d95.html]
[www.w3schools.com/js/tryit1848.html]
[www.w3schools.com/js/tryit94f8.html]
[www.w3schools.com/js/tryit1a1a.html]
[www.w3schools.com/js/tryitf61a.html]
[www.w3schools.com/js/tryit4fb8.html]
[www.w3schools.com/js/tryit1035.html]
[www.w3schools.com/js/tryit9521.html]
[www.w3schools.com/js/tryit29f9.html]
[www.w3schools.com/js/tryitbb38.html]
[www.w3schools.com/js/tryit7834.html]
[www.w3schools.com/js/tryit4cba.html]
[www.w3schools.com/js/tryitf27a.html]
[www.w3schools.com/js/tryit2cfa.html]
[www.w3schools.com/js/tryit9bae.html]
[www.w3schools.com/js/tryit3d23.html]
[www.w3schools.com/js/tryit3046.html]
[www.w3schools.com/js/tryit53f2.html]
[www.w3schools.com/js/tryit14ae.html]
[www.w3schools.com/js/tryit5f46.html]
[www.w3schools.com/js/tryit3693.html]
[www.w3schools.com/js/tryit4591.html]
[www.w3schools.com/js/tryitf1f8.html]
[www.w3schools.com/js/tryita22b.html]
[www.w3schools.com/js/tryit56ab.html]
[www.w3schools.com/js/tryit02f8.html]
[www.w3schools.com/js/tryitdc4d.html]
[www.w3schools.com/js/tryit380c.html]
[www.w3schools.com/js/tryitad09.html]
[www.w3schools.com/js/tryitbf0c.html]
[www.w3schools.com/js/tryitef62.html]
[www.w3schools.com/js/tryit9fc6.html]
[www.w3schools.com/js/tryit83e4.html]
[www.w3schools.com/js/tryit8026.html]
[www.w3schools.com/js/tryit6036.html]
[www.w3schools.com/js/tryit1f54.html]
[www.w3schools.com/js/tryit5013.html]
[www.w3schools.com/js/tryit5913.html]
[www.w3schools.com/js/tryit8dce.html]
[www.w3schools.com/js/tryit7371.html]
[www.w3schools.com/js/tryit6a5a.html]
[www.w3schools.com/js/tryitd5a5.html]
[www.w3schools.com/js/tryit78a8.html]
[www.w3schools.com/js/tryit059f.html]
[www.w3schools.com/js/tryiteed5.html]
[www.w3schools.com/js/tryit48c7.html]
[www.w3schools.com/js/tryitc368.html]
[www.w3schools.com/js/tryit1f2a.html]
[www.w3schools.com/js/tryitd530.html]
[www.w3schools.com/js/tryite395.html]
[www.w3schools.com/js/tryit8bf0.html]
[www.w3schools.com/js/tryit71b0.html]
[www.w3schools.com/js/tryite4e7.html]
[www.w3schools.com/js/tryit3f93.html]
[www.w3schools.com/js/tryitdec1.html]
[www.w3schools.com/js/tryit5828.html]
[www.w3schools.com/js/tryita61f.html]
[www.w3schools.com/js/tryit1f9a.html]
[www.w3schools.com/js/tryit8839.html]
[www.w3schools.com/js/tryit7d26.html]
[www.w3schools.com/js/js_examples.html]
[www.w3schools.com/js/tryitf38f.html]
[www.w3schools.com/js/tryita2ba.html]
[www.w3schools.com/js/tryitdd6e.html]
[www.w3schools.com/js/tryit60a8.html]
[www.w3schools.com/js/tryit9662.html]
[www.w3schools.com/js/tryitf4d0.html]
[www.w3schools.com/js/tryitcf1a.html]
[www.w3schools.com/js/tryit5568.html]
[www.w3schools.com/js/tryit175b.html]
[www.w3schools.com/js/tryit93ed.html]
[www.w3schools.com/js/tryite29a.html]
[www.w3schools.com/js/tryit264f.html]
[www.w3schools.com/js/tryitf60f.html]
[www.w3schools.com/js/tryita5d7.html]
[www.w3schools.com/js/tryit3716.html]
[www.w3schools.com/js/tryitc63a.html]
[www.w3schools.com/js/tryitda96.html]
[www.w3schools.com/js/tryite189.html]
[www.w3schools.com/js/tryit99e6.html]
[www.w3schools.com/js/js_dom_examples.html]
[www.w3schools.com/js/tryitddd7.html]
[www.w3schools.com/js/tryitab22.html]
[www.w3schools.com/js/tryit6177.html]
[www.w3schools.com/js/tryit790b.html]
[www.w3schools.com/js/tryitea17.html]
[www.w3schools.com/js/tryit51b2.html]
[www.w3schools.com/js/tryit5fff.html]
[www.w3schools.com/js/tryitb82b.html]
[www.w3schools.com/js/cd_catalog.xml]
[www.w3schools.com/js/tryitc7f6.html]
[www.w3schools.com/js/tryit0ab5.html]
[www.w3schools.com/js/tryit1bfd.html]
[www.w3schools.com/js/tryit08b5.html]
[www.w3schools.com/js/tryitbee4.html]
[www.w3schools.com/js/js_ajax_examples.html]
[www.w3schools.com/js/pic_bulbon.gif]
[www.w3schools.com/js/pic_bulboff.gif]
[www.w3schools.com/js/js_intro.html]
[www.w3schools.com/js/js_whereto.html]
[www.w3schools.com/js/tryit6ffb.html]
[www.w3schools.com/js/tryit7512.html]
[www.w3schools.com/js/js_output.html]
[www.w3schools.com/js/tryite2be.html]
[www.w3schools.com/js/js_syntax.html]
[www.w3schools.com/js/js_statements.html]
[www.w3schools.com/js/js_comments.html]
[www.w3schools.com/js/pic_camelcase.jpg]
[www.w3schools.com/js/tryitfe6a.html]
[www.w3schools.com/js/exercise4829.html]
[www.w3schools.com/js/exercisebf42.html]
[www.w3schools.com/js/exercise96a8.html]
[www.w3schools.com/js/exercise48a7.html]
[www.w3schools.com/js/exercise0685.html]
[www.w3schools.com/js/exercise341e.html]
[www.w3schools.com/js/js_variables.html]
[www.w3schools.com/js/tryita0e9.html]
[www.w3schools.com/js/js_operators.html]
[www.w3schools.com/js/tryit826e.html]
[www.w3schools.com/js/tryitc932.html]
[www.w3schools.com/js/tryit875e.html]
[www.w3schools.com/js/tryit8f2a.html]
[www.w3schools.com/js/tryit399f.html]
[www.w3schools.com/js/tryit02fc.html]
[www.w3schools.com/js/tryit66fe.html]
[www.w3schools.com/js/tryit1d4f.html]
[www.w3schools.com/js/tryit24cf.html]
[www.w3schools.com/js/exercise4596.html]
[www.w3schools.com/js/exercise866c.html]
[www.w3schools.com/js/exercisea1db.html]
[www.w3schools.com/js/exercisecff1.html]
[www.w3schools.com/js/exercise4994.html]
[www.w3schools.com/js/js_arithmetic.html]
[www.w3schools.com/js/tryiteb9c.html]
[www.w3schools.com/js/tryit822d.html]
[www.w3schools.com/js/tryit75f6.html]
[www.w3schools.com/js/tryitc9e6.html]
[www.w3schools.com/js/tryit9beb.html]
[www.w3schools.com/js/tryite5f5.html]
[www.w3schools.com/js/exercise538f.html]
[www.w3schools.com/js/exercise810d.html]
[www.w3schools.com/js/exercisefc0a.html]
[www.w3schools.com/js/exercise488d.html]
[www.w3schools.com/js/exercise678f.html]
[www.w3schools.com/js/js_assignment.html]
[www.w3schools.com/js/tryit21eb.html]
[www.w3schools.com/js/tryit409b.html]
[www.w3schools.com/js/tryit2b45.html]
[www.w3schools.com/js/tryit2bc6.html]
[www.w3schools.com/js/tryit1bd2.html]
[www.w3schools.com/js/tryit5aa8.html]
[www.w3schools.com/js/tryit4941.html]
[www.w3schools.com/js/tryitb742.html]
[www.w3schools.com/js/tryitc5c2.html]
[www.w3schools.com/js/js_datatypes.html]
[www.w3schools.com/js/tryitf525.html]
[www.w3schools.com/js/tryitde8f.html]
[www.w3schools.com/js/tryitad98.html]
[www.w3schools.com/js/exercise75c3.html]
[www.w3schools.com/js/exercise2f71.html]
[www.w3schools.com/js/exercisef48c.html]
[www.w3schools.com/js/exercise70bd.html]
[www.w3schools.com/js/exercise4be6.html]
[www.w3schools.com/js/js_functions.html]
[www.w3schools.com/js/objectExplained.gif]
[www.w3schools.com/js/exercisea4e7.html]
[www.w3schools.com/js/exercise4caf.html]
[www.w3schools.com/js/exercise6231.html]
[www.w3schools.com/js/js_objects.html]
[www.w3schools.com/js/tryitc354.html]
[www.w3schools.com/js/tryit2bb1.html]
[www.w3schools.com/js/tryit3105.html]
[www.w3schools.com/js/js_scope.html]
[www.w3schools.com/js/tryit3956.html]
[www.w3schools.com/js/exercise75ae.html]
[www.w3schools.com/js/exercise4acd.html]
[www.w3schools.com/js/js_events.html]
[www.w3schools.com/js/exerciseb048.html]
[www.w3schools.com/js/tryite97a.html]
[www.w3schools.com/js/tryit1a88.html]
[www.w3schools.com/js/tryit4234.html]
[www.w3schools.com/js/tryita914.html]
[www.w3schools.com/js/tryit7a9a.html]
[www.w3schools.com/js/tryit5f74.html]
[www.w3schools.com/js/tryitd5dc.html]
[www.w3schools.com/js/exerciseb1ec.html]
[www.w3schools.com/js/exercise1a14.html]
[www.w3schools.com/js/exercise4800.html]
[www.w3schools.com/js/exerciseae1a.html]
[www.w3schools.com/js/js_strings.html]
[www.w3schools.com/js/tryit2026.html]
[www.w3schools.com/js/tryitac09.html]
[www.w3schools.com/js/tryit5297.html]
[www.w3schools.com/js/tryit48c1.html]
[www.w3schools.com/js/tryita15e.html]
[www.w3schools.com/js/tryit88e7.html]
[www.w3schools.com/js/tryit2ede.html]
[www.w3schools.com/js/tryit0186.html]
[www.w3schools.com/js/tryitc040.html]
[www.w3schools.com/js/tryitf4eb.html]
[www.w3schools.com/js/tryitb084.html]
[www.w3schools.com/js/tryit41fc.html]
[www.w3schools.com/js/tryit56fd.html]
[www.w3schools.com/js/exercise4be6-2.html]
[www.w3schools.com/js/exerciseb192.html]
[www.w3schools.com/js/exercise4aba.html]
[www.w3schools.com/js/exercise8903.html]
[www.w3schools.com/js/exerciseb421.html]
[www.w3schools.com/js/js_string_methods.html]
[www.w3schools.com/js/exercise9bba.html]
[www.w3schools.com/js/tryitf0c2.html]
[www.w3schools.com/js/tryit3974.html]
[www.w3schools.com/js/tryitd38e.html]
[www.w3schools.com/js/tryite8e2.html]
[www.w3schools.com/js/tryita080.html]
[www.w3schools.com/js/tryit3205.html]
[www.w3schools.com/js/tryit298f.html]
[www.w3schools.com/js/tryita09d.html]
[www.w3schools.com/js/tryitee03.html]
[www.w3schools.com/js/tryitc13b.html]
[www.w3schools.com/js/tryit00d8.html]
[www.w3schools.com/js/exercisec5e4.html]
[www.w3schools.com/js/exercisee68c.html]
[www.w3schools.com/js/exercisef3b4.html]
[www.w3schools.com/js/js_numbers.html]
[www.w3schools.com/js/exercise2c81.html]
[www.w3schools.com/js/tryit2e8a.html]
[www.w3schools.com/js/tryit2e76.html]
[www.w3schools.com/js/tryit4c6b.html]
[www.w3schools.com/js/tryitc623.html]
[www.w3schools.com/js/tryit6c84.html]
[www.w3schools.com/js/tryitd0dc.html]
[www.w3schools.com/js/tryitfa05.html]
[www.w3schools.com/js/tryit00fd.html]
[www.w3schools.com/js/js_number_methods.html]
[www.w3schools.com/js/tryit75c1.html]
[www.w3schools.com/js/tryita9a2.html]
[www.w3schools.com/js/tryitdc82.html]
[www.w3schools.com/js/exerciseb9aa.html]
[www.w3schools.com/js/exercise4c03.html]
[www.w3schools.com/js/exercisec60b.html]
[www.w3schools.com/js/exercise71e5.html]
[www.w3schools.com/js/js_math.html]
[www.w3schools.com/js/js_random.html]
[www.w3schools.com/js/tryit0b9c.html]
[www.w3schools.com/js/tryit484e.html]
[www.w3schools.com/js/tryit51f1.html]
[www.w3schools.com/js/tryit41d4.html]
[www.w3schools.com/js/tryit335e.html]
[www.w3schools.com/js/tryitecc8.html]
[www.w3schools.com/js/tryit573c.html]
[www.w3schools.com/js/exercisee779.html]
[www.w3schools.com/js/exercisea2b0.html]
[www.w3schools.com/js/exercise2599.html]
[www.w3schools.com/js/js_dates.html]
[www.w3schools.com/js/tryitce06.html]
[www.w3schools.com/js/tryit5069.html]
[www.w3schools.com/js/tryita65b.html]
[www.w3schools.com/js/tryit79c1.html]
[www.w3schools.com/js/tryit822e.html]
[www.w3schools.com/js/tryitf807.html]
[www.w3schools.com/js/tryitc4b4.html]
[www.w3schools.com/js/tryit0b36.html]
[www.w3schools.com/js/tryit89c7.html]
[www.w3schools.com/js/tryit49de.html]
[www.w3schools.com/js/tryitf200.html]
[www.w3schools.com/js/tryitcdf4.html]
[www.w3schools.com/js/js_date_formats.html]
[www.w3schools.com/js/tryit3ee7.html]
[www.w3schools.com/js/tryitf398.html]
[www.w3schools.com/js/tryit0cb1.html]
[www.w3schools.com/js/tryitbbe0.html]
[www.w3schools.com/js/tryitb7f3.html]
[www.w3schools.com/js/js_date_methods.html]
[www.w3schools.com/js/tryite297.html]
[www.w3schools.com/js/tryit919b.html]
[www.w3schools.com/js/tryit15bb.html]
[www.w3schools.com/js/tryit0a0f.html]
[www.w3schools.com/js/tryit14cd.html]
[www.w3schools.com/js/tryit710a.html]
[www.w3schools.com/js/tryit69b0.html]
[www.w3schools.com/js/tryitc71d.html]
[www.w3schools.com/js/tryitf763.html]
[www.w3schools.com/js/tryit10ae.html]
[www.w3schools.com/js/tryit0b06.html]
[www.w3schools.com/js/tryit0a05.html]
[www.w3schools.com/js/tryit134c.html]
[www.w3schools.com/js/tryitb623.html]
[www.w3schools.com/js/tryitedd6.html]
[www.w3schools.com/js/tryit070f.html]
[www.w3schools.com/js/tryit3023.html]
[www.w3schools.com/js/tryit7797.html]
[www.w3schools.com/js/tryit6577.html]
[www.w3schools.com/js/exercise996a.html]
[www.w3schools.com/js/exercise2171.html]
[www.w3schools.com/js/exercisee7ec.html]
[www.w3schools.com/js/exercise9d27.html]
[www.w3schools.com/js/js_arrays.html]
[www.w3schools.com/js/exercise3558.html]
[www.w3schools.com/js/tryit1799.html]
[www.w3schools.com/js/tryit5080.html]
[www.w3schools.com/js/tryit86e1.html]
[www.w3schools.com/js/tryite0b7.html]
[www.w3schools.com/js/tryit418e.html]
[www.w3schools.com/js/tryit5612.html]
[www.w3schools.com/js/tryitd2ca.html]
[www.w3schools.com/js/tryita378.html]
[www.w3schools.com/js/tryitbf5c.html]
[www.w3schools.com/js/tryitbf07.html]
[www.w3schools.com/js/tryit6dbb.html]
[www.w3schools.com/js/tryit120d.html]
[www.w3schools.com/js/exerciseac8b.html]
[www.w3schools.com/js/exerciseaf90.html]
[www.w3schools.com/js/exercise8fad.html]
[www.w3schools.com/js/exercisee50f.html]
[www.w3schools.com/js/js_array_methods.html]
[www.w3schools.com/js/tryite6c8.html]
[www.w3schools.com/js/tryite347.html]
[www.w3schools.com/js/exercisefeee.html]
[www.w3schools.com/js/js_array_sort.html]
[www.w3schools.com/js/tryit5be7.html]
[www.w3schools.com/js/tryitb020.html]
[www.w3schools.com/js/tryit380c-2.html]
[www.w3schools.com/js/js_booleans.html]
[www.w3schools.com/js/tryit81cc.html]
[www.w3schools.com/js/tryit5712.html]
[www.w3schools.com/js/tryit5809.html]
[www.w3schools.com/js/tryit70ff.html]
[www.w3schools.com/js/tryit2e5f.html]
[www.w3schools.com/js/tryit2171.html]
[www.w3schools.com/js/tryit70e7.html]
[www.w3schools.com/js/tryit5319.html]
[www.w3schools.com/js/tryit672a.html]
[www.w3schools.com/js/tryit73ab.html]
[www.w3schools.com/js/tryit2c72.html]
[www.w3schools.com/js/tryit6f1a.html]
[www.w3schools.com/js/tryit0b49.html]
[www.w3schools.com/js/tryit94c8.html]
[www.w3schools.com/js/tryit93cb.html]
[www.w3schools.com/js/tryitfcaa.html]
[www.w3schools.com/js/exercise77a1.html]
[www.w3schools.com/js/exercisec0ee.html]
[www.w3schools.com/js/exercise4b3a.html]
[www.w3schools.com/js/exercisee47a.html]
[www.w3schools.com/js/exercise50d0.html]
[www.w3schools.com/js/exerciseb2c4.html]
[www.w3schools.com/js/js_comparisons.html]
[www.w3schools.com/js/exercisee036.html]
[www.w3schools.com/js/exercisef71c.html]
[www.w3schools.com/js/exercisedd45.html]
[www.w3schools.com/js/exercise4225.html]
[www.w3schools.com/js/exercisef723.html]
[www.w3schools.com/js/exercisecbf6.html]
[www.w3schools.com/js/js_if_else.html]
[www.w3schools.com/js/tryite4f3.html]
[www.w3schools.com/js/tryit499a.html]
[www.w3schools.com/js/tryitb3e1.html]
[www.w3schools.com/js/exercise334c.html]
[www.w3schools.com/js/exercise69a8.html]
[www.w3schools.com/js/exercise0564.html]
[www.w3schools.com/js/exercise47b4.html]
[www.w3schools.com/js/js_switch.html]
[www.w3schools.com/js/tryit73fa.html]
[www.w3schools.com/js/tryitb3fd.html]
[www.w3schools.com/js/tryit0b03.html]
[www.w3schools.com/js/tryit2693.html]
[www.w3schools.com/js/tryitf23c.html]
[www.w3schools.com/js/exercise17a3.html]
[www.w3schools.com/js/exercise2607.html]
[www.w3schools.com/js/exercise0dda.html]
[www.w3schools.com/js/exercise36b9.html]
[www.w3schools.com/js/exercisec72a.html]
[www.w3schools.com/js/exercisea9b5.html]
[www.w3schools.com/js/js_loop_for.html]
[www.w3schools.com/js/tryit4e5a.html]
[www.w3schools.com/js/tryitdd08.html]
[www.w3schools.com/js/exerciseaaac.html]
[www.w3schools.com/js/exerciseff18.html]
[www.w3schools.com/js/exercise4511.html]
[www.w3schools.com/js/exercise2c7c.html]
[www.w3schools.com/js/exerciseb9fa.html]
[www.w3schools.com/js/js_loop_while.html]
[www.w3schools.com/js/tryitdfbe.html]
[www.w3schools.com/js/exercise7a00.html]
[www.w3schools.com/js/exercise501b.html]
[www.w3schools.com/js/exerciseb56e.html]
[www.w3schools.com/js/exerciseda06.html]
[www.w3schools.com/js/js_break.html]
[www.w3schools.com/js/exercise0251.html]
[www.w3schools.com/js/tryit69e7.html]
[www.w3schools.com/js/tryit08ed.html]
[www.w3schools.com/js/tryit9207.html]
[www.w3schools.com/js/tryit6547.html]
[www.w3schools.com/js/tryit5a42.html]
[www.w3schools.com/js/tryit282d.html]
[www.w3schools.com/js/tryitec77.html]
[www.w3schools.com/js/tryit9b15.html]
[www.w3schools.com/js/tryit713e.html]
[www.w3schools.com/js/tryit154e.html]
[www.w3schools.com/js/tryitda6e.html]
[www.w3schools.com/js/tryit382d.html]
[www.w3schools.com/js/tryit3acb.html]
[www.w3schools.com/js/tryitb24a.html]
[www.w3schools.com/js/tryitff7d.html]
[www.w3schools.com/js/tryit4985.html]
[www.w3schools.com/js/tryit62eb.html]
[www.w3schools.com/js/tryit9ac4.html]
[www.w3schools.com/js/tryit5f91.html]
[www.w3schools.com/js/tryite1a5.html]
[www.w3schools.com/js/tryit152d.html]
[www.w3schools.com/js/tryit03f1.html]
[www.w3schools.com/js/tryitcc75.html]
[www.w3schools.com/js/tryitfdaa.html]
[www.w3schools.com/js/tryita39b.html]
[www.w3schools.com/js/tryit921a.html]
[www.w3schools.com/js/js_type_conversion.html]
[www.w3schools.com/js/tryit2a36.html]
[www.w3schools.com/js/tryita957-2.html]
[www.w3schools.com/js/tryit08c0.html]
[www.w3schools.com/js/tryit2c7d.html]
[www.w3schools.com/js/tryit7e0f.html]
[www.w3schools.com/js/tryit9bd0.html]
[www.w3schools.com/js/tryit610f.html]
[www.w3schools.com/js/tryit8730.html]
[www.w3schools.com/js/tryitf010.html]
[www.w3schools.com/js/js_bitwise.html]
[www.w3schools.com/js/tryitfd7f.html]
[www.w3schools.com/js/tryita463.html]
[www.w3schools.com/js/tryit8638.html]
[www.w3schools.com/js/js_regexp.html]
[www.w3schools.com/js/tryite684.html]
[www.w3schools.com/js/tryit33a2.html]
[www.w3schools.com/js/tryitec31.html]
[www.w3schools.com/js/tryitd41f.html]
[www.w3schools.com/js/tryit664f.html]
[www.w3schools.com/js/tryit6fcf.html]
[www.w3schools.com/js/tryit721d.html]
[www.w3schools.com/js/js_errors.html]
[www.w3schools.com/js/tryit58a3.html]
[www.w3schools.com/js/tryit7f42.html]
[www.w3schools.com/js/tryitb672.html]
[www.w3schools.com/js/js_debugging.html]
[www.w3schools.com/js/tryite160.html]
[www.w3schools.com/js/tryit5c73.html]
[www.w3schools.com/js/tryit86ab.html]
[www.w3schools.com/js/tryit4af3.html]
[www.w3schools.com/js/js_hoisting.html]
[www.w3schools.com/js/tryit8294.html]
[www.w3schools.com/js/tryit81c7.html]
[www.w3schools.com/js/tryit1561.html]
[www.w3schools.com/js/tryit1703.html]
[www.w3schools.com/js/tryitbc95.html]
[www.w3schools.com/js/tryitf88f.html]
[www.w3schools.com/js/tryitdfee.html]
[www.w3schools.com/js/tryit5229.html]
[www.w3schools.com/js/tryit86d9.html]
[www.w3schools.com/js/tryit2ee2.html]
[www.w3schools.com/js/tryitd956.html]
[www.w3schools.com/js/tryit7276.html]
[www.w3schools.com/js/tryit9977.html]
[www.w3schools.com/js/tryit2143.html]
[www.w3schools.com/js/tryit7cf6.html]
[www.w3schools.com/js/tryita874-2.html]
[www.w3schools.com/js/tryitb038.html]
[www.w3schools.com/js/js_strict.html]
[www.w3schools.com/js/tryite293.html]
[www.w3schools.com/js/js_conventions.html]
[www.w3schools.com/js/tryit93f6.html]
[www.w3schools.com/js/tryit9b09.html]
[www.w3schools.com/js/tryit270e.html]
[www.w3schools.com/js/tryit24be.html]
[www.w3schools.com/js/tryita883.html]
[www.w3schools.com/js/tryitf018.html]
[www.w3schools.com/js/tryit748f.html]
[www.w3schools.com/js/tryitb912.html]
[www.w3schools.com/js/tryit05b4.html]
[www.w3schools.com/js/js_best_practices.html]
[www.w3schools.com/js/tryit5830.html]
[www.w3schools.com/js/tryitd553.html]
[www.w3schools.com/js/tryit88eb.html]
[www.w3schools.com/js/tryit0f02.html]
[www.w3schools.com/js/tryit56c5.html]
[www.w3schools.com/js/tryitbad1.html]
[www.w3schools.com/js/tryit272c.html]
[www.w3schools.com/js/tryit1551.html]
[www.w3schools.com/js/tryit13d7.html]
[www.w3schools.com/js/tryitc6d6.html]
[www.w3schools.com/js/tryit3346.html]
[www.w3schools.com/js/tryit8e4b.html]
[www.w3schools.com/js/tryitc59f.html]
[www.w3schools.com/js/tryit9075.html]
[www.w3schools.com/js/tryit9e70.html]
[www.w3schools.com/js/tryit6994.html]
[www.w3schools.com/js/tryit6214.html]
[www.w3schools.com/js/tryit66ab.html]
[www.w3schools.com/js/tryitd8f7.html]
[www.w3schools.com/js/tryit4e35.html]
[www.w3schools.com/js/tryitcf15.html]
[www.w3schools.com/js/js_mistakes.html]
[www.w3schools.com/js/tryit1a62.html]
[www.w3schools.com/js/js_performance.html]
[www.w3schools.com/js/js_reserved.html]
[www.w3schools.com/js/js_versions.html]
[www.w3schools.com/js/tryit9f7f.html]
[www.w3schools.com/js/js_json.html]
[www.w3schools.com/js/tryitb3bf.html]
[www.w3schools.com/js/tryit945a.html]
[www.w3schools.com/js/tryit0ff8.html]
[www.w3schools.com/js/js_validation.html]
[www.w3schools.com/js/tryit775f.html]
[www.w3schools.com/js/tryitd481.html]
[www.w3schools.com/js/tryite6af.html]
[www.w3schools.com/js/js_validation_api.html]
[www.w3schools.com/js/js_object_definition.html]
[www.w3schools.com/js/js_properties.html]
[www.w3schools.com/js/tryit7bfa.html]
[www.w3schools.com/js/tryit343b.html]
[www.w3schools.com/js/tryit1f4e.html]
[www.w3schools.com/js/js_object_methods.html]
[www.w3schools.com/js/tryit0b7d.html]
[www.w3schools.com/js/tryit58c8.html]
[www.w3schools.com/js/tryitaf41.html]
[www.w3schools.com/js/tryitda42.html]
[www.w3schools.com/js/tryit7922.html]
[www.w3schools.com/js/tryitfaa5.html]
[www.w3schools.com/js/tryitd1cf.html]
[www.w3schools.com/js/tryit4565.html]
[www.w3schools.com/js/tryitef12.html]
[www.w3schools.com/js/js_object_prototypes.html]
[www.w3schools.com/js/tryitfbf8.html]
[www.w3schools.com/js/tryit0b8a.html]
[www.w3schools.com/js/tryit53ce.html]
[www.w3schools.com/js/tryitf799.html]
[www.w3schools.com/js/tryit0001.html]
[www.w3schools.com/js/tryit0092.html]
[www.w3schools.com/js/tryit746f.html]
[www.w3schools.com/js/tryit84a8.html]
[www.w3schools.com/js/js_function_definition.html]
[www.w3schools.com/js/tryiteced.html]
[www.w3schools.com/js/tryit7e0b.html]
[www.w3schools.com/js/tryit826d.html]
[www.w3schools.com/js/js_function_parameters.html]
[www.w3schools.com/js/tryita442.html]
[www.w3schools.com/js/tryit1d3b.html]
[www.w3schools.com/js/tryit0aaa.html]
[www.w3schools.com/js/tryit45bb.html]
[www.w3schools.com/js/tryit9add.html]
[www.w3schools.com/js/tryit8b8d.html]
[www.w3schools.com/js/tryitf29d.html]
[www.w3schools.com/js/tryit24e9.html]
[www.w3schools.com/js/js_function_invocation.html]
[www.w3schools.com/js/tryitdc3b.html]
[www.w3schools.com/js/tryita465.html]
[www.w3schools.com/js/tryitfa27.html]
[www.w3schools.com/js/tryit76a9.html]
[www.w3schools.com/js/tryit7c8e.html]
[www.w3schools.com/js/tryit8503.html]
[www.w3schools.com/js/js_function_closures.html]
[www.w3schools.com/js/pic_htmltree.gif]
[www.w3schools.com/js/js_htmldom.html]
[www.w3schools.com/js/tryitb232.html]
[www.w3schools.com/js/tryit265d.html]
[www.w3schools.com/js/js_htmldom_methods.html]
[www.w3schools.com/js/js_htmldom_document.html]
[www.w3schools.com/js/tryitcb9b.html]
[www.w3schools.com/js/tryit7846.html]
[www.w3schools.com/js/tryitded2.html]
[www.w3schools.com/js/tryit264b.html]
[www.w3schools.com/js/tryit7d0e.html]
[www.w3schools.com/js/tryitcc43.html]
[www.w3schools.com/js/tryit2d2d.html]
[www.w3schools.com/js/tryit1f8a.html]
[www.w3schools.com/js/tryit1c62.html]
[www.w3schools.com/js/tryit8544.html]
[www.w3schools.com/js/exercise5665.html]
[www.w3schools.com/js/tryit3af5.html]
[www.w3schools.com/js/exercise1e48.html]
[www.w3schools.com/js/exercise1b63.html]
[www.w3schools.com/js/exercisee6c8.html]
[www.w3schools.com/js/exercise4aca.html]
[www.w3schools.com/js/js_htmldom_elements.html]
[www.w3schools.com/js/tryitff62.html]
[www.w3schools.com/js/tryitd43d.html]
[www.w3schools.com/js/tryit146b.html]
[www.w3schools.com/js/tryitc229.html]
[www.w3schools.com/js/exercisee13c.html]
[www.w3schools.com/js/exercise05e2.html]
[www.w3schools.com/js/exercise6edf.html]
[www.w3schools.com/js/exercise2411.html]
[www.w3schools.com/js/exercise747c.html]
[www.w3schools.com/js/js_htmldom_html.html]
[www.w3schools.com/js/tryit305d.html]
[www.w3schools.com/js/tryit745b.html]
[www.w3schools.com/js/tryit1193.html]
[www.w3schools.com/js/exercise7ed8.html]
[www.w3schools.com/js/exercisee4ed.html]
[www.w3schools.com/js/exercise9377.html]
[www.w3schools.com/js/exercise9233.html]
[www.w3schools.com/js/exercise9dee.html]
[www.w3schools.com/js/js_htmldom_css.html]
[www.w3schools.com/js/tryit3bc1.html]
[www.w3schools.com/js/tryite555.html]
[www.w3schools.com/js/js_htmldom_animate.html]
[www.w3schools.com/js/tryit2a26.html]
[www.w3schools.com/js/tryit28e3.html]
[www.w3schools.com/js/tryit45d6.html]
[www.w3schools.com/js/tryit86dc.html]
[www.w3schools.com/js/tryit0a07.html]
[www.w3schools.com/js/tryita38c.html]
[www.w3schools.com/js/tryiteaed.html]
[www.w3schools.com/js/tryit3844.html]
[www.w3schools.com/js/tryit8199.html]
[www.w3schools.com/js/tryit54cd.html]
[www.w3schools.com/js/tryit4d36.html]
[www.w3schools.com/js/tryitdc84.html]
[www.w3schools.com/js/exercisef725.html]
[www.w3schools.com/js/exerciseec13.html]
[www.w3schools.com/js/exercise51c3.html]
[www.w3schools.com/js/js_htmldom_events.html]
[www.w3schools.com/browserref.css]
[www.w3schools.com/js/tryit828e.html]
[www.w3schools.com/js/tryit59a6.html]
[www.w3schools.com/js/tryitf08e.html]
[www.w3schools.com/js/tryit5a9f.html]
[www.w3schools.com/js/tryit077d.html]
[www.w3schools.com/js/tryit5799.html]
[www.w3schools.com/js/tryit91d6.html]
[www.w3schools.com/js/tryit96e4.html]
[www.w3schools.com/js/tryit1586.html]
[www.w3schools.com/js/js_htmldom_eventlistener.html]
[www.w3schools.com/js/tryit9227.html]
[www.w3schools.com/js/pic_navigate.gif]
[www.w3schools.com/js/tryitf170.html]
[www.w3schools.com/js/tryit36cf.html]
[www.w3schools.com/js/tryit604d-2.html]
[www.w3schools.com/js/tryit624b.html]
[www.w3schools.com/js/tryitb94f.html]
[www.w3schools.com/js/tryit5b17.html]
[www.w3schools.com/js/js_htmldom_navigation.html]
[www.w3schools.com/js/tryit6f81.html]
[www.w3schools.com/js/tryita7a4.html]
[www.w3schools.com/js/tryit7e7b.html]
[www.w3schools.com/js/tryit80ca.html]
[www.w3schools.com/js/js_htmldom_nodes.html]
[www.w3schools.com/js/tryitd4cc.html]
[www.w3schools.com/js/tryit27d8.html]
[www.w3schools.com/js/tryit2041.html]
[www.w3schools.com/js/js_htmldom_nodelist.html]
[www.w3schools.com/js/tryitf356.html]
[www.w3schools.com/js/js_window.html]
[www.w3schools.com/js/tryite7a8.html]
[www.w3schools.com/js/tryit91f9.html]
[www.w3schools.com/js/tryit17eb.html]
[www.w3schools.com/js/tryit7aae.html]
[www.w3schools.com/js/tryitb1e7.html]
[www.w3schools.com/js/js_window_screen.html]
[www.w3schools.com/js/tryit283e.html]
[www.w3schools.com/js/tryit9dae.html]
[www.w3schools.com/js/tryitcc25.html]
[www.w3schools.com/js/tryit8d80.html]
[www.w3schools.com/js/tryit3176.html]
[www.w3schools.com/js/tryitca8d.html]
[www.w3schools.com/js/js_window_location.html]
[www.w3schools.com/js/js_window_history.html]
[www.w3schools.com/js/tryit645c.html]
[www.w3schools.com/js/tryit9134.html]
[www.w3schools.com/js/tryit8d22.html]
[www.w3schools.com/js/tryit10c3.html]
[www.w3schools.com/js/tryit272b.html]
[www.w3schools.com/js/tryit8367.html]
[www.w3schools.com/js/tryit80cf.html]
[www.w3schools.com/js/tryit8659.html]
[www.w3schools.com/js/tryit404b.html]
[www.w3schools.com/js/tryit5dbd.html]
[www.w3schools.com/js/js_window_navigator.html]
[www.w3schools.com/js/tryita297.html]
[www.w3schools.com/js/tryit5cb6.html]
[www.w3schools.com/js/tryitcbcf.html]
[www.w3schools.com/js/tryit5041.html]
[www.w3schools.com/js/js_popup.html]
[www.w3schools.com/js/tryit8a12.html]
[www.w3schools.com/js/tryit9227-2.html]
[www.w3schools.com/js/tryitee97.html]
[www.w3schools.com/js/tryitc0ce.html]
[www.w3schools.com/js/tryit693c.html]
[www.w3schools.com/js/js_timing.html]
[www.w3schools.com/js/tryit9cc4.html]
[www.w3schools.com/js/js_cookies.html]
[www.w3schools.com/js/tryitdbbd.html]
[www.w3schools.com/js/tryit6879.html]
[www.w3schools.com/js/js_ajax_http.html]
[www.w3schools.com/js/tryita92d.html]
[www.w3schools.com/js/tryita336.html]
[www.w3schools.com/js/tryit3e7e.html]
[www.w3schools.com/js/tryit180b.html]
[www.w3schools.com/js/tryit6b58.html]
[www.w3schools.com/js/tryit5541.html]
[www.w3schools.com/js/js_ajax_http_send.html]
[www.w3schools.com/js/tryitd04b.html]
[www.w3schools.com/js/js_ajax_http_response.html]
[www.w3schools.com/js/js_ajax_xmlfile.html]
[www.w3schools.com/js/tryitd6d3.html]
[www.w3schools.com/js/gethint03d2.html]
[www.w3schools.com/js/js_ajax_php.html]
[www.w3schools.com/js/gethint03d2-2.html]
[www.w3schools.com/js/js_ajax_asp.html]
[www.w3schools.com/js/getcustomer03d2.html]
[www.w3schools.com/js/js_ajax_database.html]
[www.w3schools.com/js/js_ajax_applications.html]
[www.w3schools.com/js/tryit00dd.html]
[www.w3schools.com/js/tryit5fef.html]
[www.w3schools.com/js/tryite999.html]
[www.w3schools.com/js/js_json_syntax.html]
[www.w3schools.com/js/js_json_xml.html]
[www.w3schools.com/js/tryit1346.html]
[www.w3schools.com/js/js_json_datatypes.html]
[www.w3schools.com/js/js_json_objects.html]
[www.w3schools.com/js/js_json_arrays.html]
[www.w3schools.com/js/json_demo.txt]
[www.w3schools.com/js/json_demo_array.txt]
[www.w3schools.com/js/js_json_parse.html]
[www.w3schools.com/js/js_json_stringify.html]
[www.w3schools.com/js/showphpfef7.html]
[www.w3schools.com/js/showphp26b9.html]
[www.w3schools.com/js/js_json_php.html]
[www.w3schools.com/js/POST.3b7.delayed]
[www.w3schools.com/js/json_demo_db_post.json]
[www.w3schools.com/js/js_json_html.html]
[www.w3schools.com/js/showphp284b.html]
[www.w3schools.com/js/js_json_jsonp.html]
[www.w3schools.com/js/tryit458b.html]
[www.w3schools.com/js/tryit95f2.html]
[www.w3schools.com/js/tryitbd11.html]
[www.w3schools.com/js/tryitacef.html]
[www.w3schools.com/js/tryitbe8a.html]
[www.w3schools.com/js/tryitb818.html]
[www.w3schools.com/js/tryit98a1.html]
[www.w3schools.com/js/tryit9015.html]
[www.w3schools.com/js/tryit1dc9.html]
[www.w3schools.com/js/tryita0bc.html]
[www.w3schools.com/js/tryit2268.html]
[www.w3schools.com/js/tryit0e55.html]
[www.w3schools.com/js/tryitc046.html]
[www.w3schools.com/js/tryit136a.html]
[www.w3schools.com/js/tryit47dc.html]
[www.w3schools.com/js/tryitd504.html]
[www.w3schools.com/js/tryit9305.html]
[www.w3schools.com/js/tryitd83f.html]
[www.w3schools.com/js/tryit39c8-2.html]
[www.w3schools.com/js/tryit81c1.html]
[www.w3schools.com/js/tryita03a.html]
[www.w3schools.com/js/tryit0b99.html]
[www.w3schools.com/js/tryit4044.html]
[www.w3schools.com/js/tryit9ae6.html]
[www.w3schools.com/js/tryiteb7e.html]
[www.w3schools.com/js/tryit4054.html]
[www.w3schools.com/js/js_input_examples.html]
[www.w3schools.com/js/tryit03c8.html]
[www.w3schools.com/js/tryitb7f1.html]
[www.w3schools.com/js/tryitc0ff.html]
[www.w3schools.com/js/tryit0d5c.html]
[www.w3schools.com/js/tryit4b5a.html]
[www.w3schools.com/js/tryit684f.html]
[www.w3schools.com/js/tryit184f.html]
[www.w3schools.com/js/tryit47e5.html]
[www.w3schools.com/js/tryit570c.html]
[www.w3schools.com/js/tryit08e1.html]
[www.w3schools.com/js/tryit3a5a.html]
[www.w3schools.com/js/tryit11b6.html]
[www.w3schools.com/js/tryit2f0e.html]
[www.w3schools.com/js/tryitb2af.html]
[www.w3schools.com/js/tryit3bd3.html]
[www.w3schools.com/js/tryit64bf.html]
[www.w3schools.com/js/tryitac82.html]
[www.w3schools.com/js/tryite82b.html]
[www.w3schools.com/js/tryitc059.html]
[www.w3schools.com/js/tryit1bf0.html]
[www.w3schools.com/js/tryitc77c.html]
[www.w3schools.com/js/tryit01d4.html]
[www.w3schools.com/js/tryiteade.html]
[www.w3schools.com/js/tryitb42a.html]
[www.w3schools.com/js/tryite3f4.html]
[www.w3schools.com/js/tryita6c2.html]
[www.w3schools.com/js/tryitfcfa.html]
[www.w3schools.com/js/tryit2abd.html]
[www.w3schools.com/js/tryite426.html]
[www.w3schools.com/js/tryitf725.html]
[www.w3schools.com/js/tryite793.html]
[www.w3schools.com/js/tryit1362.html]
[www.w3schools.com/js/tryit9f06.html]
[www.w3schools.com/js/tryit2fba.html]
[www.w3schools.com/js/tryit624d.html]
[www.w3schools.com/js/tryite375.html]
[www.w3schools.com/js/tryit910f.html]
[www.w3schools.com/js/js_ex_dom.html]
[www.w3schools.com/js/tryit64e5.html]
[www.w3schools.com/js/tryit0d60.html]
[www.w3schools.com/js/tryitd930.html]
[www.w3schools.com/js/tryitc96a.html]
[www.w3schools.com/js/tryitb5d9.html]
[www.w3schools.com/js/tryitd538.html]
[www.w3schools.com/js/tryit6308.html]
[www.w3schools.com/js/tryit3a26.html]
[www.w3schools.com/js/tryit7581.html]
[www.w3schools.com/js/tryit9304.html]
[www.w3schools.com/js/tryit95e0.html]
[www.w3schools.com/js/tryit3de2.html]
[www.w3schools.com/js/tryit629e.html]
[www.w3schools.com/js/tryit0604.html]
[www.w3schools.com/js/tryitf29a.html]
[www.w3schools.com/js/tryitac2b.html]
[www.w3schools.com/js/tryit5533.html]
[www.w3schools.com/js/tryit000c.html]
[www.w3schools.com/js/tryit6db6.html]
[www.w3schools.com/js/tryitfb30.html]
[www.w3schools.com/js/tryit205a.html]
[www.w3schools.com/js/tryit988b.html]
[www.w3schools.com/js/tryit9aba.html]
[www.w3schools.com/js/tryit386d.html]
[www.w3schools.com/js/tryitdc92.html]
[www.w3schools.com/js/tryit4812.html]
[www.w3schools.com/js/tryit4cf2.html]
[www.w3schools.com/js/tryit2136.html]
[www.w3schools.com/js/tryitf698.html]
[www.w3schools.com/js/tryitdc48.html]
[www.w3schools.com/js/tryit4a44.html]
[www.w3schools.com/js/tryit6305.html]
[www.w3schools.com/js/js_events_examples.html]
[www.w3schools.com/js/tryit58b6.html]
[www.w3schools.com/js/tryit39ac.html]
[www.w3schools.com/js/tryitd4f9.html]
[www.w3schools.com/js/tryit9b5f.html]
[www.w3schools.com/js/tryit5e4a.html]
[www.w3schools.com/js/tryitc913.html]
[www.w3schools.com/js/tryitf050.html]
[www.w3schools.com/js/tryiteb45.html]
[www.w3schools.com/js/tryit7f8d.html]
[www.w3schools.com/js/tryit5f7d.html]
[www.w3schools.com/js/tryitf7cd.html]
[www.w3schools.com/js/tryit574b.html]
[www.w3schools.com/js/tryit5213.html]
[www.w3schools.com/js/tryit727f.html]
[www.w3schools.com/js/tryit80c3.html]
[www.w3schools.com/js/tryita473.html]
[www.w3schools.com/js/tryitaf79.html]
[www.w3schools.com/js/tryit79f1.html]
[www.w3schools.com/js/tryitf0a7.html]
[www.w3schools.com/js/tryita783.html]
[www.w3schools.com/js/tryit8158.html]
[www.w3schools.com/js/tryit9c64.html]
[www.w3schools.com/js/tryit04df.html]
[www.w3schools.com/js/tryitd921.html]
[www.w3schools.com/js/tryit2af7.html]
[www.w3schools.com/js/js_ex_browser.html]
[www.w3schools.com/js/js_quiz.html]
[www.w3schools.com/js/tryit61bc.html]
[www.w3schools.com/cert/pic_html_cert_small.gif]
[www.w3schools.com/js/js_exam.html]
[www.w3schools.com/lib/codemirror.css]
[www.w3schools.com/lib/codemirror.js]
[www.w3schools.com/images/driveicon.png]
[www.w3schools.com/images/stack_vertically.png]
[www.w3schools.com/images/stack_horizontally.png]
[apis.google.com/js/clientba50.js]
[www.w3schools.com/js/tryit5b9b.html]
[www.w3schools.com/lib/w3schools_footer.js]
[translate.google.com/translate_a/elementa0d8.html]
[www.w3schools.com/js/demo_json52a0.html]
[www.w3schools.com/js/tryitca82.html]
[www.w3schools.com/js/tryit4cd1.html]
[www.w3schools.com/js/tryitb357.html]
[www.w3schools.com/js/GET.html]
[www.w3schools.com/js/tryitc969.html]
[www.w3schools.com/js/tryit4040.html]
[www.w3schools.com/js/tryite873.html]
[www.w3schools.com/js/tryit97d0.html]
[www.w3schools.com/js/tryit73e9.html]
[www.w3schools.com/js/tryitcac9.html]
[www.w3schools.com/js/tryitb8f8.html]
[www.w3schools.com/js/tryitbab3.html]
[www.w3schools.com/js/myScript.js]
[www.w3schools.com/js/tryit9593.html]
[www.w3schools.com/js/tryita166.html]
[www.w3schools.com/js/tryitd3cf.html]
[www.w3schools.com/js/tryit880a.html]
[www.w3schools.com/js/tryit54e1.html]
[www.w3schools.com/js/tryit928d.html]
[www.w3schools.com/js/tryit6242.html]
[www.w3schools.com/js/tryit3f02.html]
[www.w3schools.com/js/tryit965a.html]
[www.w3schools.com/js/tryitcd06.html]
[www.w3schools.com/js/tryitdd87.html]
[www.w3schools.com/js/tryitbee9.html]
[www.w3schools.com/js/tryita874.html]
[www.w3schools.com/js/tryit1baa.html]
[www.w3schools.com/js/tryite9a5.html]
[www.w3schools.com/js/tryit1510.html]
[www.w3schools.com/js/tryita27c.html]
[www.w3schools.com/js/tryitfc12.html]
[www.w3schools.com/js/tryitf2b3.html]
[www.w3schools.com/js/tryit8041.html]
[www.w3schools.com/js/tryit1831.html]
[www.w3schools.com/js/tryit2d9a.html]
[www.w3schools.com/js/tryitdfd2.html]
[www.w3schools.com/js/tryit5a8d.html]
[www.w3schools.com/js/tryite2e7.html]
[www.w3schools.com/js/tryit3273.html]
[www.w3schools.com/js/tryit5e0a.html]
[www.w3schools.com/js/tryit99ba.html]
[www.w3schools.com/js/tryite4e8.html]
[www.w3schools.com/js/tryit5683.html]
[www.w3schools.com/js/tryita567.html]
[www.w3schools.com/js/tryit33af.html]
[www.w3schools.com/js/tryit7b68.html]
[www.w3schools.com/js/tryitf9b8.html]
[www.w3schools.com/js/tryita3de.html]
[www.w3schools.com/js/tryit8662.html]
[www.w3schools.com/js/tryitb8e7.html]
[www.w3schools.com/js/tryit70fb.html]
[www.w3schools.com/js/tryit46b3.html]
[www.w3schools.com/js/tryitf53c.html]
[www.w3schools.com/js/tryitbc46.html]
[www.w3schools.com/js/tryita2d2.html]
[www.w3schools.com/js/tryit686e.html]
[www.w3schools.com/js/tryit6924.html]
[www.w3schools.com/js/tryit1fe2.html]
[www.w3schools.com/js/tryit4fef.html]
[www.w3schools.com/js/tryit9918.html]
[www.w3schools.com/js/tryit220a.html]
[www.w3schools.com/js/tryit5006.html]
[www.w3schools.com/js/tryitb2d6.html]
[www.w3schools.com/js/tryit5bc9.html]
[www.w3schools.com/js/tryit45a5.html]
[www.w3schools.com/js/tryitec90.html]
[www.w3schools.com/js/tryitd512.html]
[www.w3schools.com/js/tryitcad3.html]
[www.w3schools.com/js/tryit0185.html]
[www.w3schools.com/js/tryitf1b0.html]
[www.w3schools.com/js/tryitec7b.html]
[www.w3schools.com/js/tryit55c3.html]
[www.w3schools.com/js/tryit822b.html]
[www.w3schools.com/js/tryit2301.html]
[www.w3schools.com/js/tryit4804.html]
[www.w3schools.com/js/tryit6830.html]
[www.w3schools.com/js/tryit3ccf.html]
[www.w3schools.com/js/tryit64bd.html]
[www.w3schools.com/js/tryit76fd.html]
[www.w3schools.com/js/tryitd162.html]
[www.w3schools.com/js/tryita645.html]
[www.w3schools.com/js/tryitbd4f.html]
[www.w3schools.com/js/tryit175f.html]
[www.w3schools.com/js/tryit604d.html]
[www.w3schools.com/js/tryitb2d8.html]
[www.w3schools.com/js/tryitb571.html]
[www.w3schools.com/js/tryit7483.html]
[www.w3schools.com/js/tryitcd98.html]
[www.w3schools.com/js/tryit7580.html]
[www.w3schools.com/js/tryita39e.html]
[www.w3schools.com/js/tryit2739.html]
[www.w3schools.com/js/tryitd200.html]
[www.w3schools.com/js/tryit4872.html]
[www.w3schools.com/js/tryit487a.html]
[www.w3schools.com/js/tryitdefc.html]
[www.w3schools.com/js/tryitd0d9.html]
[www.w3schools.com/js/tryitad2b.html]
[www.w3schools.com/js/tryit1d3f.html]
[www.w3schools.com/js/tryitf8d1.html]
[www.w3schools.com/js/tryit8d32.html]
[www.w3schools.com/js/tryit91a8.html]
[www.w3schools.com/js/tryit5fae.html]
[www.w3schools.com/js/tryitd65f.html]
[www.w3schools.com/js/tryit97a7.html]
[www.w3schools.com/js/tryit0e79.html]
[www.w3schools.com/js/tryitd576.html]
[www.w3schools.com/js/tryit5721.html]
[www.w3schools.com/js/tryit4fbd.html]
[www.w3schools.com/js/tryitb903.html]
[www.w3schools.com/js/tryit8a59.html]
[www.w3schools.com/js/tryit75fa.html]
[www.w3schools.com/js/tryit0ff9.html]
[www.w3schools.com/js/tryit9fcf.html]
[www.w3schools.com/js/tryit658f.html]
[www.w3schools.com/js/tryit071f.html]
[www.w3schools.com/js/tryit94c3.html]
[www.w3schools.com/js/tryit0b4b.html]
[www.w3schools.com/js/tryit8818.html]
[www.w3schools.com/js/tryite519.html]
[www.w3schools.com/js/tryit57df.html]
[www.w3schools.com/js/tryit432f.html]
[www.w3schools.com/js/tryita662.html]
[www.w3schools.com/js/tryit607d.html]
[www.w3schools.com/js/tryitc9a5.html]
[www.w3schools.com/js/tryit39c8.html]
[www.w3schools.com/js/tryit268d.html]
[www.w3schools.com/js/tryite16b.html]
[www.w3schools.com/js/tryit57d0.html]
[www.w3schools.com/js/tryit5bb3.html]
[www.w3schools.com/js/tryit2f44.html]
[www.w3schools.com/js/tryit7539.html]
[www.w3schools.com/js/tryiteb61.html]
[www.w3schools.com/js/tryitef27.html]
[www.w3schools.com/js/tryitb2e1.html]
[www.w3schools.com/js/tryit02b1.html]
[www.w3schools.com/js/tryit42f6.html]
[www.w3schools.com/js/tryit359b.html]
[www.w3schools.com/js/tryit3c07.html]
[www.w3schools.com/js/tryitf925.html]
[www.w3schools.com/js/tryit68c8.html]
[www.w3schools.com/js/tryit5eb9.html]
[www.w3schools.com/js/tryit9331.html]
[www.w3schools.com/js/tryit0db0.html]
[www.w3schools.com/js/tryit02e8.html]
[www.w3schools.com/js/tryitdf69.html]
[www.w3schools.com/js/tryit2ed1.html]
[www.w3schools.com/js/tryitb343.html]
[www.w3schools.com/js/tryit5f9e.html]
[www.w3schools.com/js/tryit0ef9.html]
[www.w3schools.com/js/tryit499c.html]
[www.w3schools.com/js/tryit818a.html]
[www.w3schools.com/js/tryit1669.html]
[www.w3schools.com/js/tryitcc14.html]
[www.w3schools.com/js/tryit7ecf.html]
[www.w3schools.com/js/tryita41c.html]
[www.w3schools.com/js/tryit8872.html]
[www.w3schools.com/js/tryit7b48.html]
[www.w3schools.com/js/tryit1c5a.html]
[www.w3schools.com/js/tryit7a7f.html]
[www.w3schools.com/js/tryitdbab.html]
[www.w3schools.com/js/tryit02d5.html]
[www.w3schools.com/js/tryitf886.html]
[www.w3schools.com/js/tryita188.html]
[www.w3schools.com/js/tryit002e.html]
[www.w3schools.com/js/tryit88fb.html]
[www.w3schools.com/js/tryit5a63.html]
[www.w3schools.com/js/tryit53eb.html]
[www.w3schools.com/js/tryiteb7b.html]
[www.w3schools.com/js/tryit8fd5.html]
[www.w3schools.com/js/tryit287a.html]
[www.w3schools.com/js/tryitc395.html]
[www.w3schools.com/js/tryit1ab3.html]
[www.w3schools.com/js/tryita957.html]
[www.w3schools.com/js/tryite6f2.html]
[www.w3schools.com/js/tryitf3a3.html]
[www.w3schools.com/js/tryit7dd0.html]
[www.w3schools.com/js/tryit0e11.html]
[www.w3schools.com/js/tryita7ce.html]
[www.w3schools.com/js/tryitf16d.html]
[www.w3schools.com/js/tryit8f2d.html]
[www.w3schools.com/js/tryitf805.html]
[www.w3schools.com/js/tryit8852.html]
[www.w3schools.com/js/tryitca3c.html]
[www.w3schools.com/js/tryit9265.html]
[www.w3schools.com/js/tryitb138.html]
[www.w3schools.com/js/tryit7331.html]
[www.w3schools.com/js/tryit2470.html]
[www.w3schools.com/js/tryit247e.html]
[www.w3schools.com/js/tryit748c.html]
[www.w3schools.com/js/tryitd86f.html]
[www.w3schools.com/js/tryitd809.html]
[www.w3schools.com/js/tryit74aa.html]
[www.w3schools.com/js/tryit7329.html]
[www.w3schools.com/js/tryit7c9b.html]
[www.w3schools.com/js/tryitc635.html]
[www.w3schools.com/js/tryit5f2c.html]
[www.w3schools.com/js/tryitf46c.html]
[www.w3schools.com/js/tryitd7e8.html]
[www.w3schools.com/js/tryit30ce.html]
[www.w3schools.com/js/tryite671.html]
[www.w3schools.com/js/tryit5d95.html]
[www.w3schools.com/js/tryit1848.html]
[www.w3schools.com/js/tryit94f8.html]
[www.w3schools.com/js/tryit1a1a.html]
[www.w3schools.com/js/tryitf61a.html]
[www.w3schools.com/js/tryit4fb8.html]
[www.w3schools.com/js/tryit1035.html]
[www.w3schools.com/js/tryit9521.html]
[www.w3schools.com/js/tryit29f9.html]
[www.w3schools.com/js/tryitbb38.html]
[www.w3schools.com/js/tryit7834.html]
[www.w3schools.com/js/tryit4cba.html]
[www.w3schools.com/js/tryit2cfa.html]
[www.w3schools.com/js/tryitf27a.html]
[www.w3schools.com/js/tryit9bae.html]
[www.w3schools.com/js/tryit3d23.html]
[www.w3schools.com/js/tryit3046.html]
[www.w3schools.com/js/tryit53f2.html]
[www.w3schools.com/js/tryit14ae.html]
[www.w3schools.com/js/tryit5f46.html]
[www.w3schools.com/js/tryit3693.html]
[www.w3schools.com/js/tryit4591.html]
[www.w3schools.com/js/tryitf1f8.html]
[www.w3schools.com/js/tryita22b.html]
[www.w3schools.com/js/tryit56ab.html]
[www.w3schools.com/js/tryit02f8.html]
[www.w3schools.com/js/tryitdc4d.html]
[www.w3schools.com/js/tryit380c.html]
[www.w3schools.com/js/tryitad09.html]
[www.w3schools.com/js/tryitbf0c.html]
[www.w3schools.com/js/tryitef62.html]
[www.w3schools.com/js/tryit9fc6.html]
[www.w3schools.com/js/tryit83e4.html]
[www.w3schools.com/js/tryit8026.html]
[www.w3schools.com/js/tryit6036.html]
[www.w3schools.com/js/tryit1f54.html]
[www.w3schools.com/js/tryit5013.html]
[www.w3schools.com/js/tryit5913.html]
[www.w3schools.com/js/tryit8dce.html]
[www.w3schools.com/js/tryit7371.html]
[www.w3schools.com/js/tryit6a5a.html]
[www.w3schools.com/js/tryitd5a5.html]
[www.w3schools.com/js/tryit78a8.html]
[www.w3schools.com/js/tryit059f.html]
[www.w3schools.com/js/tryiteed5.html]
[www.w3schools.com/js/tryit48c7.html]
[www.w3schools.com/js/tryitc368.html]
[www.w3schools.com/js/tryit1f2a.html]
[www.w3schools.com/js/demo_file.html]
[www.w3schools.com/js/tryitd530.html]
[www.w3schools.com/js/demo_file_array.html]
[www.w3schools.com/js/tryite395.html]
[www.w3schools.com/js/json_demo_db52a0.json]
[www.w3schools.com/js/tryit8bf0.html]
[www.w3schools.com/js/tryit71b0.html]
[www.w3schools.com/js/tryite4e7.html]
[www.w3schools.com/js/tryit3f93.html]
[www.w3schools.com/js/tryitdec1.html]
[www.w3schools.com/js/tryit5828.html]
[www.w3schools.com/js/demo_jsonp.html]
[www.w3schools.com/js/tryita61f.html]
[www.w3schools.com/js/tryit1f9a.html]
[www.w3schools.com/js/jsonp_demo_db52a0.json]
[www.w3schools.com/js/tryit8839.html]
[www.w3schools.com/js/demo_jsonp21346.json]
[www.w3schools.com/js/tryit7d26.html]
[www.w3schools.com/js/tryitf38f.html]
[www.w3schools.com/js/tryita2ba.html]
[www.w3schools.com/js/tryitdd6e.html]
[www.w3schools.com/js/tryit60a8.html]
[www.w3schools.com/js/tryit9662.html]
[www.w3schools.com/js/tryitf4d0.html]
[www.w3schools.com/js/tryitcf1a.html]
[www.w3schools.com/js/tryit5568.html]
[www.w3schools.com/js/tryit175b.html]
[www.w3schools.com/js/tryit93ed.html]
[www.w3schools.com/js/tryite29a.html]
[www.w3schools.com/js/tryit264f.html]
[www.w3schools.com/js/tryitf60f.html]
[www.w3schools.com/js/tryita5d7.html]
[www.w3schools.com/js/tryit3716.html]
[www.w3schools.com/js/tryitc63a.html]
[www.w3schools.com/js/tryitda96.html]
[www.w3schools.com/js/tryite189.html]
[www.w3schools.com/js/tryit99e6.html]
[www.w3schools.com/js/tryitddd7.html]
[www.w3schools.com/js/tryitab22.html]
[www.w3schools.com/js/tryit51b2.html]
[www.w3schools.com/js/tryit6177.html]
[www.w3schools.com/js/note.xml]
[www.w3schools.com/js/tryit790b.html]
[www.w3schools.com/js/tryitea17.html]
[www.w3schools.com/js/tryit5fff.html]
[www.w3schools.com/js/tryitb82b.html]
[www.w3schools.com/js/tryit0ab5.html]
[www.w3schools.com/js/tryitc7f6.html]
[www.w3schools.com/js/tryit1bfd.html]
[www.w3schools.com/js/tryit08b5.html]
[www.w3schools.com/js/tryitbee4.html]
[www.w3schools.com/js/tryite2be.html]
[www.w3schools.com/js/tryit6ffb.html]
[www.w3schools.com/js/tryit7512.html]
[www.w3schools.com/js/tryitfe6a.html]
[www.w3schools.com/exercise.css]
[www.w3schools.com/js/exercise4829.html]
[www.w3schools.com/js/exercisebf42.html]
[www.w3schools.com/js/exercise96a8.html]
[www.w3schools.com/js/exercise48a7.html]
[www.w3schools.com/js/exercise0685.html]
[www.w3schools.com/js/exercise341e.html]
[www.w3schools.com/js/tryita0e9.html]
[www.w3schools.com/js/tryit826e.html]
[www.w3schools.com/js/tryitc932.html]
[www.w3schools.com/js/tryit875e.html]
[www.w3schools.com/js/tryit8f2a.html]
[www.w3schools.com/js/tryit399f.html]
[www.w3schools.com/js/tryit02fc.html]
[www.w3schools.com/js/tryit66fe.html]
[www.w3schools.com/js/tryit1d4f.html]
[www.w3schools.com/js/tryit24cf.html]
[www.w3schools.com/js/exercise4596.html]
[www.w3schools.com/js/exercise866c.html]
[www.w3schools.com/js/exercisea1db.html]
[www.w3schools.com/js/exercisecff1.html]
[www.w3schools.com/js/exercise4994.html]
[www.w3schools.com/js/tryiteb9c.html]
[www.w3schools.com/js/tryit822d.html]
[www.w3schools.com/js/tryit75f6.html]
[www.w3schools.com/js/tryitc9e6.html]
[www.w3schools.com/js/tryit9beb.html]
[www.w3schools.com/js/tryite5f5.html]
[www.w3schools.com/js/exercise538f.html]
[www.w3schools.com/js/exercisefc0a.html]
[www.w3schools.com/js/exercise810d.html]
[www.w3schools.com/js/exercise488d.html]
[www.w3schools.com/js/exercise678f.html]
[www.w3schools.com/js/tryit21eb.html]
[www.w3schools.com/js/tryit409b.html]
[www.w3schools.com/js/tryit2b45.html]
[www.w3schools.com/js/tryit2bc6.html]
[www.w3schools.com/js/tryit1bd2.html]
[www.w3schools.com/js/tryit5aa8.html]
[www.w3schools.com/js/tryit4941.html]
[www.w3schools.com/js/tryitb742.html]
[www.w3schools.com/js/tryitc5c2.html]
[www.w3schools.com/js/tryitf525.html]
[www.w3schools.com/js/tryitde8f.html]
[www.w3schools.com/js/tryitad98.html]
[www.w3schools.com/js/exercise75c3.html]
[www.w3schools.com/js/exercise2f71.html]
[www.w3schools.com/js/exercisef48c.html]
[www.w3schools.com/js/exercise70bd.html]
[www.w3schools.com/js/exercise4be6.html]
[www.w3schools.com/js/exercisea4e7.html]
[www.w3schools.com/js/exercise4caf.html]
[www.w3schools.com/js/exercise6231.html]
[www.w3schools.com/js/tryitc354.html]
[www.w3schools.com/js/tryit2bb1.html]
[www.w3schools.com/js/tryit3105.html]
[www.w3schools.com/js/tryit3956.html]
[www.w3schools.com/js/exercise75ae.html]
[www.w3schools.com/js/exercise4acd.html]
[www.w3schools.com/js/exerciseb048.html]
[www.w3schools.com/js/tryite97a.html]
[www.w3schools.com/js/tryit1a88.html]
[www.w3schools.com/js/tryit4234.html]
[www.w3schools.com/js/tryita914.html]
[www.w3schools.com/js/tryit7a9a.html]
[www.w3schools.com/js/tryit5f74.html]
[www.w3schools.com/js/tryitd5dc.html]
[www.w3schools.com/js/exerciseb1ec.html]
[www.w3schools.com/js/exercise1a14.html]
[www.w3schools.com/js/exercise4800.html]
[www.w3schools.com/js/exerciseae1a.html]
[www.w3schools.com/js/tryit2026.html]
[www.w3schools.com/js/tryitac09.html]
[www.w3schools.com/js/tryit5297.html]
[www.w3schools.com/js/tryit48c1.html]
[www.w3schools.com/js/tryita15e.html]
[www.w3schools.com/js/tryit88e7.html]
[www.w3schools.com/js/tryit2ede.html]
[www.w3schools.com/js/tryit0186.html]
[www.w3schools.com/js/tryitc040.html]
[www.w3schools.com/js/tryitf4eb.html]
[www.w3schools.com/js/tryitb084.html]
[www.w3schools.com/js/tryit41fc.html]
[www.w3schools.com/js/tryit56fd.html]
[www.w3schools.com/js/exercise4be6-2.html]
[www.w3schools.com/js/exerciseb192.html]
[www.w3schools.com/js/exercise4aba.html]
[www.w3schools.com/js/exercise8903.html]
[www.w3schools.com/js/exerciseb421.html]
[www.w3schools.com/js/exercise9bba.html]
[www.w3schools.com/js/tryitf0c2.html]
[www.w3schools.com/js/tryit3974.html]
[www.w3schools.com/js/tryitd38e.html]
[www.w3schools.com/js/tryite8e2.html]
[www.w3schools.com/js/tryita080.html]
[www.w3schools.com/js/tryit3205.html]
[www.w3schools.com/js/tryit298f.html]
[www.w3schools.com/js/tryita09d.html]
[www.w3schools.com/js/tryitee03.html]
[www.w3schools.com/js/tryitc13b.html]
[www.w3schools.com/js/tryit00d8.html]
[www.w3schools.com/js/exercisec5e4.html]
[www.w3schools.com/js/exercisee68c.html]
[www.w3schools.com/js/exercisef3b4.html]
[www.w3schools.com/js/exercise2c81.html]
[www.w3schools.com/js/tryit2e8a.html]
[www.w3schools.com/js/tryit2e76.html]
[www.w3schools.com/js/tryit4c6b.html]
[www.w3schools.com/js/tryitc623.html]
[www.w3schools.com/js/tryit6c84.html]
[www.w3schools.com/js/tryitd0dc.html]
[www.w3schools.com/js/tryitfa05.html]
[www.w3schools.com/js/tryit00fd.html]
[www.w3schools.com/js/tryit75c1.html]
[www.w3schools.com/js/tryita9a2.html]
[www.w3schools.com/js/tryitdc82.html]
[www.w3schools.com/js/exerciseb9aa.html]
[www.w3schools.com/js/exercise4c03.html]
[www.w3schools.com/js/exercisec60b.html]
[www.w3schools.com/js/exercise71e5.html]
[www.w3schools.com/js/tryit0b9c.html]
[www.w3schools.com/js/tryit484e.html]
[www.w3schools.com/js/tryit51f1.html]
[www.w3schools.com/js/tryit41d4.html]
[www.w3schools.com/js/tryit335e.html]
[www.w3schools.com/js/tryitecc8.html]
[www.w3schools.com/js/tryit573c.html]
[www.w3schools.com/js/exercisee779.html]
[www.w3schools.com/js/exercisea2b0.html]
[www.w3schools.com/js/exercise2599.html]
[www.w3schools.com/js/tryitce06.html]
[www.w3schools.com/js/tryit5069.html]
[www.w3schools.com/js/tryita65b.html]
[www.w3schools.com/js/tryit79c1.html]
[www.w3schools.com/js/tryit822e.html]
[www.w3schools.com/js/tryitf807.html]
[www.w3schools.com/js/tryitc4b4.html]
[www.w3schools.com/js/tryit0b36.html]
[www.w3schools.com/js/tryit89c7.html]
[www.w3schools.com/js/tryit49de.html]
[www.w3schools.com/js/tryitf200.html]
[www.w3schools.com/js/tryitcdf4.html]
[www.w3schools.com/js/tryit3ee7.html]
[www.w3schools.com/js/tryitf398.html]
[www.w3schools.com/js/tryit0cb1.html]
[www.w3schools.com/js/tryitbbe0.html]
[www.w3schools.com/js/tryitb7f3.html]
[www.w3schools.com/js/tryit919b.html]
[www.w3schools.com/js/tryite297.html]
[www.w3schools.com/js/tryit15bb.html]
[www.w3schools.com/js/tryit0a0f.html]
[www.w3schools.com/js/tryit14cd.html]
[www.w3schools.com/js/tryit710a.html]
[www.w3schools.com/js/tryit69b0.html]
[www.w3schools.com/js/tryitc71d.html]
[www.w3schools.com/js/tryitf763.html]
[www.w3schools.com/js/tryit10ae.html]
[www.w3schools.com/js/tryit0b06.html]
[www.w3schools.com/js/tryit134c.html]
[www.w3schools.com/js/tryit0a05.html]
[www.w3schools.com/js/tryitb623.html]
[www.w3schools.com/js/tryitedd6.html]
[www.w3schools.com/js/tryit070f.html]
[www.w3schools.com/js/tryit3023.html]
[www.w3schools.com/js/tryit6577.html]
[www.w3schools.com/js/tryit7797.html]
[www.w3schools.com/js/exercise996a.html]
[www.w3schools.com/js/exercise2171.html]
[www.w3schools.com/js/exercisee7ec.html]
[www.w3schools.com/js/exercise9d27.html]
[www.w3schools.com/js/exercise3558.html]
[www.w3schools.com/js/tryit1799.html]
[www.w3schools.com/js/tryit5080.html]
[www.w3schools.com/js/tryit86e1.html]
[www.w3schools.com/js/tryite0b7.html]
[www.w3schools.com/js/tryit418e.html]
[www.w3schools.com/js/tryit5612.html]
[www.w3schools.com/js/tryitd2ca.html]
[www.w3schools.com/js/tryita378.html]
[www.w3schools.com/js/tryitbf5c.html]
[www.w3schools.com/js/tryitbf07.html]
[www.w3schools.com/js/tryit6dbb.html]
[www.w3schools.com/js/tryit120d.html]
[www.w3schools.com/js/exerciseac8b.html]
[www.w3schools.com/js/exerciseaf90.html]
[www.w3schools.com/js/exercise8fad.html]
[www.w3schools.com/js/exercisee50f.html]
[www.w3schools.com/js/tryite6c8.html]
[www.w3schools.com/js/tryite347.html]
[www.w3schools.com/js/exercisefeee.html]
[www.w3schools.com/js/tryit5be7.html]
[www.w3schools.com/js/tryitb020.html]
[www.w3schools.com/js/tryit380c-2.html]
[www.w3schools.com/js/tryit81cc.html]
[www.w3schools.com/js/tryit5712.html]
[www.w3schools.com/js/tryit5809.html]
[www.w3schools.com/js/tryit70ff.html]
[www.w3schools.com/js/tryit2e5f.html]
[www.w3schools.com/js/tryit2171.html]
[www.w3schools.com/js/tryit70e7.html]
[www.w3schools.com/js/tryit5319.html]
[www.w3schools.com/js/tryit672a.html]
[www.w3schools.com/js/tryit73ab.html]
[www.w3schools.com/js/tryit2c72.html]
[www.w3schools.com/js/tryit6f1a.html]
[www.w3schools.com/js/tryit0b49.html]
[www.w3schools.com/js/tryit94c8.html]
[www.w3schools.com/js/tryit93cb.html]
[www.w3schools.com/js/tryitfcaa.html]
[www.w3schools.com/js/exercise77a1.html]
[www.w3schools.com/js/exercisec0ee.html]
[www.w3schools.com/js/exercise4b3a.html]
[www.w3schools.com/js/exercisee47a.html]
[www.w3schools.com/js/exercise50d0.html]
[www.w3schools.com/js/exerciseb2c4.html]
[www.w3schools.com/js/exercisee036.html]
[www.w3schools.com/js/exercisef71c.html]
[www.w3schools.com/js/exercisedd45.html]
[www.w3schools.com/js/exercise4225.html]
[www.w3schools.com/js/exercisef723.html]
[www.w3schools.com/js/exercisecbf6.html]
[www.w3schools.com/js/tryite4f3.html]
[www.w3schools.com/js/tryit499a.html]
[www.w3schools.com/js/tryitb3e1.html]
[www.w3schools.com/js/exercise334c.html]
[www.w3schools.com/js/exercise69a8.html]
[www.w3schools.com/js/exercise0564.html]
[www.w3schools.com/js/exercise47b4.html]
[www.w3schools.com/js/tryit73fa.html]
[www.w3schools.com/js/tryitb3fd.html]
[www.w3schools.com/js/tryit0b03.html]
[www.w3schools.com/js/tryit2693.html]
[www.w3schools.com/js/tryitf23c.html]
[www.w3schools.com/js/exercise17a3.html]
[www.w3schools.com/js/exercise2607.html]
[www.w3schools.com/js/exercise0dda.html]
[www.w3schools.com/js/exercise36b9.html]
[www.w3schools.com/js/exercisec72a.html]
[www.w3schools.com/js/exercisea9b5.html]
[www.w3schools.com/js/tryit4e5a.html]
[www.w3schools.com/js/tryitdd08.html]
[www.w3schools.com/js/exerciseaaac.html]
[www.w3schools.com/js/exerciseff18.html]
[www.w3schools.com/js/exercise4511.html]
[www.w3schools.com/js/exercise2c7c.html]
[www.w3schools.com/js/exerciseb9fa.html]
[www.w3schools.com/js/tryitdfbe.html]
[www.w3schools.com/js/exercise7a00.html]
[www.w3schools.com/js/exercise501b.html]
[www.w3schools.com/js/exerciseb56e.html]
[www.w3schools.com/js/exerciseda06.html]
[www.w3schools.com/js/exercise0251.html]
[www.w3schools.com/js/tryit69e7.html]
[www.w3schools.com/js/tryit08ed.html]
[www.w3schools.com/js/tryit9207.html]
[www.w3schools.com/js/tryit282d.html]
[www.w3schools.com/js/tryit6547.html]
[www.w3schools.com/js/tryit5a42.html]
[www.w3schools.com/js/tryitec77.html]
[www.w3schools.com/js/tryit9b15.html]
[www.w3schools.com/js/tryit713e.html]
[www.w3schools.com/js/tryit154e.html]
[www.w3schools.com/js/tryitda6e.html]
[www.w3schools.com/js/tryit382d.html]
[www.w3schools.com/js/tryit3acb.html]
[www.w3schools.com/js/tryitb24a.html]
[www.w3schools.com/js/tryitff7d.html]
[www.w3schools.com/js/tryit62eb.html]
[www.w3schools.com/js/tryit4985.html]
[www.w3schools.com/js/tryit9ac4.html]
[www.w3schools.com/js/tryit5f91.html]
[www.w3schools.com/js/tryite1a5.html]
[www.w3schools.com/js/tryit152d.html]
[www.w3schools.com/js/tryit03f1.html]
[www.w3schools.com/js/tryitcc75.html]
[www.w3schools.com/js/tryitfdaa.html]
[www.w3schools.com/js/tryita39b.html]
[www.w3schools.com/js/tryit921a.html]
[www.w3schools.com/js/tryit2a36.html]
[www.w3schools.com/js/tryita957-2.html]
[www.w3schools.com/js/tryit08c0.html]
[www.w3schools.com/js/tryit2c7d.html]
[www.w3schools.com/js/tryit7e0f.html]
[www.w3schools.com/js/tryit9bd0.html]
[www.w3schools.com/js/tryit610f.html]
[www.w3schools.com/js/tryit8730.html]
[www.w3schools.com/js/tryitf010.html]
[www.w3schools.com/js/tryitfd7f.html]
[www.w3schools.com/js/tryita463.html]
[www.w3schools.com/js/tryit8638.html]
[www.w3schools.com/js/tryite684.html]
[www.w3schools.com/js/tryit33a2.html]
[www.w3schools.com/js/tryitec31.html]
[www.w3schools.com/js/tryitd41f.html]
[www.w3schools.com/js/tryit664f.html]
[www.w3schools.com/js/tryit6fcf.html]
[www.w3schools.com/js/tryit721d.html]
[www.w3schools.com/js/tryit58a3.html]
[www.w3schools.com/js/tryit7f42.html]
[www.w3schools.com/js/tryitb672.html]
[www.w3schools.com/js/tryite160.html]
[www.w3schools.com/js/tryit5c73.html]
[www.w3schools.com/js/tryit86ab.html]
[www.w3schools.com/js/tryit4af3.html]
[www.w3schools.com/js/tryit8294.html]
[www.w3schools.com/js/tryit81c7.html]
[www.w3schools.com/js/tryit1561.html]
[www.w3schools.com/js/tryit1703.html]
[www.w3schools.com/js/tryitbc95.html]
[www.w3schools.com/js/tryitf88f.html]
[www.w3schools.com/js/tryitdfee.html]
[www.w3schools.com/js/tryit5229.html]
[www.w3schools.com/js/tryit86d9.html]
[www.w3schools.com/js/tryit2ee2.html]
[www.w3schools.com/js/tryitd956.html]
[www.w3schools.com/js/tryit7276.html]
[www.w3schools.com/js/tryit9977.html]
[www.w3schools.com/js/tryit2143.html]
[www.w3schools.com/js/tryit7cf6.html]
[www.w3schools.com/js/tryita874-2.html]
[www.w3schools.com/js/tryitb038.html]
[www.w3schools.com/js/tryite293.html]
[www.w3schools.com/js/tryit93f6.html]
[www.w3schools.com/js/tryit9b09.html]
[www.w3schools.com/js/tryit270e.html]
[www.w3schools.com/js/tryit24be.html]
[www.w3schools.com/js/tryita883.html]
[www.w3schools.com/js/tryitf018.html]
[www.w3schools.com/js/tryit748f.html]
[www.w3schools.com/js/tryitb912.html]
[www.w3schools.com/js/tryit05b4.html]
[www.w3schools.com/js/tryit5830.html]
[www.w3schools.com/js/tryitd553.html]
[www.w3schools.com/js/tryit88eb.html]
[www.w3schools.com/js/tryit0f02.html]
[www.w3schools.com/js/tryit56c5.html]
[www.w3schools.com/js/tryitbad1.html]
[www.w3schools.com/js/tryit272c.html]
[www.w3schools.com/js/tryit1551.html]
[www.w3schools.com/js/tryit13d7.html]
[www.w3schools.com/js/tryitc6d6.html]
[www.w3schools.com/js/tryit3346.html]
[www.w3schools.com/js/tryit8e4b.html]
[www.w3schools.com/js/tryitc59f.html]
[www.w3schools.com/js/tryit9075.html]
[www.w3schools.com/js/tryit9e70.html]
[www.w3schools.com/js/tryit6994.html]
[www.w3schools.com/js/tryit6214.html]
[www.w3schools.com/js/tryit66ab.html]
[www.w3schools.com/js/tryitd8f7.html]
[www.w3schools.com/js/tryit4e35.html]
[www.w3schools.com/js/tryitcf15.html]
[www.w3schools.com/js/tryit1a62.html]
[www.w3schools.com/js/tryit9f7f.html]
[www.w3schools.com/js/tryitb3bf.html]
[www.w3schools.com/js/tryit945a.html]
[www.w3schools.com/js/tryit0ff8.html]
[www.w3schools.com/js/tryit775f.html]
[www.w3schools.com/js/tryitd481.html]
[www.w3schools.com/js/tryite6af.html]
[www.w3schools.com/js/tryit7bfa.html]
[www.w3schools.com/js/tryit343b.html]
[www.w3schools.com/js/tryit1f4e.html]
[www.w3schools.com/js/tryit0b7d.html]
[www.w3schools.com/js/tryit58c8.html]
[www.w3schools.com/js/tryitaf41.html]
[www.w3schools.com/js/tryitda42.html]
[www.w3schools.com/js/tryit7922.html]
[www.w3schools.com/js/tryitfaa5.html]
[www.w3schools.com/js/tryitd1cf.html]
[www.w3schools.com/js/tryit4565.html]
[www.w3schools.com/js/tryitef12.html]
[www.w3schools.com/js/tryitfbf8.html]
[www.w3schools.com/js/tryit0b8a.html]
[www.w3schools.com/js/tryit53ce.html]
[www.w3schools.com/js/tryitf799.html]
[www.w3schools.com/js/tryit0001.html]
[www.w3schools.com/js/tryit0092.html]
[www.w3schools.com/js/tryit746f.html]
[www.w3schools.com/js/tryit84a8.html]
[www.w3schools.com/js/tryiteced.html]
[www.w3schools.com/js/tryit7e0b.html]
[www.w3schools.com/js/tryit826d.html]
[www.w3schools.com/js/tryita442.html]
[www.w3schools.com/js/tryit1d3b.html]
[www.w3schools.com/js/tryit0aaa.html]
[www.w3schools.com/js/tryit45bb.html]
[www.w3schools.com/js/tryit9add.html]
[www.w3schools.com/js/tryit8b8d.html]
[www.w3schools.com/js/tryitf29d.html]
[www.w3schools.com/js/tryit24e9.html]
[www.w3schools.com/js/tryitdc3b.html]
[www.w3schools.com/js/tryita465.html]
[www.w3schools.com/js/tryitfa27.html]
[www.w3schools.com/js/tryit76a9.html]
[www.w3schools.com/js/tryit7c8e.html]
[www.w3schools.com/js/tryit8503.html]
[www.w3schools.com/js/tryitb232.html]
[www.w3schools.com/js/tryit265d.html]
[www.w3schools.com/js/tryitcb9b.html]
[www.w3schools.com/js/tryit7846.html]
[www.w3schools.com/js/tryitded2.html]
[www.w3schools.com/js/tryit264b.html]
[www.w3schools.com/js/tryit7d0e.html]
[www.w3schools.com/js/tryitcc43.html]
[www.w3schools.com/js/tryit2d2d.html]
[www.w3schools.com/js/tryit1f8a.html]
[www.w3schools.com/js/tryit1c62.html]
[www.w3schools.com/js/tryit8544.html]
[www.w3schools.com/js/tryit3af5.html]
[www.w3schools.com/js/exercise5665.html]
[www.w3schools.com/js/exercise1e48.html]
[www.w3schools.com/js/exercise1b63.html]
[www.w3schools.com/js/exercisee6c8.html]
[www.w3schools.com/js/exercise4aca.html]
[www.w3schools.com/js/tryitff62.html]
[www.w3schools.com/js/tryitd43d.html]
[www.w3schools.com/js/tryit146b.html]
[www.w3schools.com/js/smiley.gif]
[www.w3schools.com/js/landscape.jpg]
[www.w3schools.com/js/tryitc229.html]
[www.w3schools.com/js/exercisee13c.html]
[www.w3schools.com/js/exercise05e2.html]
[www.w3schools.com/js/exercise6edf.html]
[www.w3schools.com/js/exercise2411.html]
[www.w3schools.com/js/exercise747c.html]
[www.w3schools.com/js/tryit305d.html]
[www.w3schools.com/js/tryit745b.html]
[www.w3schools.com/js/tryit1193.html]
[www.w3schools.com/js/exercise7ed8.html]
[www.w3schools.com/js/exercisee4ed.html]
[www.w3schools.com/js/exercise9377.html]
[www.w3schools.com/js/exercise9233.html]
[www.w3schools.com/js/exercise9dee.html]
[www.w3schools.com/js/tryit3bc1.html]
[www.w3schools.com/js/tryite555.html]
[www.w3schools.com/js/tryit2a26.html]
[www.w3schools.com/js/tryit28e3.html]
[www.w3schools.com/js/tryit45d6.html]
[www.w3schools.com/js/tryit86dc.html]
[www.w3schools.com/js/tryit0a07.html]
[www.w3schools.com/js/tryita38c.html]
[www.w3schools.com/js/tryit54cd.html]
[www.w3schools.com/js/tryiteaed.html]
[www.w3schools.com/js/pic_mountain.jpg]
[www.w3schools.com/js/bulbon.gif]
[www.w3schools.com/js/bulboff.gif]
[www.w3schools.com/js/tryit3844.html]
[www.w3schools.com/js/tryit8199.html]
[www.w3schools.com/js/tryit4d36.html]
[www.w3schools.com/js/tryitdc84.html]
[www.w3schools.com/js/exercisef725.html]
[www.w3schools.com/js/exerciseec13.html]
[www.w3schools.com/js/exercise51c3.html]
[www.w3schools.com/images/compatible_ie.gif]
[www.w3schools.com/images/compatible_edge.gif]
[www.w3schools.com/images/compatible_firefox.gif]
[www.w3schools.com/images/compatible_chrome.gif]
[www.w3schools.com/images/compatible_safari.gif]
[www.w3schools.com/images/compatible_opera.gif]
[www.w3schools.com/browserref.css]
[www.w3schools.com/js/tryit828e.html]
[www.w3schools.com/js/tryit59a6.html]
[www.w3schools.com/js/tryitf08e.html]
[www.w3schools.com/js/tryit5a9f.html]
[www.w3schools.com/js/tryit077d.html]
[www.w3schools.com/js/tryit5799.html]
[www.w3schools.com/js/tryit91d6.html]
[www.w3schools.com/js/tryit96e4.html]
[www.w3schools.com/js/tryit1586.html]
[www.w3schools.com/js/tryit9227.html]
[www.w3schools.com/js/tryitf170.html]
[www.w3schools.com/js/tryit36cf.html]
[www.w3schools.com/js/tryit604d-2.html]
[www.w3schools.com/js/tryit624b.html]
[www.w3schools.com/js/tryitb94f.html]
[www.w3schools.com/js/tryit5b17.html]
[www.w3schools.com/js/tryit6f81.html]
[www.w3schools.com/js/tryita7a4.html]
[www.w3schools.com/js/tryit7e7b.html]
[www.w3schools.com/js/tryit80ca.html]
[www.w3schools.com/js/tryitd4cc.html]
[www.w3schools.com/js/tryit27d8.html]
[www.w3schools.com/js/tryit2041.html]
[www.w3schools.com/js/tryitf356.html]
[www.w3schools.com/js/tryite7a8.html]
[www.w3schools.com/js/tryit91f9.html]
[www.w3schools.com/js/tryit17eb.html]
[www.w3schools.com/js/tryit7aae.html]
[www.w3schools.com/js/tryit9dae.html]
[www.w3schools.com/js/tryitb1e7.html]
[www.w3schools.com/js/tryit283e.html]
[www.w3schools.com/js/tryitcc25.html]
[www.w3schools.com/js/tryit8d80.html]
[www.w3schools.com/js/tryit3176.html]
[www.w3schools.com/js/tryitca8d.html]
[www.w3schools.com/js/tryit645c.html]
[www.w3schools.com/js/tryit9134.html]
[www.w3schools.com/js/tryit8d22.html]
[www.w3schools.com/js/tryit10c3.html]
[www.w3schools.com/js/tryit272b.html]
[www.w3schools.com/js/tryit8367.html]
[www.w3schools.com/js/tryit80cf.html]
[www.w3schools.com/js/tryit8659.html]
[www.w3schools.com/js/tryit404b.html]
[www.w3schools.com/js/tryit5dbd.html]
[www.w3schools.com/js/tryita297.html]
[www.w3schools.com/js/tryit5cb6.html]
[www.w3schools.com/js/tryitcbcf.html]
[www.w3schools.com/js/tryit5041.html]
[www.w3schools.com/js/tryit8a12.html]
[www.w3schools.com/js/tryit9227-2.html]
[www.w3schools.com/js/tryitee97.html]
[www.w3schools.com/js/tryitc0ce.html]
[www.w3schools.com/js/tryit693c.html]
[www.w3schools.com/js/tryit9cc4.html]
[www.w3schools.com/js/tryitdbbd.html]
[www.w3schools.com/js/tryit6879.html]
[www.w3schools.com/js/xmlhttp_info.44f.delayed]
[www.w3schools.com/js/tryita92d.html]
[www.w3schools.com/js/demo_get.html]
[www.w3schools.com/js/tryita336.html]
[www.w3schools.com/js/demo_geta18a.html]
[www.w3schools.com/js/tryit3e7e.html]
[www.w3schools.com/js/demo_get2f409.html]
[www.w3schools.com/js/tryit180b.html]
[www.w3schools.com/js/demo_post.html]
[www.w3schools.com/js/tryit6b58.html]
[www.w3schools.com/js/demo_post2.html]
[www.w3schools.com/js/tryit5541.html]
[www.w3schools.com/js/tryitd04b.html]
[www.w3schools.com/js/tryitd6d3.html]
[www.w3schools.com/js/gethint03d2.html]
[www.w3schools.com/js/gethint03d2-2.html]
[www.w3schools.com/js/getcustomer03d2.html]
[www.w3schools.com/js/tryit00dd.html]
[www.w3schools.com/js/tryit5fef.html]
[www.w3schools.com/js/tryite999.html]
[www.w3schools.com/js/tryit1346.html]
[www.w3schools.com/lib/w3codecolor.js]
[www.w3schools.com/js/showphpfef7.html]
[www.w3schools.com/js/showphp26b9.html]
[www.w3schools.com/js/POST.html]
[www.w3schools.com/js/showphp284b.html]
[www.w3schools.com/js/tryit458b.html]
[www.w3schools.com/js/tryit95f2.html]
[www.w3schools.com/js/tryitbd11.html]
[www.w3schools.com/js/tryitacef.html]
[www.w3schools.com/js/tryitbe8a.html]
[www.w3schools.com/js/tryitb818.html]
[www.w3schools.com/js/tryit98a1.html]
[www.w3schools.com/js/tryit9015.html]
[www.w3schools.com/js/tryit1dc9.html]
[www.w3schools.com/js/tryita0bc.html]
[www.w3schools.com/js/tryit2268.html]
[www.w3schools.com/js/tryit0e55.html]
[www.w3schools.com/js/tryitc046.html]
[www.w3schools.com/js/tryit136a.html]
[www.w3schools.com/js/tryit47dc.html]
[www.w3schools.com/js/tryitd504.html]
[www.w3schools.com/js/tryit9305.html]
[www.w3schools.com/js/tryitd83f.html]
[www.w3schools.com/js/tryit39c8-2.html]
[www.w3schools.com/js/tryit81c1.html]
[www.w3schools.com/js/tryita03a.html]
[www.w3schools.com/js/tryit0b99.html]
[www.w3schools.com/js/tryit4044.html]
[www.w3schools.com/js/tryit9ae6.html]
[www.w3schools.com/js/tryiteb7e.html]
[www.w3schools.com/js/tryit4054.html]
[www.w3schools.com/js/tryit03c8.html]
[www.w3schools.com/js/tryitb7f1.html]
[www.w3schools.com/js/tryitc0ff.html]
[www.w3schools.com/js/tryit0d5c.html]
[www.w3schools.com/js/tryit4b5a.html]
[www.w3schools.com/js/tryit684f.html]
[www.w3schools.com/js/planets.gif]
[www.w3schools.com/js/venus.html]
[www.w3schools.com/js/tryit184f.html]
[www.w3schools.com/js/tryit47e5.html]
[www.w3schools.com/js/tryit570c.html]
[www.w3schools.com/js/tryit08e1.html]
[www.w3schools.com/js/tryit3a5a.html]
[www.w3schools.com/js/tryit11b6.html]
[www.w3schools.com/js/tryit2f0e.html]
[www.w3schools.com/js/tryitb2af.html]
[www.w3schools.com/js/venus8285.html]
[www.w3schools.com/js/tryit3bd3.html]
[www.w3schools.com/js/tryit64bf.html]
[www.w3schools.com/js/tryitac82.html]
[www.w3schools.com/js/tryite82b.html]
[www.w3schools.com/js/tryitc059.html]
[www.w3schools.com/js/demo_iframe.html]
[www.w3schools.com/js/tryit1bf0.html]
[www.w3schools.com/js/tryitc77c.html]
[www.w3schools.com/js/tryit01d4.html]
[www.w3schools.com/js/tryiteade.html]
[www.w3schools.com/js/tryitb42a.html]
[www.w3schools.com/js/compman.gif]
[www.w3schools.com/js/tryite3f4.html]
[www.w3schools.com/js/tryita6c2.html]
[www.w3schools.com/js/compman_lowres.gif]
[www.w3schools.com/js/tryitfcfa.html]
[www.w3schools.com/js/tryit2abd.html]
[www.w3schools.com/js/tryite426.html]
[www.w3schools.com/js/tryitf725.html]
[www.w3schools.com/js/tryite793.html]
[www.w3schools.com/js/tryit1362.html]
[www.w3schools.com/js/tryit9f06.html]
[www.w3schools.com/js/tryit2fba.html]
[www.w3schools.com/js/tryit624d.html]
[www.w3schools.com/js/tryite375.html]
[www.w3schools.com/js/tryit910f.html]
[www.w3schools.com/js/tryit64e5.html]
[www.w3schools.com/js/tryit0d60.html]
[www.w3schools.com/js/tryitd930.html]
[www.w3schools.com/js/tryitc96a.html]
[www.w3schools.com/js/tryitb5d9.html]
[www.w3schools.com/js/tryitd538.html]
[www.w3schools.com/js/tryit6308.html]
[www.w3schools.com/js/tryit3a26.html]
[www.w3schools.com/js/tryit7581.html]
[www.w3schools.com/js/tryit9304.html]
[www.w3schools.com/js/tryit95e0.html]
[www.w3schools.com/js/tryit3de2.html]
[www.w3schools.com/js/tryit629e.html]
[www.w3schools.com/js/tryit0604.html]
[www.w3schools.com/js/tryitf29a.html]
[www.w3schools.com/js/tryitac2b.html]
[www.w3schools.com/js/tryit5533.html]
[www.w3schools.com/js/tryit000c.html]
[www.w3schools.com/js/tryit6db6.html]
[www.w3schools.com/js/sun.html]
[www.w3schools.com/js/tryitfb30.html]
[www.w3schools.com/js/tryit205a.html]
[www.w3schools.com/js/tryit988b.html]
[www.w3schools.com/js/tryit9aba.html]
[www.w3schools.com/js/tryit386d.html]
[www.w3schools.com/js/mercur.html]
[www.w3schools.com/js/w3javascript.gif]
[www.w3schools.com/js/tryit4812.html]
[www.w3schools.com/js/image.45f.delayed]
[www.w3schools.com/js/tryitdc92.html]
[www.w3schools.com/js/tryit4cf2.html]
[www.w3schools.com/js/tryit2136.html]
[www.w3schools.com/js/tryitf698.html]
[www.w3schools.com/js/tryitdc48.html]
[www.w3schools.com/js/tryit4a44.html]
[www.w3schools.com/js/tryit6305.html]
[www.w3schools.com/js/tryit58b6.html]
[www.w3schools.com/js/tryit39ac.html]
[www.w3schools.com/js/tryitd4f9.html]
[www.w3schools.com/js/tryit9b5f.html]
[www.w3schools.com/js/tryit5e4a.html]
[www.w3schools.com/js/tryitc913.html]
[www.w3schools.com/js/tryitf050.html]
[www.w3schools.com/js/tryiteb45.html]
[www.w3schools.com/js/tryit7f8d.html]
[www.w3schools.com/js/tryit5f7d.html]
[www.w3schools.com/js/tryitf7cd.html]
[www.w3schools.com/js/tryit574b.html]
[www.w3schools.com/js/tryit5213.html]
[www.w3schools.com/js/tryit727f.html]
[www.w3schools.com/js/tryit80c3.html]
[www.w3schools.com/js/tryita473.html]
[www.w3schools.com/js/tryitaf79.html]
[www.w3schools.com/js/tryjs_breakout.html]
[www.w3schools.com/js/tryit79f1.html]
[www.w3schools.com/js/tryitf0a7.html]
[www.w3schools.com/js/tryita783.html]
[www.w3schools.com/js/tryit8158.html]
[www.w3schools.com/js/tryit9c64.html]
[www.w3schools.com/js/tryit04df.html]
[www.w3schools.com/js/tryitd921.html]
[www.w3schools.com/js/tryit2af7.html]
[www.w3schools.com/js/tryit61bc.html]
[www.w3schools.com/lib/codemirror.css]
[www.w3schools.com/lib/codemirror.js]
[www.w3schools.com/js/demo_json52a0.html]
[www.w3schools.com/js/myScript.js]
[www.w3schools.com/js/demo_file.html]
[www.w3schools.com/js/demo_file_array.html]
[www.w3schools.com/js/demo_jsonp.html]
[www.w3schools.com/exercise.css]
[www.w3schools.com/js/xmlhttp_info.html]
[www.w3schools.com/js/demo_get.html]
[www.w3schools.com/js/demo_geta18a.html]
[www.w3schools.com/js/demo_get2f409.html]
[www.w3schools.com/js/demo_post.html]
[www.w3schools.com/js/demo_post2.html]
[www.w3schools.com/lib/w3codecolor.js]
[www.w3schools.com/images/venglobe.gif]
[www.w3schools.com/js/venus.html]
[www.w3schools.com/js/venus8285.html]
[www.w3schools.com/js/demo_iframe.html]
[www.w3schools.com/images/sun.gif]
[www.w3schools.com/js/sun.html]
[www.w3schools.com/tags/merglobe.gif]
[www.w3schools.com/js/mercur.html]
[www.w3schools.com/js/image.html]
[www.w3schools.com/js/tryjs_breakout.html]
