[www.w3schools.com/jquery/default.html]
[www.w3schools.com/detroitchicago/greenoaks.gif]
[www.w3schools.com/porpoiseant/army.gif]
[www.w3schools.com/ezoic/e.gif]
[backblue.gif]
[fade.gif]
[index.html]
[www.w3schools.com/w3css/3/w3.css]
[www.google-analytics.com/analytics.js]
[www.googletagservices.com/tag/js/gpt.js]
[www.w3schools.com/detroitchicago/rochester1812.js]
[www.w3schools.com/jquery/jquery_ref_selectors.html]
[www.w3schools.com/jquery/jquery_examples.html]
[www.w3schools.com/jquery/jquery_intro.html]
[www.w3schools.com/jquery/jquery_get_started.html]
[www.w3schools.com/jquery/jquery_syntax.html]
[www.w3schools.com/jquery/jquery_selectors.html]
[www.w3schools.com/jquery/jquery_events.html]
[www.w3schools.com/jquery/jquery_hide_show.html]
[www.w3schools.com/jquery/jquery_fade.html]
[www.w3schools.com/jquery/jquery_slide.html]
[www.w3schools.com/jquery/jquery_animate.html]
[www.w3schools.com/jquery/jquery_callback.html]
[www.w3schools.com/jquery/jquery_stop.html]
[www.w3schools.com/jquery/jquery_chaining.html]
[www.w3schools.com/jquery/jquery_dom_get.html]
[www.w3schools.com/jquery/jquery_dom_set.html]
[www.w3schools.com/jquery/jquery_dom_add.html]
[www.w3schools.com/jquery/jquery_css_classes.html]
[www.w3schools.com/jquery/jquery_css.html]
[www.w3schools.com/jquery/jquery_dom_remove.html]
[www.w3schools.com/jquery/jquery_dimensions.html]
[www.w3schools.com/jquery/jquery_traversing_ancestors.html]
[www.w3schools.com/jquery/jquery_traversing_siblings.html]
[www.w3schools.com/jquery/jquery_traversing_filtering.html]
[www.w3schools.com/jquery/jquery_ajax_intro.html]
[www.w3schools.com/jquery/jquery_traversing.html]
[www.w3schools.com/jquery/jquery_ajax_load.html]
[www.w3schools.com/jquery/jquery_ajax_get_post.html]
[www.w3schools.com/jquery/jquery_noconflict.html]
[www.w3schools.com/jquery/jquery_quiz.html]
[www.w3schools.com/jquery/jquery_exam.html]
[www.w3schools.com/jquery/jquery_ref_events.html]
[www.w3schools.com/jquery/jquery_ref_effects.html]
[www.w3schools.com/jquery/jquery_ref_html.html]
[www.w3schools.com/jquery/jquery_ref_traversing.html]
[www.w3schools.com/jquery/jquery_ref_ajax.html]
[www.w3schools.com/jquery/jquery_ref_misc.html]
[www.w3schools.com/jquery/jquery_ref_prop.html]
[www.w3schools.com/jquery/tryitac9f.html]
[www.w3schools.com/images/colorpicker.gif]
[www.w3schools.com/images/w3schoolscom_gray.gif]
[www.w3schools.com/lib/w3schools_footer.js]
[translate.google.com/translate_a/element.33a0d8.delayed]
[pixel.quantserve.com/pixel/p-31iz6hfFutd16729f.gif]
[www.w3schools.com/jquery/default.html]
[www.w3schools.com/w3css/3/w3.css]
[www.w3schools.com/jquery/trysel.html]
[www.w3schools.com/jquery/sel_all.html]
[www.w3schools.com/jquery/sel_id.html]
[www.w3schools.com/jquery/sel_class.html]
[www.w3schools.com/jquery/sel_multiple_classes.html]
[www.w3schools.com/jquery/sel_element.html]
[www.w3schools.com/jquery/sel_multiple_sel.html]
[www.w3schools.com/jquery/sel_first.html]
[www.w3schools.com/jquery/sel_last.html]
[www.w3schools.com/jquery/sel_even.html]
[www.w3schools.com/jquery/jquery_traversing_descendants.html]
[www.w3schools.com/jquery/sel_firstchild.html]
[www.w3schools.com/jquery/sel_firstoftype.html]
[www.w3schools.com/jquery/sel_odd.html]
[www.w3schools.com/jquery/sel_lastchild.html]
[www.w3schools.com/jquery/sel_lastoftype.html]
[www.w3schools.com/jquery/sel_nthchild.html]
[www.w3schools.com/jquery/sel_nthlastchild.html]
[www.w3schools.com/jquery/sel_nthoftype.html]
[www.w3schools.com/jquery/sel_nthlastoftype.html]
[www.w3schools.com/jquery/sel_onlychild.html]
[www.w3schools.com/jquery/sel_onlyoftype.html]
[www.w3schools.com/jquery/sel_parent_child.html]
[www.w3schools.com/jquery/sel_parent_descendant.html]
[www.w3schools.com/jquery/sel_previous_next.html]
[www.w3schools.com/jquery/sel_previous_siblings.html]
[www.w3schools.com/jquery/sel_eq.html]
[www.w3schools.com/jquery/sel_gt.html]
[www.w3schools.com/jquery/sel_lt.html]
[www.w3schools.com/jquery/sel_not.html]
[www.w3schools.com/jquery/sel_header.html]
[www.w3schools.com/jquery/sel_animated.html]
[www.w3schools.com/jquery/sel_focus.html]
[www.w3schools.com/jquery/sel_contains.html]
[www.w3schools.com/jquery/sel_has.html]
[www.w3schools.com/jquery/sel_empty.html]
[www.w3schools.com/jquery/sel_parent.html]
[www.w3schools.com/jquery/sel_hidden.html]
[www.w3schools.com/jquery/sel_visible.html]
[www.w3schools.com/jquery/sel_root.html]
[www.w3schools.com/jquery/sel_lang.html]
[www.w3schools.com/jquery/sel_attribute.html]
[www.w3schools.com/jquery/sel_attribute_equal_value.html]
[www.w3schools.com/jquery/sel_attribute_notequal_value.html]
[www.w3schools.com/jquery/sel_attribute_end_value.html]
[www.w3schools.com/jquery/sel_attribute_prefix_value.html]
[www.w3schools.com/jquery/sel_attribute_beginning_value.html]
[www.w3schools.com/jquery/sel_attribute_contains_value.html]
[www.w3schools.com/jquery/sel_attribute_contains_string_value.html]
[www.w3schools.com/jquery/sel_input.html]
[www.w3schools.com/jquery/sel_input_text.html]
[www.w3schools.com/jquery/sel_input_password.html]
[www.w3schools.com/jquery/sel_input_radio.html]
[www.w3schools.com/jquery/sel_input_checkbox.html]
[www.w3schools.com/jquery/sel_input_submit.html]
[www.w3schools.com/jquery/sel_input_reset.html]
[www.w3schools.com/jquery/sel_input_button.html]
[www.w3schools.com/jquery/sel_input_image.html]
[www.w3schools.com/jquery/sel_input_file.html]
[www.w3schools.com/jquery/sel_input_enabled.html]
[www.w3schools.com/jquery/sel_input_disabled.html]
[www.w3schools.com/jquery/sel_input_selected.html]
[www.w3schools.com/jquery/jquery_ref_selectors.html]
[www.w3schools.com/jquery/sel_input_checked.html]
[www.w3schools.com/jquery/tryit1ce2.html]
[www.w3schools.com/jquery/tryit5734.html]
[www.w3schools.com/jquery/tryitc92b.html]
[www.w3schools.com/jquery/tryit4ecd.html]
[www.w3schools.com/jquery/tryita551.html]
[www.w3schools.com/jquery/tryit5e36.html]
[www.w3schools.com/jquery/tryit51f8.html]
[www.w3schools.com/jquery/tryitde9b.html]
[www.w3schools.com/jquery/tryit433e.html]
[www.w3schools.com/jquery/tryitd77b.html]
[www.w3schools.com/jquery/tryit5e68.html]
[www.w3schools.com/jquery/tryit6082.html]
[www.w3schools.com/jquery/tryit072e.html]
[www.w3schools.com/jquery/tryitbe1d.html]
[www.w3schools.com/jquery/tryit58dc.html]
[www.w3schools.com/jquery/tryit56bc.html]
[www.w3schools.com/jquery/tryitd26d.html]
[www.w3schools.com/jquery/tryit4429.html]
[www.w3schools.com/jquery/tryit3992.html]
[www.w3schools.com/jquery/tryita8e6.html]
[www.w3schools.com/jquery/tryit9f3e.html]
[www.w3schools.com/jquery/tryitd576.html]
[www.w3schools.com/jquery/tryitb5d3.html]
[www.w3schools.com/jquery/tryita8a1.html]
[www.w3schools.com/jquery/tryit463d.html]
[www.w3schools.com/jquery/tryitb80e.html]
[www.w3schools.com/jquery/tryita1d8.html]
[www.w3schools.com/jquery/tryit04ef.html]
[www.w3schools.com/jquery/tryitf25f.html]
[www.w3schools.com/jquery/tryitfc38.html]
[www.w3schools.com/jquery/tryite748.html]
[www.w3schools.com/jquery/tryit38a0.html]
[www.w3schools.com/jquery/tryit7a79.html]
[www.w3schools.com/jquery/tryit21e2.html]
[www.w3schools.com/jquery/tryitb640.html]
[www.w3schools.com/jquery/tryit34a8.html]
[www.w3schools.com/jquery/tryit594f.html]
[www.w3schools.com/jquery/tryit1e1a.html]
[www.w3schools.com/jquery/tryitdec4.html]
[www.w3schools.com/jquery/tryitf469.html]
[www.w3schools.com/jquery/tryitba48.html]
[www.w3schools.com/jquery/tryit7438.html]
[www.w3schools.com/jquery/tryit7fc1.html]
[www.w3schools.com/jquery/tryit770e.html]
[www.w3schools.com/jquery/tryitfa46.html]
[www.w3schools.com/jquery/tryitf9c0.html]
[www.w3schools.com/jquery/tryit14b7.html]
[www.w3schools.com/jquery/tryitedf3.html]
[www.w3schools.com/jquery/tryitbe89.html]
[www.w3schools.com/jquery/tryitbcba.html]
[www.w3schools.com/jquery/tryit46c0.html]
[www.w3schools.com/jquery/tryitf551.html]
[www.w3schools.com/jquery/tryitc50f.html]
[www.w3schools.com/jquery/tryitc3a6.html]
[www.w3schools.com/jquery/tryitaf22.html]
[www.w3schools.com/jquery/tryit0b30.html]
[www.w3schools.com/jquery/tryiteb75.html]
[www.w3schools.com/jquery/tryitc476.html]
[www.w3schools.com/jquery/tryit27b0.html]
[www.w3schools.com/jquery/tryitc3cc.html]
[www.w3schools.com/jquery/tryit52bb.html]
[www.w3schools.com/jquery/tryit5293.html]
[www.w3schools.com/jquery/tryit08a0.html]
[www.w3schools.com/jquery/tryit4f33.html]
[www.w3schools.com/jquery/tryit48b8.html]
[www.w3schools.com/jquery/tryit5251.html]
[www.w3schools.com/jquery/tryit9423.html]
[www.w3schools.com/jquery/tryit27cb.html]
[www.w3schools.com/jquery/tryit6a80.html]
[www.w3schools.com/jquery/tryitc074.html]
[www.w3schools.com/jquery/tryit9e18.html]
[www.w3schools.com/jquery/tryit374b.html]
[www.w3schools.com/jquery/tryitd6c8.html]
[www.w3schools.com/jquery/tryit4c5c.html]
[www.w3schools.com/jquery/tryit4504.html]
[www.w3schools.com/jquery/tryita5bd.html]
[www.w3schools.com/jquery/tryit2bb0.html]
[www.w3schools.com/jquery/jquery_examples.html]
[www.w3schools.com/jquery/jquery_intro.html]
[www.w3schools.com/jquery/tryit0b76.html]
[www.w3schools.com/jquery/tryite438.html]
[www.w3schools.com/jquery/tryit08e9.html]
[www.w3schools.com/jquery/jquery_get_started.html]
[www.w3schools.com/jquery/jquery_syntax.html]
[www.w3schools.com/jquery/tryit5ebd.html]
[www.w3schools.com/jquery/tryitd44e.html]
[www.w3schools.com/jquery/tryit71dc.html]
[www.w3schools.com/jquery/tryit6f0d.html]
[www.w3schools.com/jquery/tryit418e.html]
[www.w3schools.com/jquery/tryit7de4.html]
[www.w3schools.com/jquery/tryit604e.html]
[www.w3schools.com/jquery/tryit7901.html]
[www.w3schools.com/jquery/tryit0ce0.html]
[www.w3schools.com/jquery/tryit16ac.html]
[www.w3schools.com/jquery/tryitba98.html]
[www.w3schools.com/jquery/exercisee24f.html]
[www.w3schools.com/jquery/exercisec72e.html]
[www.w3schools.com/jquery/exercise6ebd.html]
[www.w3schools.com/jquery/exercise4da1.html]
[www.w3schools.com/jquery/exercise5675.html]
[www.w3schools.com/jquery/exercised9c5.html]
[www.w3schools.com/jquery/jquery_selectors.html]
[www.w3schools.com/jquery/tryit7485.html]
[www.w3schools.com/jquery/tryit8b5d.html]
[www.w3schools.com/jquery/exercise75ae.html]
[www.w3schools.com/jquery/exercise4acd.html]
[www.w3schools.com/jquery/exerciseb048.html]
[www.w3schools.com/jquery/exercise952a.html]
[www.w3schools.com/jquery/exercised12d.html]
[www.w3schools.com/jquery/jquery_events.html]
[ajax.googleapis.com/ajax/libs/jquery/3.2.0/jquery.min.js]
[www.w3schools.com/jquery/tryite661.html]
[www.w3schools.com/jquery/exercise90e1.html]
[www.w3schools.com/jquery/exercisedae4.html]
[www.w3schools.com/jquery/exercisef2d1.html]
[www.w3schools.com/jquery/exerciseeb29.html]
[www.w3schools.com/jquery/jquery_hide_show.html]
[www.w3schools.com/jquery/exercise4d5e.html]
[www.w3schools.com/jquery/exercisee814.html]
[www.w3schools.com/jquery/exercise6115.html]
[www.w3schools.com/jquery/exercisef9e7.html]
[www.w3schools.com/jquery/exercise2399.html]
[www.w3schools.com/jquery/jquery_fade.html]
[www.w3schools.com/jquery/exercise3200.html]
[www.w3schools.com/jquery/exercise1d10.html]
[www.w3schools.com/jquery/exercisebec0.html]
[www.w3schools.com/jquery/jquery_slide.html]
[www.w3schools.com/jquery/exercise162c.html]
[www.w3schools.com/jquery/exercisee78b.html]
[www.w3schools.com/jquery/exercise5409.html]
[www.w3schools.com/jquery/exercise109d.html]
[www.w3schools.com/jquery/exercise43e0.html]
[www.w3schools.com/jquery/jquery_animate.html]
[www.w3schools.com/jquery/jquery_stop.html]
[www.w3schools.com/jquery/tryit9fdc.html]
[www.w3schools.com/jquery/jquery_callback.html]
[www.w3schools.com/jquery/tryit0ad8.html]
[www.w3schools.com/jquery/tryit498c.html]
[www.w3schools.com/jquery/jquery_chaining.html]
[www.w3schools.com/jquery/tryit248c.html]
[www.w3schools.com/jquery/exercisef618.html]
[www.w3schools.com/jquery/exercise0b58.html]
[www.w3schools.com/jquery/exercise357c.html]
[www.w3schools.com/jquery/jquery_dom_get.html]
[www.w3schools.com/jquery/exercise461e.html]
[www.w3schools.com/jquery/exercisefc03.html]
[www.w3schools.com/jquery/exercise5a61.html]
[www.w3schools.com/jquery/exercise3c70.html]
[www.w3schools.com/jquery/exercise023c.html]
[www.w3schools.com/jquery/jquery_dom_set.html]
[www.w3schools.com/jquery/exercise02ed.html]
[www.w3schools.com/jquery/exercise06b0.html]
[www.w3schools.com/jquery/exercised9b7.html]
[www.w3schools.com/jquery/exercisee046.html]
[www.w3schools.com/jquery/jquery_dom_add.html]
[www.w3schools.com/jquery/exercisef75a.html]
[www.w3schools.com/jquery/tryit4d3c.html]
[www.w3schools.com/jquery/exercisec67b.html]
[www.w3schools.com/jquery/exercise5b84.html]
[www.w3schools.com/jquery/exercisebda1.html]
[www.w3schools.com/jquery/exercisee373.html]
[www.w3schools.com/jquery/jquery_dom_remove.html]
[www.w3schools.com/jquery/exercise13e1.html]
[www.w3schools.com/jquery/exercise8364.html]
[www.w3schools.com/jquery/exercise5b0c.html]
[www.w3schools.com/jquery/jquery_css_classes.html]
[www.w3schools.com/jquery/exercise7bf5.html]
[www.w3schools.com/jquery/exercisebae0.html]
[www.w3schools.com/jquery/exercise9554.html]
[www.w3schools.com/jquery/exercise624c.html]
[www.w3schools.com/jquery/exercisee336.html]
[www.w3schools.com/jquery/jquery_css.html]
[www.w3schools.com/jquery/img_jquerydim.gif]
[www.w3schools.com/jquery/exercisec4df.html]
[www.w3schools.com/jquery/exercise7ed8.html]
[www.w3schools.com/jquery/exerciseaedf.html]
[www.w3schools.com/jquery/exercise41f7.html]
[www.w3schools.com/jquery/exercisea069.html]
[www.w3schools.com/jquery/jquery_dimensions.html]
[www.w3schools.com/jquery/img_travtree.png]
[www.w3schools.com/jquery/jquery_traversing.html]
[www.w3schools.com/jquery/tryitfd6e.html]
[www.w3schools.com/jquery/exercise196b.html]
[www.w3schools.com/jquery/exercise6368.html]
[www.w3schools.com/jquery/exercisece76.html]
[www.w3schools.com/jquery/exercise56c7.html]
[www.w3schools.com/jquery/jquery_traversing_ancestors.html]
[www.w3schools.com/jquery/tryit0e4d.html]
[www.w3schools.com/jquery/tryit83fa.html]
[www.w3schools.com/jquery/exercise5a5b.html]
[www.w3schools.com/jquery/exercisea302.html]
[www.w3schools.com/jquery/exercise6b31.html]
[www.w3schools.com/jquery/exercised528.html]
[www.w3schools.com/jquery/jquery_traversing_descendants.html]
[www.w3schools.com/jquery/exercise0a56.html]
[www.w3schools.com/jquery/tryite742.html]
[www.w3schools.com/jquery/exercisec187.html]
[www.w3schools.com/jquery/exercisea098.html]
[www.w3schools.com/jquery/exercisef542.html]
[www.w3schools.com/jquery/exercise49a4.html]
[www.w3schools.com/jquery/exercise8bc7.html]
[www.w3schools.com/jquery/jquery_traversing_siblings.html]
[www.w3schools.com/jquery/exercise6639.html]
[www.w3schools.com/jquery/exercise2ebf.html]
[www.w3schools.com/jquery/exercisea3d4.html]
[www.w3schools.com/jquery/exercise8137.html]
[www.w3schools.com/jquery/exercise2541.html]
[www.w3schools.com/jquery/exercise6147.html]
[www.w3schools.com/jquery/jquery_traversing_filtering.html]
[ajax.googleapis.com/ajax/libs/jquery/1.12.4/jquery.min.js]
[www.w3schools.com/jquery/demo_test.txt]
[www.w3schools.com/jquery/jquery_ajax_intro.html]
[www.w3schools.com/jquery/test.12d.delayed]
[www.w3schools.com/jquery/jquery_ajax_load.html]
[www.w3schools.com/jquery/jquery_ajax_get_post.html]
[www.w3schools.com/jquery/tryitad2a.html]
[www.w3schools.com/jquery/tryite5e0.html]
[www.w3schools.com/jquery/jquery_noconflict.html]
[www.w3schools.com/images/w3cert.gif]
[www.w3schools.com/jquery/jquery_quiz.html]
[www.w3schools.com/cert/pic_html_cert_small.gif]
[www.w3schools.com/jquery/jquery_exam.html]
[www.w3schools.com/jquery/event_bind.html]
[www.w3schools.com/jquery/tryit4dab.html]
[www.w3schools.com/jquery/event_on.html]
[www.w3schools.com/jquery/event_blur.html]
[www.w3schools.com/jquery/event_change.html]
[www.w3schools.com/jquery/event_click.html]
[www.w3schools.com/jquery/event_dblclick.html]
[www.w3schools.com/jquery/event_delegate.html]
[www.w3schools.com/jquery/event_die.html]
[www.w3schools.com/jquery/event_currenttarget.html]
[www.w3schools.com/jquery/event_error.html]
[www.w3schools.com/jquery/event_data.html]
[www.w3schools.com/jquery/event_delegatetarget.html]
[www.w3schools.com/jquery/event_isdefaultprevented.html]
[www.w3schools.com/jquery/event_isimmediatepropagationstopped.html]
[www.w3schools.com/jquery/event_ispropagationstopped.html]
[www.w3schools.com/jquery/event_namespace.html]
[www.w3schools.com/jquery/event_pagex.html]
[www.w3schools.com/jquery/event_pagey.html]
[www.w3schools.com/jquery/event_preventdefault.html]
[www.w3schools.com/jquery/event_result.html]
[www.w3schools.com/jquery/event_relatedtarget.html]
[www.w3schools.com/jquery/event_stopimmediatepropagation.html]
[www.w3schools.com/jquery/event_stoppropagation.html]
[www.w3schools.com/jquery/event_target.html]
[www.w3schools.com/jquery/event_timestamp.html]
[www.w3schools.com/jquery/event_type.html]
[www.w3schools.com/jquery/event_which.html]
[www.w3schools.com/jquery/event_focus.html]
[www.w3schools.com/jquery/event_focusin.html]
[www.w3schools.com/jquery/event_focusout.html]
[www.w3schools.com/jquery/event_hover.html]
[www.w3schools.com/jquery/event_keydown.html]
[www.w3schools.com/jquery/event_keypress.html]
[www.w3schools.com/jquery/event_keyup.html]
[www.w3schools.com/jquery/event_live.html]
[www.w3schools.com/jquery/event_load.html]
[www.w3schools.com/jquery/event_mousedown.html]
[www.w3schools.com/jquery/event_mouseenter.html]
[www.w3schools.com/jquery/event_mouseleave.html]
[www.w3schools.com/jquery/event_mousemove.html]
[www.w3schools.com/jquery/event_mouseout.html]
[www.w3schools.com/jquery/event_mouseover.html]
[www.w3schools.com/jquery/event_mouseup.html]
[www.w3schools.com/jquery/event_off.html]
[www.w3schools.com/jquery/event_one.html]
[www.w3schools.com/jquery/event_proxy.html]
[www.w3schools.com/jquery/event_ready.html]
[www.w3schools.com/jquery/event_resize.html]
[www.w3schools.com/jquery/event_scroll.html]
[www.w3schools.com/jquery/event_select.html]
[www.w3schools.com/jquery/event_submit.html]
[www.w3schools.com/jquery/event_toggle.html]
[www.w3schools.com/jquery/event_trigger.html]
[www.w3schools.com/jquery/event_triggerhandler.html]
[www.w3schools.com/jquery/event_unbind.html]
[www.w3schools.com/jquery/event_undelegate.html]
[www.w3schools.com/jquery/jquery_ref_events.html]
[www.w3schools.com/jquery/event_unload.html]
[www.w3schools.com/jquery/eff_animate.html]
[www.w3schools.com/jquery/eff_clearqueue.html]
[www.w3schools.com/jquery/eff_delay.html]
[www.w3schools.com/jquery/eff_dequeue.html]
[www.w3schools.com/jquery/eff_fadein.html]
[www.w3schools.com/jquery/eff_fadeout.html]
[www.w3schools.com/jquery/eff_fadeto.html]
[www.w3schools.com/jquery/eff_fadetoggle.html]
[www.w3schools.com/jquery/eff_finish.html]
[www.w3schools.com/jquery/eff_hide.html]
[www.w3schools.com/jquery/eff_queue.html]
[www.w3schools.com/jquery/eff_slidedown.html]
[www.w3schools.com/jquery/eff_slidetoggle.html]
[www.w3schools.com/jquery/eff_show.html]
[www.w3schools.com/jquery/eff_slideup.html]
[www.w3schools.com/jquery/eff_stop.html]
[www.w3schools.com/jquery/jquery_ref_effects.html]
[www.w3schools.com/jquery/eff_toggle.html]
[www.w3schools.com/jquery/html_addclass.html]
[www.w3schools.com/jquery/html_after.html]
[www.w3schools.com/jquery/html_append.html]
[www.w3schools.com/jquery/html_appendto.html]
[www.w3schools.com/jquery/html_attr.html]
[www.w3schools.com/jquery/html_before.html]
[www.w3schools.com/jquery/html_clone.html]
[www.w3schools.com/jquery/css_css.html]
[www.w3schools.com/jquery/html_detach.html]
[www.w3schools.com/jquery/html_empty.html]
[www.w3schools.com/jquery/css_height.html]
[www.w3schools.com/jquery/html_hasclass.html]
[www.w3schools.com/jquery/html_html.html]
[www.w3schools.com/jquery/html_innerheight.html]
[www.w3schools.com/jquery/html_innerwidth.html]
[www.w3schools.com/jquery/html_insertafter.html]
[www.w3schools.com/jquery/html_insertbefore.html]
[www.w3schools.com/jquery/css_offset.html]
[www.w3schools.com/jquery/css_offsetparent.html]
[www.w3schools.com/jquery/html_outerheight.html]
[www.w3schools.com/jquery/html_outerwidth.html]
[www.w3schools.com/jquery/css_position.html]
[www.w3schools.com/jquery/html_prepend.html]
[www.w3schools.com/jquery/html_prependto.html]
[www.w3schools.com/jquery/html_prop.html]
[www.w3schools.com/jquery/html_remove.html]
[www.w3schools.com/jquery/html_removeattr.html]
[www.w3schools.com/jquery/html_removeclass.html]
[www.w3schools.com/jquery/html_removeprop.html]
[www.w3schools.com/jquery/html_replaceall.html]
[www.w3schools.com/jquery/html_replacewith.html]
[www.w3schools.com/jquery/css_scrollleft.html]
[www.w3schools.com/jquery/css_scrolltop.html]
[www.w3schools.com/jquery/html_text.html]
[www.w3schools.com/jquery/html_toggleclass.html]
[www.w3schools.com/jquery/html_unwrap.html]
[www.w3schools.com/jquery/html_val.html]
[www.w3schools.com/jquery/css_width.html]
[www.w3schools.com/jquery/html_wrap.html]
[www.w3schools.com/jquery/html_wrapall.html]
[www.w3schools.com/jquery/jquery_ref_html.html]
[www.w3schools.com/jquery/html_wrapinner.html]
[www.w3schools.com/jquery/traversing_add.html]
[www.w3schools.com/jquery/traversing_closest.html]
[www.w3schools.com/jquery/traversing_contents.html]
[www.w3schools.com/jquery/traversing_each.html]
[www.w3schools.com/jquery/traversing_eq.html]
[www.w3schools.com/jquery/traversing_filter.html]
[www.w3schools.com/jquery/traversing_find.html]
[www.w3schools.com/jquery/traversing_first.html]
[www.w3schools.com/jquery/traversing_children.html]
[www.w3schools.com/jquery/traversing_has.html]
[www.w3schools.com/jquery/traversing_is.html]
[www.w3schools.com/jquery/traversing_last.html]
[www.w3schools.com/jquery/traversing_next.html]
[www.w3schools.com/jquery/traversing_nextall.html]
[www.w3schools.com/jquery/traversing_nextuntil.html]
[www.w3schools.com/jquery/traversing_not.html]
[www.w3schools.com/jquery/traversing_offsetparent.html]
[www.w3schools.com/jquery/traversing_parent.html]
[www.w3schools.com/jquery/traversing_parents.html]
[www.w3schools.com/jquery/traversing_parentsuntil.html]
[www.w3schools.com/jquery/traversing_prev.html]
[www.w3schools.com/jquery/traversing_prevall.html]
[www.w3schools.com/jquery/traversing_prevuntil.html]
[www.w3schools.com/jquery/jquery_ref_traversing.html]
[www.w3schools.com/jquery/traversing_slice.html]
[www.w3schools.com/jquery/ajax_ajax.html]
[www.w3schools.com/jquery/traversing_siblings.html]
[www.w3schools.com/jquery/ajax_ajaxsetup.html]
[www.w3schools.com/jquery/ajax_get.html]
[www.w3schools.com/jquery/ajax_getjson.html]
[www.w3schools.com/jquery/ajax_getscript.html]
[www.w3schools.com/jquery/ajax_param.html]
[www.w3schools.com/jquery/ajax_post.html]
[www.w3schools.com/jquery/ajax_ajaxcomplete.html]
[www.w3schools.com/jquery/ajax_ajaxerror.html]
[www.w3schools.com/jquery/ajax_ajaxsend.html]
[www.w3schools.com/jquery/ajax_ajaxstart.html]
[www.w3schools.com/jquery/ajax_ajaxstop.html]
[www.w3schools.com/jquery/ajax_ajaxsuccess.html]
[www.w3schools.com/jquery/ajax_load.html]
[www.w3schools.com/jquery/ajax_serialize.html]
[www.w3schools.com/jquery/jquery_ref_ajax.html]
[www.w3schools.com/jquery/ajax_serializearray.html]
[www.w3schools.com/jquery/misc_data.html]
[www.w3schools.com/jquery/misc_each.html]
[www.w3schools.com/jquery/misc_index.html]
[www.w3schools.com/jquery/misc_get.html]
[www.w3schools.com/jquery/misc_noconflict.html]
[www.w3schools.com/jquery/misc_param.html]
[www.w3schools.com/jquery/misc_removedata.html]
[www.w3schools.com/jquery/misc_size.html]
[www.w3schools.com/jquery/prop_length.html]
[www.w3schools.com/jquery/jquery_ref_misc.html]
[www.w3schools.com/jquery/misc_toarray.html]
[www.w3schools.com/jquery/prop_context.html]
[www.w3schools.com/jquery/prop_jquery.html]
[www.w3schools.com/jquery/prop_jquery_fx_interval.html]
[www.w3schools.com/jquery/jquery_ref_prop.html]
[www.w3schools.com/jquery/prop_jquery_fx_off.html]
[www.w3schools.com/jquery/prop_jquery_support.html]
[www.w3schools.com/lib/codemirror.css]
[www.w3schools.com/lib/codemirror.js]
[www.w3schools.com/jquery/POST.1e0.delayed]
[www.w3schools.com/images/driveicon.png]
[www.w3schools.com/images/stack_vertically.png]
[www.w3schools.com/images/stack_horizontally.png]
[www.w3schools.com/jquery/GET.1e4.delayed]
[apis.google.com/js/clientba50.js]
[www.w3schools.com/jquery/tryitac9f.html]
[www.w3schools.com/lib/w3schools_footer.js]
[translate.google.com/translate_a/elementa0d8.html]
[www.w3schools.com/trystyle.css]
[www.w3schools.com/jquery/jquery.js]
[www.w3schools.com/jquery/arrow-r.jpg]
[www.w3schools.com/jquery/trysel.html]
[www.w3schools.com/jquery/tryit5164.html]
[www.w3schools.com/jquery/sel_all.html]
[www.w3schools.com/jquery/tryitcde7.html]
[www.w3schools.com/jquery/sel_id.html]
[www.w3schools.com/jquery/tryit71a6.html]
[www.w3schools.com/jquery/tryita1c5.html]
[www.w3schools.com/jquery/sel_class.html]
[www.w3schools.com/jquery/tryit5871.html]
[www.w3schools.com/jquery/sel_multiple_classes.html]
[www.w3schools.com/jquery/tryit1811.html]
[www.w3schools.com/jquery/sel_element.html]
[www.w3schools.com/jquery/tryit9c3e.html]
[www.w3schools.com/jquery/sel_multiple_sel.html]
[www.w3schools.com/jquery/tryit791f.html]
[www.w3schools.com/jquery/tryitec3a.html]
[www.w3schools.com/jquery/sel_first.html]
[www.w3schools.com/jquery/tryit6a4a.html]
[www.w3schools.com/jquery/tryitdf3e.html]
[www.w3schools.com/jquery/sel_last.html]
[www.w3schools.com/jquery/sel_even.html]
[www.w3schools.com/jquery/sel_odd.html]
[www.w3schools.com/jquery/tryitf042.html]
[www.w3schools.com/jquery/tryit7840.html]
[www.w3schools.com/jquery/tryit2287.html]
[www.w3schools.com/jquery/sel_firstchild.html]
[www.w3schools.com/jquery/tryitc6db.html]
[www.w3schools.com/jquery/tryitea23.html]
[www.w3schools.com/jquery/sel_firstoftype.html]
[www.w3schools.com/jquery/tryit24c7.html]
[www.w3schools.com/jquery/tryit87f9.html]
[www.w3schools.com/jquery/tryite4b1.html]
[www.w3schools.com/jquery/sel_lastchild.html]
[www.w3schools.com/jquery/tryite703.html]
[www.w3schools.com/jquery/tryitc07d.html]
[www.w3schools.com/jquery/sel_lastoftype.html]
[www.w3schools.com/jquery/tryit1522.html]
[www.w3schools.com/jquery/tryit538a.html]
[www.w3schools.com/jquery/tryit494c.html]
[www.w3schools.com/jquery/tryita824.html]
[www.w3schools.com/jquery/tryit7325.html]
[www.w3schools.com/jquery/sel_nthchild.html]
[www.w3schools.com/jquery/tryitcadf.html]
[www.w3schools.com/jquery/tryit2849.html]
[www.w3schools.com/jquery/tryit209f.html]
[www.w3schools.com/jquery/tryit71c9.html]
[www.w3schools.com/jquery/sel_nthlastchild.html]
[www.w3schools.com/jquery/tryit47cf.html]
[www.w3schools.com/jquery/tryitb320.html]
[www.w3schools.com/jquery/tryit425d.html]
[www.w3schools.com/jquery/tryita558.html]
[www.w3schools.com/jquery/sel_nthoftype.html]
[www.w3schools.com/jquery/tryit69a5.html]
[www.w3schools.com/jquery/tryit1a84.html]
[www.w3schools.com/jquery/tryitbb4b.html]
[www.w3schools.com/jquery/tryit7cf3.html]
[www.w3schools.com/jquery/sel_nthlastoftype.html]
[www.w3schools.com/jquery/tryit93b8.html]
[www.w3schools.com/jquery/sel_onlychild.html]
[www.w3schools.com/jquery/tryit09f7.html]
[www.w3schools.com/jquery/sel_onlyoftype.html]
[www.w3schools.com/jquery/tryitdb3a.html]
[www.w3schools.com/jquery/tryitb00e.html]
[www.w3schools.com/jquery/sel_parent_child.html]
[www.w3schools.com/jquery/tryit4a79.html]
[www.w3schools.com/jquery/tryit628c.html]
[www.w3schools.com/jquery/sel_parent_descendant.html]
[www.w3schools.com/jquery/tryitfc6c.html]
[www.w3schools.com/jquery/tryiteccb.html]
[www.w3schools.com/jquery/sel_previous_next.html]
[www.w3schools.com/jquery/tryitd95b.html]
[www.w3schools.com/jquery/sel_previous_siblings.html]
[www.w3schools.com/jquery/tryit6e52.html]
[www.w3schools.com/jquery/sel_eq.html]
[www.w3schools.com/jquery/tryitc892.html]
[www.w3schools.com/jquery/sel_gt.html]
[www.w3schools.com/jquery/tryitbe7e.html]
[www.w3schools.com/jquery/sel_lt.html]
[www.w3schools.com/jquery/tryit18d8.html]
[www.w3schools.com/jquery/tryit07e3.html]
[www.w3schools.com/jquery/sel_not.html]
[www.w3schools.com/jquery/sel_header.html]
[www.w3schools.com/jquery/tryitc01a.html]
[www.w3schools.com/jquery/sel_animated.html]
[www.w3schools.com/jquery/tryit2db3.html]
[www.w3schools.com/jquery/sel_focus.html]
[www.w3schools.com/jquery/tryit5419.html]
[www.w3schools.com/jquery/sel_contains.html]
[www.w3schools.com/jquery/tryit94ce.html]
[www.w3schools.com/jquery/tryit3529.html]
[www.w3schools.com/jquery/tryit973d.html]
[www.w3schools.com/jquery/sel_has.html]
[www.w3schools.com/jquery/tryit6fc8.html]
[www.w3schools.com/jquery/tryit4873.html]
[www.w3schools.com/jquery/sel_empty.html]
[www.w3schools.com/jquery/sel_parent.html]
[www.w3schools.com/jquery/sel_hidden.html]
[www.w3schools.com/jquery/tryitab44.html]
[www.w3schools.com/jquery/sel_visible.html]
[www.w3schools.com/jquery/tryit19a7.html]
[www.w3schools.com/jquery/tryit35be.html]
[www.w3schools.com/jquery/sel_root.html]
[www.w3schools.com/jquery/tryitebb6.html]
[www.w3schools.com/jquery/sel_lang.html]
[www.w3schools.com/jquery/tryitec50.html]
[www.w3schools.com/jquery/sel_attribute.html]
[www.w3schools.com/jquery/tryit8992.html]
[www.w3schools.com/jquery/sel_attribute_equal_value.html]
[www.w3schools.com/jquery/tryitda42.html]
[www.w3schools.com/jquery/sel_attribute_notequal_value.html]
[www.w3schools.com/jquery/tryitc392.html]
[www.w3schools.com/jquery/sel_attribute_end_value.html]
[www.w3schools.com/jquery/tryit7181.html]
[www.w3schools.com/jquery/tryit69b5.html]
[www.w3schools.com/jquery/sel_attribute_prefix_value.html]
[www.w3schools.com/jquery/tryit9d88.html]
[www.w3schools.com/jquery/sel_attribute_beginning_value.html]
[www.w3schools.com/jquery/tryit57f7.html]
[www.w3schools.com/jquery/sel_attribute_contains_value.html]
[www.w3schools.com/jquery/tryit1e8f.html]
[www.w3schools.com/jquery/sel_attribute_contains_string_value.html]
[www.w3schools.com/jquery/tryit36c8.html]
[www.w3schools.com/jquery/sel_input.html]
[www.w3schools.com/jquery/tryite4b4.html]
[www.w3schools.com/jquery/sel_input_text.html]
[www.w3schools.com/jquery/tryitfc48.html]
[www.w3schools.com/jquery/sel_input_password.html]
[www.w3schools.com/jquery/tryit6aad.html]
[www.w3schools.com/jquery/sel_input_radio.html]
[www.w3schools.com/jquery/tryitdefd.html]
[www.w3schools.com/jquery/sel_input_checkbox.html]
[www.w3schools.com/jquery/tryit4472.html]
[www.w3schools.com/jquery/sel_input_submit.html]
[www.w3schools.com/jquery/tryitc1bb.html]
[www.w3schools.com/jquery/sel_input_reset.html]
[www.w3schools.com/jquery/tryit4a7c.html]
[www.w3schools.com/jquery/sel_input_button.html]
[www.w3schools.com/jquery/tryit3a0a.html]
[www.w3schools.com/jquery/tryit1a0f.html]
[www.w3schools.com/jquery/sel_input_image.html]
[www.w3schools.com/jquery/sel_input_file.html]
[www.w3schools.com/jquery/tryit60ec.html]
[www.w3schools.com/jquery/sel_input_enabled.html]
[www.w3schools.com/jquery/tryitd896.html]
[www.w3schools.com/jquery/sel_input_disabled.html]
[www.w3schools.com/jquery/tryit05d7.html]
[www.w3schools.com/jquery/sel_input_selected.html]
[www.w3schools.com/jquery/tryit90eb.html]
[www.w3schools.com/jquery/sel_input_checked.html]
[www.w3schools.com/jquery/tryit1ce2.html]
[www.w3schools.com/jquery/tryit5734.html]
[www.w3schools.com/jquery/tryitc92b.html]
[www.w3schools.com/jquery/tryit4ecd.html]
[www.w3schools.com/jquery/tryitfaf1.html]
[www.w3schools.com/jquery/tryita551.html]
[www.w3schools.com/jquery/tryit5e36.html]
[www.w3schools.com/jquery/tryit51f8.html]
[www.w3schools.com/jquery/tryitde9b.html]
[www.w3schools.com/jquery/tryit433e.html]
[www.w3schools.com/jquery/tryitd77b.html]
[www.w3schools.com/jquery/tryit5e68.html]
[www.w3schools.com/jquery/tryit6082.html]
[www.w3schools.com/jquery/tryit072e.html]
[www.w3schools.com/jquery/tryitbe1d.html]
[www.w3schools.com/jquery/tryit58dc.html]
[www.w3schools.com/jquery/tryit56bc.html]
[www.w3schools.com/jquery/tryit3992.html]
[www.w3schools.com/jquery/tryitd26d.html]
[www.w3schools.com/jquery/tryit4429.html]
[www.w3schools.com/jquery/tryita8e6.html]
[www.w3schools.com/jquery/tryit9f3e.html]
[www.w3schools.com/jquery/tryitd576.html]
[www.w3schools.com/jquery/tryitb5d3.html]
[www.w3schools.com/jquery/tryita8a1.html]
[www.w3schools.com/jquery/tryit463d.html]
[www.w3schools.com/jquery/tryitb80e.html]
[www.w3schools.com/jquery/tryit04ef.html]
[www.w3schools.com/jquery/tryita1d8.html]
[www.w3schools.com/jquery/tryitf25f.html]
[www.w3schools.com/jquery/tryitfc38.html]
[www.w3schools.com/jquery/tryite748.html]
[www.w3schools.com/jquery/tryit38a0.html]
[www.w3schools.com/jquery/tryit7a79.html]
[www.w3schools.com/jquery/tryit21e2.html]
[www.w3schools.com/jquery/tryitb640.html]
[www.w3schools.com/jquery/tryit34a8.html]
[www.w3schools.com/jquery/tryit594f.html]
[www.w3schools.com/jquery/tryit1e1a.html]
[www.w3schools.com/jquery/tryitdec4.html]
[www.w3schools.com/jquery/tryitf469.html]
[www.w3schools.com/jquery/tryitba48.html]
[www.w3schools.com/images/w3jquery.gif]
[www.w3schools.com/jquery/tryit7438.html]
[www.w3schools.com/jquery/tryit7fc1.html]
[www.w3schools.com/jquery/tryit770e.html]
[www.w3schools.com/jquery/tryitfa46.html]
[www.w3schools.com/jquery/tryitf9c0.html]
[www.w3schools.com/jquery/tryit14b7.html]
[www.w3schools.com/jquery/tryitedf3.html]
[www.w3schools.com/jquery/tryitbe89.html]
[www.w3schools.com/jquery/tryitbcba.html]
[www.w3schools.com/jquery/tryit46c0.html]
[www.w3schools.com/jquery/tryitf551.html]
[www.w3schools.com/jquery/tryitc50f.html]
[www.w3schools.com/jquery/tryitc3a6.html]
[www.w3schools.com/jquery/tryitaf22.html]
[www.w3schools.com/jquery/tryit0b30.html]
[www.w3schools.com/jquery/tryiteb75.html]
[www.w3schools.com/jquery/tryitc476.html]
[www.w3schools.com/jquery/tryit27b0.html]
[www.w3schools.com/jquery/tryitc3cc.html]
[www.w3schools.com/jquery/tryit52bb.html]
[www.w3schools.com/jquery/tryit5293.html]
[www.w3schools.com/jquery/tryit08a0.html]
[www.w3schools.com/jquery/tryit4c5c.html]
[www.w3schools.com/jquery/tryit4f33.html]
[www.w3schools.com/jquery/tryit48b8.html]
[www.w3schools.com/jquery/tryit5251.html]
[www.w3schools.com/jquery/tryit9423.html]
[www.w3schools.com/jquery/tryit27cb.html]
[www.w3schools.com/jquery/tryit6a80.html]
[www.w3schools.com/jquery/tryitc074.html]
[www.w3schools.com/jquery/tryit9e18.html]
[www.w3schools.com/jquery/tryit374b.html]
[www.w3schools.com/jquery/tryitd6c8.html]
[www.w3schools.com/jquery/tryita5bd.html]
[www.w3schools.com/jquery/tryit4504.html]
[www.w3schools.com/jquery/demo_test.html]
[www.w3schools.com/jquery/tryit2bb0.html]
[www.w3schools.com/jquery/demo_test_post.html]
[www.w3schools.com/jquery/tryit0b76.html]
[www.w3schools.com/jquery/tryite438.html]
[www.w3schools.com/jquery/tryit08e9.html]
[www.w3schools.com/jquery/tryit5ebd.html]
[www.w3schools.com/jquery/tryitd44e.html]
[www.w3schools.com/jquery/tryit71dc.html]
[www.w3schools.com/jquery/tryit0ce0.html]
[www.w3schools.com/jquery/tryit6f0d.html]
[www.w3schools.com/jquery/tryit604e.html]
[www.w3schools.com/jquery/tryit418e.html]
[www.w3schools.com/jquery/tryit7de4.html]
[www.w3schools.com/jquery/tryit7901.html]
[www.w3schools.com/jquery/tryit16ac.html]
[ajax.aspnetcdn.com/ajax/jQuery/jquery-3.2.0.min.js]
[www.w3schools.com/jquery/tryitba98.html]
[www.w3schools.com/exercise.css]
[www.w3schools.com/jquery/exercisee24f.html]
[www.w3schools.com/jquery/exercisec72e.html]
[www.w3schools.com/jquery/exercise6ebd.html]
[www.w3schools.com/jquery/exercise4da1.html]
[www.w3schools.com/jquery/exercise5675.html]
[www.w3schools.com/jquery/exercised9c5.html]
[www.w3schools.com/jquery/tryit7485.html]
[www.w3schools.com/jquery/tryit8b5d.html]
[www.w3schools.com/jquery/exercise75ae.html]
[www.w3schools.com/jquery/exercise4acd.html]
[www.w3schools.com/jquery/exerciseb048.html]
[www.w3schools.com/jquery/exercise952a.html]
[www.w3schools.com/jquery/exercised12d.html]
[www.w3schools.com/jquery/tryite661.html]
[www.w3schools.com/jquery/exercise90e1.html]
[www.w3schools.com/jquery/exercisedae4.html]
[www.w3schools.com/jquery/exercisef2d1.html]
[www.w3schools.com/jquery/exerciseeb29.html]
[www.w3schools.com/jquery/exercise4d5e.html]
[www.w3schools.com/jquery/exercisee814.html]
[www.w3schools.com/jquery/exercise6115.html]
[www.w3schools.com/jquery/exercisef9e7.html]
[www.w3schools.com/jquery/exercise2399.html]
[www.w3schools.com/jquery/exercise3200.html]
[www.w3schools.com/jquery/exercise1d10.html]
[www.w3schools.com/jquery/exercisebec0.html]
[www.w3schools.com/jquery/exercisee78b.html]
[www.w3schools.com/jquery/exercise162c.html]
[www.w3schools.com/jquery/exercise5409.html]
[www.w3schools.com/jquery/exercise109d.html]
[www.w3schools.com/jquery/exercise43e0.html]
[www.w3schools.com/jquery/tryit9fdc.html]
[www.w3schools.com/jquery/tryit0ad8.html]
[www.w3schools.com/jquery/tryit498c.html]
[www.w3schools.com/jquery/tryit248c.html]
[www.w3schools.com/jquery/exercisef618.html]
[www.w3schools.com/jquery/exercise0b58.html]
[www.w3schools.com/jquery/exercise357c.html]
[www.w3schools.com/jquery/exercisefc03.html]
[www.w3schools.com/jquery/exercise461e.html]
[www.w3schools.com/jquery/exercise5a61.html]
[www.w3schools.com/jquery/exercise3c70.html]
[www.w3schools.com/jquery/img_moustiers-sainte-marie.jpg]
[www.w3schools.com/jquery/img_pulpitrock.jpg]
[www.w3schools.com/jquery/exercisebda1.html]
[www.w3schools.com/jquery/exercise023c.html]
[www.w3schools.com/jquery/exercise02ed.html]
[www.w3schools.com/jquery/exercise06b0.html]
[www.w3schools.com/jquery/exercised9b7.html]
[www.w3schools.com/jquery/exercisee046.html]
[www.w3schools.com/jquery/tryit4d3c.html]
[www.w3schools.com/jquery/exercisef75a.html]
[www.w3schools.com/jquery/exercisec67b.html]
[www.w3schools.com/jquery/exercise5b84.html]
[www.w3schools.com/jquery/exercisee373.html]
[www.w3schools.com/jquery/exercise13e1.html]
[www.w3schools.com/jquery/exercise8364.html]
[www.w3schools.com/jquery/exercise5b0c.html]
[www.w3schools.com/jquery/exercise7bf5.html]
[www.w3schools.com/jquery/exercisebae0.html]
[www.w3schools.com/jquery/exercise9554.html]
[www.w3schools.com/jquery/exercise624c.html]
[www.w3schools.com/jquery/exercisee336.html]
[www.w3schools.com/jquery/exercisec4df.html]
[www.w3schools.com/jquery/exercise7ed8.html]
[www.w3schools.com/jquery/exerciseaedf.html]
[www.w3schools.com/jquery/exercise41f7.html]
[www.w3schools.com/jquery/exercisea069.html]
[www.w3schools.com/jquery/tryitfd6e.html]
[www.w3schools.com/jquery/exercise196b.html]
[www.w3schools.com/jquery/exercise6368.html]
[www.w3schools.com/jquery/exercisece76.html]
[www.w3schools.com/jquery/exercise56c7.html]
[www.w3schools.com/jquery/tryit83fa.html]
[www.w3schools.com/jquery/tryit0e4d.html]
[www.w3schools.com/jquery/exercise5a5b.html]
[www.w3schools.com/jquery/exercisea302.html]
[www.w3schools.com/jquery/exercise6b31.html]
[www.w3schools.com/jquery/exercised528.html]
[www.w3schools.com/jquery/tryite742.html]
[www.w3schools.com/jquery/exercise0a56.html]
[www.w3schools.com/jquery/exercisec187.html]
[www.w3schools.com/jquery/exercisea098.html]
[www.w3schools.com/jquery/exercisef542.html]
[www.w3schools.com/jquery/exercise49a4.html]
[www.w3schools.com/jquery/exercise8bc7.html]
[www.w3schools.com/jquery/exercise6639.html]
[www.w3schools.com/jquery/exercise2ebf.html]
[www.w3schools.com/jquery/exercisea3d4.html]
[www.w3schools.com/jquery/exercise8137.html]
[www.w3schools.com/jquery/exercise2541.html]
[www.w3schools.com/jquery/exercise6147.html]
[www.w3schools.com/jquery/test.html]
[www.w3schools.com/jquery/tryitad2a.html]
[www.w3schools.com/jquery/tryite5e0.html]
[www.w3schools.com/jquery/tryit4dab.html]
[www.w3schools.com/jquery/tryitd557.html]
[www.w3schools.com/jquery/tryit9447.html]
[www.w3schools.com/jquery/tryitbb75.html]
[www.w3schools.com/jquery/event_bind.html]
[www.w3schools.com/jquery/tryit5e63.html]
[www.w3schools.com/jquery/tryitd609.html]
[www.w3schools.com/jquery/tryited19.html]
[www.w3schools.com/jquery/tryit2e8a.html]
[www.w3schools.com/jquery/tryit3284.html]
[www.w3schools.com/jquery/tryitefe5.html]
[www.w3schools.com/jquery/tryit1827.html]
[www.w3schools.com/jquery/event_on.html]
[www.w3schools.com/jquery/tryita6a9.html]
[www.w3schools.com/jquery/tryit326e.html]
[www.w3schools.com/jquery/tryit1b9b.html]
[www.w3schools.com/jquery/event_blur.html]
[www.w3schools.com/jquery/tryit8399.html]
[www.w3schools.com/jquery/tryit7834.html]
[www.w3schools.com/jquery/tryit1f3a.html]
[www.w3schools.com/jquery/event_change.html]
[www.w3schools.com/jquery/tryit51d7.html]
[www.w3schools.com/jquery/tryit0d08.html]
[www.w3schools.com/jquery/tryit238f.html]
[www.w3schools.com/jquery/event_click.html]
[www.w3schools.com/jquery/tryit4920.html]
[www.w3schools.com/jquery/tryit4011.html]
[www.w3schools.com/jquery/tryitdc7e.html]
[www.w3schools.com/jquery/event_dblclick.html]
[www.w3schools.com/jquery/tryit6d70.html]
[www.w3schools.com/jquery/tryitbc01.html]
[www.w3schools.com/jquery/tryit5fd0.html]
[www.w3schools.com/jquery/event_delegate.html]
[www.w3schools.com/jquery/tryitd47a.html]
[www.w3schools.com/jquery/tryita3ba.html]
[www.w3schools.com/jquery/deprecated.html]
[www.w3schools.com/jquery/event_die.html]
[www.w3schools.com/jquery/tryit7688.html]
[www.w3schools.com/jquery/tryit3d01.html]
[www.w3schools.com/jquery/event_error.html]
[www.w3schools.com/jquery/tryit541a.html]
[www.w3schools.com/jquery/event_currenttarget.html]
[www.w3schools.com/jquery/tryitf1a0.html]
[www.w3schools.com/jquery/tryit8fe7.html]
[www.w3schools.com/jquery/event_data.html]
[www.w3schools.com/jquery/tryit6e1a.html]
[www.w3schools.com/jquery/tryitd41e.html]
[www.w3schools.com/jquery/tryit4974.html]
[www.w3schools.com/jquery/event_delegatetarget.html]
[www.w3schools.com/jquery/tryitd026.html]
[www.w3schools.com/jquery/event_isdefaultprevented.html]
[www.w3schools.com/jquery/tryit4475.html]
[www.w3schools.com/jquery/tryit358a.html]
[www.w3schools.com/jquery/event_isimmediatepropagationstopped.html]
[www.w3schools.com/jquery/event_ispropagationstopped.html]
[www.w3schools.com/jquery/tryit2e68.html]
[www.w3schools.com/jquery/tryit6fe7.html]
[www.w3schools.com/jquery/tryita7d9.html]
[www.w3schools.com/jquery/event_namespace.html]
[www.w3schools.com/jquery/event_pagex.html]
[www.w3schools.com/jquery/tryitea8c.html]
[www.w3schools.com/jquery/event_pagey.html]
[www.w3schools.com/jquery/event_preventdefault.html]
[www.w3schools.com/jquery/tryitb8c0.html]
[www.w3schools.com/jquery/event_relatedtarget.html]
[www.w3schools.com/jquery/tryit5bc1.html]
[www.w3schools.com/jquery/event_result.html]
[www.w3schools.com/jquery/tryitc1e1.html]
[www.w3schools.com/jquery/event_stopimmediatepropagation.html]
[www.w3schools.com/jquery/tryitd0ca.html]
[www.w3schools.com/jquery/event_stoppropagation.html]
[www.w3schools.com/jquery/tryit953e.html]
[www.w3schools.com/jquery/event_target.html]
[www.w3schools.com/jquery/tryit0731.html]
[www.w3schools.com/jquery/tryite748-2.html]
[www.w3schools.com/jquery/tryit48e3.html]
[www.w3schools.com/jquery/event_timestamp.html]
[www.w3schools.com/jquery/event_type.html]
[www.w3schools.com/jquery/tryitce10.html]
[www.w3schools.com/jquery/tryit2716.html]
[www.w3schools.com/jquery/event_which.html]
[www.w3schools.com/jquery/tryit39cd.html]
[www.w3schools.com/jquery/event_focus.html]
[www.w3schools.com/jquery/tryit585d.html]
[www.w3schools.com/jquery/event_focusin.html]
[www.w3schools.com/jquery/event_focusout.html]
[www.w3schools.com/jquery/tryitf1de.html]
[www.w3schools.com/jquery/event_hover.html]
[www.w3schools.com/jquery/tryit595c.html]
[www.w3schools.com/jquery/tryitae3d.html]
[www.w3schools.com/jquery/event_keydown.html]
[www.w3schools.com/jquery/tryitaf1b.html]
[www.w3schools.com/jquery/tryit0713.html]
[www.w3schools.com/jquery/tryitb704.html]
[www.w3schools.com/jquery/event_keypress.html]
[www.w3schools.com/jquery/event_keyup.html]
[www.w3schools.com/jquery/tryit9a95.html]
[www.w3schools.com/jquery/tryit7ddd.html]
[www.w3schools.com/jquery/event_live.html]
[www.w3schools.com/jquery/tryit8ce4.html]
[www.w3schools.com/jquery/tryit6d40.html]
[www.w3schools.com/jquery/tryitf4ec.html]
[www.w3schools.com/jquery/event_load.html]
[www.w3schools.com/jquery/tryit7f84.html]
[www.w3schools.com/jquery/tryita18e.html]
[www.w3schools.com/jquery/tryit0034.html]
[www.w3schools.com/jquery/event_mousedown.html]
[www.w3schools.com/jquery/tryit6bde.html]
[www.w3schools.com/jquery/tryit87ac.html]
[www.w3schools.com/jquery/tryit6735.html]
[www.w3schools.com/jquery/tryite507.html]
[www.w3schools.com/jquery/event_mouseenter.html]
[www.w3schools.com/jquery/event_mouseleave.html]
[www.w3schools.com/jquery/tryitead9.html]
[www.w3schools.com/jquery/tryit0b9b.html]
[www.w3schools.com/jquery/event_mousemove.html]
[www.w3schools.com/jquery/tryitfeea.html]
[www.w3schools.com/jquery/tryitd913.html]
[www.w3schools.com/jquery/event_mouseout.html]
[www.w3schools.com/jquery/event_mouseover.html]
[www.w3schools.com/jquery/tryit5672.html]
[www.w3schools.com/jquery/tryit7848.html]
[www.w3schools.com/jquery/event_mouseup.html]
[www.w3schools.com/jquery/tryite744.html]
[www.w3schools.com/jquery/tryitc208.html]
[www.w3schools.com/jquery/tryit5a0b.html]
[www.w3schools.com/jquery/event_off.html]
[www.w3schools.com/jquery/tryita6d9.html]
[www.w3schools.com/jquery/tryit3c9d.html]
[www.w3schools.com/jquery/event_one.html]
[www.w3schools.com/jquery/tryit8354.html]
[www.w3schools.com/jquery/tryit67a3.html]
[www.w3schools.com/jquery/event_proxy.html]
[www.w3schools.com/jquery/tryit832b.html]
[www.w3schools.com/jquery/event_ready.html]
[www.w3schools.com/jquery/tryitdbaf.html]
[www.w3schools.com/jquery/tryitf8ec.html]
[www.w3schools.com/jquery/event_resize.html]
[www.w3schools.com/jquery/tryit272e.html]
[www.w3schools.com/jquery/tryitd308.html]
[www.w3schools.com/jquery/tryitba57.html]
[www.w3schools.com/jquery/event_scroll.html]
[www.w3schools.com/jquery/tryit07fa.html]
[www.w3schools.com/jquery/tryita553.html]
[www.w3schools.com/jquery/tryitdf2e.html]
[www.w3schools.com/jquery/event_select.html]
[www.w3schools.com/jquery/tryit2c43.html]
[www.w3schools.com/jquery/tryit8282.html]
[www.w3schools.com/jquery/tryitfd71.html]
[www.w3schools.com/jquery/event_submit.html]
[www.w3schools.com/jquery/tryitacb6.html]
[www.w3schools.com/jquery/tryit55d1.html]
[www.w3schools.com/jquery/event_toggle.html]
[www.w3schools.com/jquery/tryit6b2b.html]
[www.w3schools.com/jquery/tryitce77.html]
[www.w3schools.com/jquery/tryit6671.html]
[www.w3schools.com/jquery/event_trigger.html]
[www.w3schools.com/jquery/tryit8b3f.html]
[www.w3schools.com/jquery/tryit3695.html]
[www.w3schools.com/jquery/event_triggerhandler.html]
[www.w3schools.com/jquery/tryita7ca.html]
[www.w3schools.com/jquery/tryite8c7.html]
[www.w3schools.com/jquery/tryit5eff.html]
[www.w3schools.com/jquery/tryit1ed3.html]
[www.w3schools.com/jquery/event_unbind.html]
[www.w3schools.com/jquery/tryit7419.html]
[www.w3schools.com/jquery/tryit1e33.html]
[www.w3schools.com/jquery/event_undelegate.html]
[www.w3schools.com/jquery/tryit318c.html]
[www.w3schools.com/jquery/event_unload.html]
[www.w3schools.com/jquery/tryit276f.html]
[www.w3schools.com/jquery/tryit1a0a.html]
[www.w3schools.com/jquery/tryitaf43.html]
[www.w3schools.com/jquery/tryit1223.html]
[www.w3schools.com/jquery/tryitcfbe.html]
[www.w3schools.com/jquery/tryit6b21.html]
[www.w3schools.com/jquery/tryit7b40.html]
[www.w3schools.com/jquery/tryitc742.html]
[www.w3schools.com/jquery/tryitb74b.html]
[www.w3schools.com/jquery/tryit7cd5.html]
[www.w3schools.com/jquery/tryitee8d.html]
[www.w3schools.com/jquery/tryitfd4c.html]
[www.w3schools.com/jquery/tryit056e.html]
[www.w3schools.com/jquery/tryit5954.html]
[www.w3schools.com/jquery/tryitf2a1.html]
[www.w3schools.com/jquery/tryitbb85.html]
[www.w3schools.com/jquery/tryita5c4.html]
[www.w3schools.com/jquery/tryit467a.html]
[www.w3schools.com/jquery/tryitd97a.html]
[www.w3schools.com/jquery/tryite16f.html]
[www.w3schools.com/jquery/tryit3a6e.html]
[www.w3schools.com/jquery/tryit555c.html]
[www.w3schools.com/jquery/tryit7bb9.html]
[www.w3schools.com/jquery/tryit426b.html]
[www.w3schools.com/jquery/tryitc4a8.html]
[www.w3schools.com/jquery/tryitd535.html]
[www.w3schools.com/jquery/tryit756f.html]
[www.w3schools.com/jquery/tryit2783.html]
[www.w3schools.com/jquery/tryitc0ee.html]
[www.w3schools.com/jquery/tryitf07e.html]
[www.w3schools.com/jquery/tryiteac9.html]
[www.w3schools.com/jquery/tryitba6d.html]
[www.w3schools.com/jquery/tryit1fb6.html]
[www.w3schools.com/jquery/tryit023f.html]
[www.w3schools.com/jquery/tryit9feb.html]
[www.w3schools.com/jquery/tryitf222.html]
[www.w3schools.com/jquery/tryit9d8a.html]
[www.w3schools.com/jquery/tryit8fb2.html]
[www.w3schools.com/jquery/eff_animate.html]
[www.w3schools.com/jquery/tryit5cd0.html]
[www.w3schools.com/jquery/tryitefe2.html]
[www.w3schools.com/jquery/tryit64ae.html]
[www.w3schools.com/jquery/eff_clearqueue.html]
[www.w3schools.com/jquery/tryit95cf.html]
[www.w3schools.com/jquery/eff_delay.html]
[www.w3schools.com/jquery/tryit210d.html]
[www.w3schools.com/jquery/eff_dequeue.html]
[www.w3schools.com/jquery/tryitfed0.html]
[www.w3schools.com/jquery/tryit0401.html]
[www.w3schools.com/jquery/tryitf531.html]
[www.w3schools.com/jquery/eff_fadein.html]
[www.w3schools.com/jquery/eff_fadeout.html]
[www.w3schools.com/jquery/tryit5bbe.html]
[www.w3schools.com/jquery/eff_fadeto.html]
[www.w3schools.com/jquery/tryit64e2.html]
[www.w3schools.com/jquery/tryit5b47.html]
[www.w3schools.com/jquery/tryit890c.html]
[www.w3schools.com/jquery/eff_fadetoggle.html]
[www.w3schools.com/jquery/tryit193c.html]
[www.w3schools.com/jquery/eff_finish.html]
[www.w3schools.com/jquery/tryit9816.html]
[www.w3schools.com/jquery/tryitbd6f.html]
[www.w3schools.com/jquery/eff_hide.html]
[www.w3schools.com/jquery/tryit5d41.html]
[www.w3schools.com/jquery/tryit0a0b.html]
[www.w3schools.com/jquery/tryit4fe6.html]
[www.w3schools.com/jquery/eff_queue.html]
[www.w3schools.com/jquery/eff_show.html]
[www.w3schools.com/jquery/tryit4964.html]
[www.w3schools.com/jquery/tryit4e87.html]
[www.w3schools.com/jquery/tryit4835.html]
[www.w3schools.com/jquery/eff_slidedown.html]
[www.w3schools.com/jquery/tryitd24d.html]
[www.w3schools.com/jquery/tryite761.html]
[www.w3schools.com/jquery/tryit644a.html]
[www.w3schools.com/jquery/eff_slidetoggle.html]
[www.w3schools.com/jquery/eff_slideup.html]
[www.w3schools.com/jquery/tryit30ff.html]
[www.w3schools.com/jquery/tryitcd66.html]
[www.w3schools.com/jquery/tryit2958.html]
[www.w3schools.com/jquery/eff_stop.html]
[www.w3schools.com/jquery/tryitd748.html]
[www.w3schools.com/jquery/tryitfbd8.html]
[www.w3schools.com/jquery/tryitc461.html]
[www.w3schools.com/jquery/eff_toggle.html]
[www.w3schools.com/jquery/tryit74c9.html]
[www.w3schools.com/jquery/tryitb87f.html]
[www.w3schools.com/jquery/tryit7622.html]
[www.w3schools.com/jquery/tryitf7e8.html]
[www.w3schools.com/jquery/html_addclass.html]
[www.w3schools.com/jquery/tryit02f7.html]
[www.w3schools.com/jquery/tryita3be.html]
[www.w3schools.com/jquery/html_after.html]
[www.w3schools.com/jquery/tryit78aa.html]
[www.w3schools.com/jquery/tryit5f9c.html]
[www.w3schools.com/jquery/html_append.html]
[www.w3schools.com/jquery/tryitc3da.html]
[www.w3schools.com/jquery/tryita9ba.html]
[www.w3schools.com/jquery/html_appendto.html]
[www.w3schools.com/jquery/tryitbe3b.html]
[www.w3schools.com/jquery/tryit6928.html]
[www.w3schools.com/jquery/tryitceda.html]
[www.w3schools.com/jquery/tryitdab0.html]
[www.w3schools.com/jquery/html_attr.html]
[www.w3schools.com/jquery/tryit9fb7.html]
[www.w3schools.com/jquery/tryit34c3.html]
[www.w3schools.com/jquery/tryit7ee9.html]
[www.w3schools.com/jquery/html_before.html]
[www.w3schools.com/jquery/tryit8301.html]
[www.w3schools.com/jquery/html_clone.html]
[www.w3schools.com/jquery/tryit906b.html]
[www.w3schools.com/jquery/tryitb345.html]
[www.w3schools.com/jquery/tryit7f5b.html]
[www.w3schools.com/jquery/tryit1bc4.html]
[www.w3schools.com/jquery/css_css.html]
[www.w3schools.com/jquery/tryitee04.html]
[www.w3schools.com/jquery/tryit4ba9.html]
[www.w3schools.com/jquery/tryit19fc.html]
[www.w3schools.com/jquery/html_detach.html]
[www.w3schools.com/jquery/tryit61b3.html]
[www.w3schools.com/jquery/html_empty.html]
[www.w3schools.com/jquery/tryit1114.html]
[www.w3schools.com/jquery/tryita4d2.html]
[www.w3schools.com/jquery/html_hasclass.html]
[www.w3schools.com/jquery/tryit03f1.html]
[www.w3schools.com/jquery/img_height.gif]
[www.w3schools.com/jquery/tryitc719.html]
[www.w3schools.com/jquery/tryit5905.html]
[www.w3schools.com/jquery/tryit3c77.html]
[www.w3schools.com/jquery/css_height.html]
[www.w3schools.com/jquery/tryite416.html]
[www.w3schools.com/jquery/tryit0ed6.html]
[www.w3schools.com/jquery/tryitc8bf.html]
[www.w3schools.com/jquery/html_html.html]
[www.w3schools.com/jquery/tryitcec8.html]
[www.w3schools.com/jquery/tryit49e6.html]
[www.w3schools.com/jquery/img_innerheight.gif]
[www.w3schools.com/jquery/html_innerheight.html]
[www.w3schools.com/jquery/tryit8c12.html]
[www.w3schools.com/jquery/img_innerwidth.gif]
[www.w3schools.com/jquery/html_innerwidth.html]
[www.w3schools.com/jquery/tryit02b2.html]
[www.w3schools.com/jquery/html_insertafter.html]
[www.w3schools.com/jquery/tryitfe2b.html]
[www.w3schools.com/jquery/tryit44ee.html]
[www.w3schools.com/jquery/html_insertbefore.html]
[www.w3schools.com/jquery/tryit0376.html]
[www.w3schools.com/jquery/tryit695f.html]
[www.w3schools.com/jquery/tryit9a4d.html]
[www.w3schools.com/jquery/tryite778.html]
[www.w3schools.com/jquery/tryit4cbd.html]
[www.w3schools.com/jquery/css_offset.html]
[www.w3schools.com/jquery/tryit759c.html]
[www.w3schools.com/jquery/css_offsetparent.html]
[www.w3schools.com/jquery/tryit87ee.html]
[www.w3schools.com/jquery/tryitada2.html]
[www.w3schools.com/jquery/img_outerheight.gif]
[www.w3schools.com/jquery/html_outerheight.html]
[www.w3schools.com/jquery/tryit7ad8.html]
[www.w3schools.com/jquery/tryit7be8.html]
[www.w3schools.com/jquery/img_outerwidth.gif]
[www.w3schools.com/jquery/html_outerwidth.html]
[www.w3schools.com/jquery/tryit9e13.html]
[www.w3schools.com/jquery/tryit7b85.html]
[www.w3schools.com/jquery/css_position.html]
[www.w3schools.com/jquery/tryit50ea.html]
[www.w3schools.com/jquery/tryit10aa.html]
[www.w3schools.com/jquery/html_prepend.html]
[www.w3schools.com/jquery/tryit4445.html]
[www.w3schools.com/jquery/tryit38ee.html]
[www.w3schools.com/jquery/html_prependto.html]
[www.w3schools.com/jquery/tryit89d1.html]
[www.w3schools.com/jquery/tryitb5dd.html]
[www.w3schools.com/jquery/html_prop.html]
[www.w3schools.com/jquery/tryit01d4.html]
[www.w3schools.com/jquery/tryited70.html]
[www.w3schools.com/jquery/tryitc914.html]
[www.w3schools.com/jquery/html_remove.html]
[www.w3schools.com/jquery/tryit222a.html]
[www.w3schools.com/jquery/tryit970f.html]
[www.w3schools.com/jquery/html_removeattr.html]
[www.w3schools.com/jquery/tryit3de8.html]
[www.w3schools.com/jquery/tryit7c0c.html]
[www.w3schools.com/jquery/tryit3261.html]
[www.w3schools.com/jquery/tryitec90.html]
[www.w3schools.com/jquery/html_removeclass.html]
[www.w3schools.com/jquery/html_removeprop.html]
[www.w3schools.com/jquery/tryit8228.html]
[www.w3schools.com/jquery/tryit6e10.html]
[www.w3schools.com/jquery/html_replaceall.html]
[www.w3schools.com/jquery/tryit1cc7.html]
[www.w3schools.com/jquery/html_replacewith.html]
[www.w3schools.com/jquery/tryit3b58.html]
[www.w3schools.com/jquery/tryit28ef.html]
[www.w3schools.com/jquery/css_scrollleft.html]
[www.w3schools.com/jquery/tryitd778.html]
[www.w3schools.com/jquery/tryit2c57.html]
[www.w3schools.com/jquery/css_scrolltop.html]
[www.w3schools.com/jquery/tryita6ba.html]
[www.w3schools.com/jquery/tryit6647.html]
[www.w3schools.com/jquery/tryit0f62.html]
[www.w3schools.com/jquery/html_text.html]
[www.w3schools.com/jquery/tryite889.html]
[www.w3schools.com/jquery/tryitd4c3.html]
[www.w3schools.com/jquery/tryite1c1.html]
[www.w3schools.com/jquery/tryit09f5.html]
[www.w3schools.com/jquery/html_toggleclass.html]
[www.w3schools.com/jquery/tryitcf92.html]
[www.w3schools.com/jquery/tryitbfe1.html]
[www.w3schools.com/jquery/html_unwrap.html]
[www.w3schools.com/jquery/tryitd185.html]
[www.w3schools.com/jquery/tryitf5dd.html]
[www.w3schools.com/jquery/tryit1a11.html]
[www.w3schools.com/jquery/html_val.html]
[www.w3schools.com/jquery/tryit8ab8.html]
[www.w3schools.com/jquery/tryitdcc4.html]
[www.w3schools.com/jquery/img_width.gif]
[www.w3schools.com/jquery/tryit6ea4.html]
[www.w3schools.com/jquery/tryit2ff9.html]
[www.w3schools.com/jquery/tryit517a.html]
[www.w3schools.com/jquery/css_width.html]
[www.w3schools.com/jquery/tryitde66.html]
[www.w3schools.com/jquery/tryita93d.html]
[www.w3schools.com/jquery/tryit4b35.html]
[www.w3schools.com/jquery/html_wrap.html]
[www.w3schools.com/jquery/tryit21ed.html]
[www.w3schools.com/jquery/tryit52e9.html]
[www.w3schools.com/jquery/html_wrapall.html]
[www.w3schools.com/jquery/tryitf4fb.html]
[www.w3schools.com/jquery/tryitf97b.html]
[www.w3schools.com/jquery/tryit9bbc.html]
[www.w3schools.com/jquery/html_wrapinner.html]
[www.w3schools.com/jquery/tryitab6c.html]
[www.w3schools.com/jquery/tryit67e7.html]
[www.w3schools.com/jquery/tryit35c1.html]
[www.w3schools.com/jquery/traversing_add.html]
[www.w3schools.com/jquery/tryit1f61.html]
[www.w3schools.com/jquery/tryit70c3.html]
[www.w3schools.com/jquery/tryit6bc9.html]
[www.w3schools.com/jquery/tryitda90.html]
[www.w3schools.com/jquery/tryit17f1.html]
[www.w3schools.com/jquery/traversing_children.html]
[www.w3schools.com/jquery/tryit5cec.html]
[www.w3schools.com/jquery/tryitd071.html]
[www.w3schools.com/jquery/tryitfe07.html]
[www.w3schools.com/jquery/traversing_closest.html]
[www.w3schools.com/jquery/tryitab86.html]
[www.w3schools.com/jquery/tryit9287.html]
[www.w3schools.com/jquery/traversing_contents.html]
[www.w3schools.com/jquery/traversing_each.html]
[www.w3schools.com/jquery/tryitd023.html]
[www.w3schools.com/jquery/tryit9345.html]
[www.w3schools.com/jquery/traversing_eq.html]
[www.w3schools.com/jquery/tryit6caf.html]
[www.w3schools.com/jquery/tryitddf4.html]
[www.w3schools.com/jquery/tryit7e2a.html]
[www.w3schools.com/jquery/tryita924.html]
[www.w3schools.com/jquery/tryit4382.html]
[www.w3schools.com/jquery/tryita91e.html]
[www.w3schools.com/jquery/traversing_filter.html]
[www.w3schools.com/jquery/tryitd259.html]
[www.w3schools.com/jquery/tryit8e92.html]
[www.w3schools.com/jquery/tryit6b38.html]
[www.w3schools.com/jquery/tryitb587.html]
[www.w3schools.com/jquery/tryit8ca1.html]
[www.w3schools.com/jquery/tryitfd99.html]
[www.w3schools.com/jquery/tryit8d92.html]
[www.w3schools.com/jquery/traversing_find.html]
[www.w3schools.com/jquery/tryitfeda.html]
[www.w3schools.com/jquery/tryit65e8.html]
[www.w3schools.com/jquery/tryita07c.html]
[www.w3schools.com/jquery/traversing_first.html]
[www.w3schools.com/jquery/tryit2e41.html]
[www.w3schools.com/jquery/tryitf299.html]
[www.w3schools.com/jquery/tryit315c.html]
[www.w3schools.com/jquery/traversing_has.html]
[www.w3schools.com/jquery/tryit9a0e.html]
[www.w3schools.com/jquery/traversing_is.html]
[www.w3schools.com/jquery/tryitf2f8.html]
[www.w3schools.com/jquery/tryitaba9.html]
[www.w3schools.com/jquery/traversing_last.html]
[www.w3schools.com/jquery/tryit8457.html]
[www.w3schools.com/jquery/tryit3edc.html]
[www.w3schools.com/jquery/tryit1b1e.html]
[www.w3schools.com/jquery/traversing_next.html]
[www.w3schools.com/jquery/tryit7645.html]
[www.w3schools.com/jquery/tryit74a0.html]
[www.w3schools.com/jquery/tryitf6ad.html]
[www.w3schools.com/jquery/tryit9949.html]
[www.w3schools.com/jquery/tryit1250.html]
[www.w3schools.com/jquery/traversing_nextall.html]
[www.w3schools.com/jquery/tryit8e80.html]
[www.w3schools.com/jquery/tryitab11.html]
[www.w3schools.com/jquery/tryit2a28.html]
[www.w3schools.com/jquery/tryitc62a.html]
[www.w3schools.com/jquery/tryitb11f.html]
[www.w3schools.com/jquery/traversing_nextuntil.html]
[www.w3schools.com/jquery/tryit6b4d.html]
[www.w3schools.com/jquery/tryitc2bd.html]
[www.w3schools.com/jquery/tryita636.html]
[www.w3schools.com/jquery/tryitb639.html]
[www.w3schools.com/jquery/tryit019a.html]
[www.w3schools.com/jquery/tryit02d3.html]
[www.w3schools.com/jquery/traversing_not.html]
[www.w3schools.com/jquery/traversing_offsetparent.html]
[www.w3schools.com/jquery/tryit484a.html]
[www.w3schools.com/jquery/tryit3f07.html]
[www.w3schools.com/jquery/traversing_parentsUntil-2.html]
[www.w3schools.com/jquery/tryit5474.html]
[www.w3schools.com/jquery/tryit02c3.html]
[www.w3schools.com/jquery/tryit7205.html]
[www.w3schools.com/jquery/traversing_parent.html]
[www.w3schools.com/jquery/tryit9698.html]
[www.w3schools.com/jquery/tryit57ab.html]
[www.w3schools.com/jquery/tryitc9cf.html]
[www.w3schools.com/jquery/traversing_parents.html]
[www.w3schools.com/jquery/tryit0762.html]
[www.w3schools.com/jquery/tryit5382.html]
[www.w3schools.com/jquery/tryitf4a6.html]
[www.w3schools.com/jquery/tryitd406.html]
[www.w3schools.com/jquery/tryit59ef.html]
[www.w3schools.com/jquery/traversing_parentsuntil.html]
[www.w3schools.com/jquery/tryit78e9.html]
[www.w3schools.com/jquery/tryitf713.html]
[www.w3schools.com/jquery/tryit7297.html]
[www.w3schools.com/jquery/traversing_prev.html]
[www.w3schools.com/jquery/tryitfeb2.html]
[www.w3schools.com/jquery/tryit49de.html]
[www.w3schools.com/jquery/tryit4eea.html]
[www.w3schools.com/jquery/tryit1b73.html]
[www.w3schools.com/jquery/tryit031d.html]
[www.w3schools.com/jquery/traversing_prevall.html]
[www.w3schools.com/jquery/tryit0c0c.html]
[www.w3schools.com/jquery/tryit7640.html]
[www.w3schools.com/jquery/tryitcf9a.html]
[www.w3schools.com/jquery/tryit70f9.html]
[www.w3schools.com/jquery/tryitaf02.html]
[www.w3schools.com/jquery/traversing_prevuntil.html]
[www.w3schools.com/jquery/tryit2a50.html]
[www.w3schools.com/jquery/tryitaa1a.html]
[www.w3schools.com/jquery/tryit026f.html]
[www.w3schools.com/jquery/traversing_siblings.html]
[www.w3schools.com/jquery/tryitddfd.html]
[www.w3schools.com/jquery/tryit609f.html]
[www.w3schools.com/jquery/tryit5abc.html]
[www.w3schools.com/jquery/tryitbd7d.html]
[www.w3schools.com/jquery/traversing_slice.html]
[www.w3schools.com/jquery/tryite4f9.html]
[www.w3schools.com/jquery/tryit3e3d.html]
[www.w3schools.com/jquery/tryit0d85.html]
[www.w3schools.com/jquery/tryit9893.html]
[www.w3schools.com/jquery/ajax_ajax.html]
[www.w3schools.com/jquery/tryit28dd.html]
[www.w3schools.com/jquery/tryitb6d0.html]
[www.w3schools.com/jquery/ajax_ajaxsetup.html]
[www.w3schools.com/jquery/ajax_get.html]
[www.w3schools.com/jquery/tryit95d8.html]
[www.w3schools.com/jquery/ajax_getjson.html]
[www.w3schools.com/jquery/tryitaef2.html]
[www.w3schools.com/jquery/ajax_getscript.html]
[www.w3schools.com/jquery/tryit02e3.html]
[www.w3schools.com/jquery/ajax_param.html]
[www.w3schools.com/jquery/tryit86f5.html]
[www.w3schools.com/jquery/tryit83ee.html]
[www.w3schools.com/jquery/ajax_post.html]
[www.w3schools.com/jquery/ajax_ajaxcomplete.html]
[www.w3schools.com/jquery/tryitd89d.html]
[www.w3schools.com/jquery/tryit400b.html]
[www.w3schools.com/jquery/ajax_ajaxerror.html]
[www.w3schools.com/jquery/tryit6ffb.html]
[www.w3schools.com/jquery/tryit084a.html]
[www.w3schools.com/jquery/ajax_ajaxsend.html]
[www.w3schools.com/jquery/ajax_ajaxstart.html]
[www.w3schools.com/jquery/tryit3443.html]
[www.w3schools.com/jquery/ajax_ajaxstop.html]
[www.w3schools.com/jquery/tryitcf6f.html]
[www.w3schools.com/jquery/tryitb745.html]
[www.w3schools.com/jquery/ajax_ajaxsuccess.html]
[www.w3schools.com/jquery/tryitf4a3.html]
[www.w3schools.com/jquery/tryitb824.html]
[www.w3schools.com/jquery/tryit91f6.html]
[www.w3schools.com/jquery/ajax_load.html]
[www.w3schools.com/jquery/tryit3c2d.html]
[www.w3schools.com/jquery/ajax_serialize.html]
[www.w3schools.com/jquery/tryitd401.html]
[www.w3schools.com/jquery/ajax_serializearray.html]
[www.w3schools.com/jquery/tryit9b8a.html]
[www.w3schools.com/jquery/tryitdf66.html]
[www.w3schools.com/jquery/misc_data.html]
[www.w3schools.com/jquery/misc_each.html]
[www.w3schools.com/jquery/tryit1e7a.html]
[www.w3schools.com/jquery/misc_get.html]
[www.w3schools.com/jquery/tryite92d.html]
[www.w3schools.com/jquery/tryit94cf.html]
[www.w3schools.com/jquery/misc_index.html]
[www.w3schools.com/jquery/tryita7e5.html]
[www.w3schools.com/jquery/tryit5c35.html]
[www.w3schools.com/jquery/misc_noconflict.html]
[www.w3schools.com/jquery/misc_param.html]
[www.w3schools.com/jquery/tryit4f4f.html]
[www.w3schools.com/jquery/misc_removedata.html]
[www.w3schools.com/jquery/misc_size.html]
[www.w3schools.com/jquery/tryitd015.html]
[www.w3schools.com/jquery/prop_length.html]
[www.w3schools.com/jquery/tryitd30a.html]
[www.w3schools.com/jquery/misc_toarray.html]
[www.w3schools.com/jquery/prop_context.html]
[www.w3schools.com/jquery/tryitac0c.html]
[www.w3schools.com/jquery/prop_jquery.html]
[www.w3schools.com/jquery/tryit32d8.html]
[www.w3schools.com/jquery/prop_jquery_fx_interval.html]
[www.w3schools.com/jquery/tryit2268.html]
[www.w3schools.com/jquery/prop_jquery_fx_off.html]
[www.w3schools.com/jquery/tryita05e.html]
[www.w3schools.com/jquery/prop_jquery_support.html]
[www.w3schools.com/lib/codemirror.css]
[www.w3schools.com/jquery/tryitcd90.html]
[www.w3schools.com/lib/codemirror.js]
[www.w3schools.com/jquery/POST.html]
[www.w3schools.com/jquery/GET.html]
[www.w3schools.com/trystyle.css]
[www.w3schools.com/jquery/jquery.js]
[www.w3schools.com/jquery/tryit5164.html]
[www.w3schools.com/jquery/tryitcde7.html]
[www.w3schools.com/jquery/tryit71a6.html]
[www.w3schools.com/jquery/tryita1c5.html]
[www.w3schools.com/jquery/tryit5871.html]
[www.w3schools.com/jquery/tryit1811.html]
[www.w3schools.com/jquery/tryit9c3e.html]
[www.w3schools.com/jquery/tryit791f.html]
[www.w3schools.com/jquery/tryitec3a.html]
[www.w3schools.com/jquery/tryit6a4a.html]
[www.w3schools.com/jquery/tryitdf3e.html]
[www.w3schools.com/jquery/tryitf042.html]
[www.w3schools.com/jquery/tryit7840.html]
[www.w3schools.com/jquery/tryit2287.html]
[www.w3schools.com/jquery/tryitc6db.html]
[www.w3schools.com/jquery/tryitea23.html]
[www.w3schools.com/jquery/tryit24c7.html]
[www.w3schools.com/jquery/tryit87f9.html]
[www.w3schools.com/jquery/tryite4b1.html]
[www.w3schools.com/jquery/tryite703.html]
[www.w3schools.com/jquery/tryitc07d.html]
[www.w3schools.com/jquery/tryit1522.html]
[www.w3schools.com/jquery/tryit538a.html]
[www.w3schools.com/jquery/tryit494c.html]
[www.w3schools.com/jquery/tryita824.html]
[www.w3schools.com/jquery/tryit7325.html]
[www.w3schools.com/jquery/tryitcadf.html]
[www.w3schools.com/jquery/tryit2849.html]
[www.w3schools.com/jquery/tryit209f.html]
[www.w3schools.com/jquery/tryit71c9.html]
[www.w3schools.com/jquery/tryit47cf.html]
[www.w3schools.com/jquery/tryitb320.html]
[www.w3schools.com/jquery/tryit425d.html]
[www.w3schools.com/jquery/tryita558.html]
[www.w3schools.com/jquery/tryit69a5.html]
[www.w3schools.com/jquery/tryit1a84.html]
[www.w3schools.com/jquery/tryitbb4b.html]
[www.w3schools.com/jquery/tryit7cf3.html]
[www.w3schools.com/jquery/tryit93b8.html]
[www.w3schools.com/jquery/tryit09f7.html]
[www.w3schools.com/jquery/tryitdb3a.html]
[www.w3schools.com/jquery/tryitb00e.html]
[www.w3schools.com/jquery/tryit4a79.html]
[www.w3schools.com/jquery/tryit628c.html]
[www.w3schools.com/jquery/tryitfc6c.html]
[www.w3schools.com/jquery/tryiteccb.html]
[www.w3schools.com/jquery/tryitd95b.html]
[www.w3schools.com/jquery/tryit6e52.html]
[www.w3schools.com/jquery/tryitc892.html]
[www.w3schools.com/jquery/tryitbe7e.html]
[www.w3schools.com/jquery/tryit18d8.html]
[www.w3schools.com/jquery/tryit07e3.html]
[www.w3schools.com/jquery/tryitc01a.html]
[www.w3schools.com/jquery/tryit2db3.html]
[www.w3schools.com/jquery/tryit5419.html]
[www.w3schools.com/jquery/tryit94ce.html]
[www.w3schools.com/jquery/tryit3529.html]
[www.w3schools.com/jquery/tryit973d.html]
[www.w3schools.com/jquery/tryit6fc8.html]
[www.w3schools.com/jquery/tryit4873.html]
[www.w3schools.com/jquery/tryit35be.html]
[www.w3schools.com/jquery/tryitab44.html]
[www.w3schools.com/jquery/tryit19a7.html]
[www.w3schools.com/jquery/tryitebb6.html]
[www.w3schools.com/jquery/tryitec50.html]
[www.w3schools.com/jquery/tryit8992.html]
[www.w3schools.com/jquery/tryitda42.html]
[www.w3schools.com/jquery/tryitc392.html]
[www.w3schools.com/jquery/tryit7181.html]
[www.w3schools.com/jquery/tryit69b5.html]
[www.w3schools.com/jquery/tryit9d88.html]
[www.w3schools.com/jquery/tryit57f7.html]
[www.w3schools.com/jquery/tryit1e8f.html]
[www.w3schools.com/jquery/tryit36c8.html]
[www.w3schools.com/jquery/tryite4b4.html]
[www.w3schools.com/jquery/tryitfc48.html]
[www.w3schools.com/jquery/tryit6aad.html]
[www.w3schools.com/jquery/tryitdefd.html]
[www.w3schools.com/jquery/tryit4472.html]
[www.w3schools.com/jquery/tryitc1bb.html]
[www.w3schools.com/jquery/tryit4a7c.html]
[www.w3schools.com/jquery/tryit3a0a.html]
[www.w3schools.com/jquery/compatible_ie.gif]
[www.w3schools.com/jquery/tryit1a0f.html]
[www.w3schools.com/jquery/tryit60ec.html]
[www.w3schools.com/jquery/tryitd896.html]
[www.w3schools.com/jquery/tryit05d7.html]
[www.w3schools.com/jquery/tryit90eb.html]
[www.w3schools.com/jquery/tryitfaf1.html]
[www.w3schools.com/jquery/demo_test.html]
[www.w3schools.com/jquery/demo_test_post.html]
[ajax.aspnetcdn.com/ajax/jQuery/jquery-3.2.0.min.js]
[www.w3schools.com/exercise.css]
[www.w3schools.com/jquery/tryitd557.html]
[www.w3schools.com/jquery/tryit9447.html]
[www.w3schools.com/jquery/tryitbb75.html]
[www.w3schools.com/jquery/tryit5e63.html]
[www.w3schools.com/jquery/tryitd609.html]
[www.w3schools.com/jquery/tryited19.html]
[www.w3schools.com/jquery/tryit2e8a.html]
[www.w3schools.com/jquery/tryit3284.html]
[www.w3schools.com/jquery/tryitefe5.html]
[www.w3schools.com/jquery/tryit1827.html]
[www.w3schools.com/jquery/tryita6a9.html]
[www.w3schools.com/jquery/tryit326e.html]
[www.w3schools.com/jquery/tryit1b9b.html]
[www.w3schools.com/jquery/tryit8399.html]
[www.w3schools.com/jquery/tryit7834.html]
[www.w3schools.com/jquery/tryit1f3a.html]
[www.w3schools.com/jquery/tryit51d7.html]
[www.w3schools.com/jquery/tryit0d08.html]
[www.w3schools.com/jquery/tryit238f.html]
[www.w3schools.com/jquery/tryit4920.html]
[www.w3schools.com/jquery/tryit4011.html]
[www.w3schools.com/jquery/tryitdc7e.html]
[www.w3schools.com/jquery/tryit6d70.html]
[www.w3schools.com/jquery/tryitbc01.html]
[www.w3schools.com/jquery/tryit5fd0.html]
[www.w3schools.com/jquery/tryitd47a.html]
[ajax.googleapis.com/ajax/libs/jquery/1.7/jquery.min.js]
[www.w3schools.com/jquery/tryita3ba.html]
[www.w3schools.com/jquery/deprecated.html]
[www.w3schools.com/jquery/tryit7688.html]
[www.w3schools.com/jquery/tryit3d01.html]
[www.w3schools.com/jquery/errorimg.3e9.delayed]
[www.w3schools.com/jquery/tryit541a.html]
[www.w3schools.com/jquery/tryit8fe7.html]
[www.w3schools.com/jquery/tryitf1a0.html]
[www.w3schools.com/jquery/tryit6e1a.html]
[www.w3schools.com/jquery/tryitd41e.html]
[www.w3schools.com/jquery/tryit4974.html]
[www.w3schools.com/jquery/tryitd026.html]
[www.w3schools.com/jquery/tryit4475.html]
[www.w3schools.com/jquery/tryit358a.html]
[www.w3schools.com/jquery/tryit2e68.html]
[www.w3schools.com/jquery/tryit6fe7.html]
[www.w3schools.com/jquery/tryita7d9.html]
[www.w3schools.com/jquery/tryitea8c.html]
[www.w3schools.com/jquery/tryitb8c0.html]
[www.w3schools.com/jquery/tryit5bc1.html]
[www.w3schools.com/jquery/tryitc1e1.html]
[www.w3schools.com/jquery/tryitd0ca.html]
[www.w3schools.com/jquery/tryit953e.html]
[www.w3schools.com/jquery/tryit0731.html]
[www.w3schools.com/jquery/tryite748-2.html]
[www.w3schools.com/jquery/tryit48e3.html]
[www.w3schools.com/jquery/tryitce10.html]
[www.w3schools.com/jquery/tryit2716.html]
[www.w3schools.com/jquery/tryit39cd.html]
[www.w3schools.com/jquery/tryit585d.html]
[www.w3schools.com/jquery/tryitf1de.html]
[www.w3schools.com/jquery/tryit595c.html]
[www.w3schools.com/jquery/tryitae3d.html]
[www.w3schools.com/jquery/tryitaf1b.html]
[www.w3schools.com/jquery/tryit0713.html]
[www.w3schools.com/jquery/tryitb704.html]
[www.w3schools.com/jquery/tryit9a95.html]
[www.w3schools.com/jquery/tryit7ddd.html]
[www.w3schools.com/jquery/tryit8ce4.html]
[www.w3schools.com/jquery/tryit6d40.html]
[www.w3schools.com/jquery/tryitf4ec.html]
[www.w3schools.com/jquery/tryit7f84.html]
[www.w3schools.com/jquery/tryita18e.html]
[www.w3schools.com/jquery/tryit0034.html]
[www.w3schools.com/jquery/tryit6bde.html]
[www.w3schools.com/jquery/tryit87ac.html]
[www.w3schools.com/jquery/tryit6735.html]
[www.w3schools.com/jquery/tryite507.html]
[www.w3schools.com/jquery/tryitead9.html]
[www.w3schools.com/jquery/tryit0b9b.html]
[www.w3schools.com/images/pulpit.jpg]
[www.w3schools.com/jquery/tryitfeea.html]
[www.w3schools.com/jquery/tryitd913.html]
[www.w3schools.com/jquery/tryit5672.html]
[www.w3schools.com/jquery/tryit7848.html]
[www.w3schools.com/jquery/tryite744.html]
[www.w3schools.com/jquery/tryitc208.html]
[www.w3schools.com/jquery/tryit5a0b.html]
[www.w3schools.com/jquery/tryita6d9.html]
[www.w3schools.com/jquery/tryit3c9d.html]
[www.w3schools.com/jquery/tryit8354.html]
[www.w3schools.com/jquery/tryit67a3.html]
[www.w3schools.com/jquery/tryit832b.html]
[www.w3schools.com/jquery/tryitdbaf.html]
[www.w3schools.com/jquery/tryitf8ec.html]
[www.w3schools.com/jquery/tryit272e.html]
[www.w3schools.com/jquery/tryitd308.html]
[www.w3schools.com/jquery/tryitba57.html]
[www.w3schools.com/jquery/tryit07fa.html]
[www.w3schools.com/jquery/tryita553.html]
[www.w3schools.com/jquery/tryitdf2e.html]
[www.w3schools.com/jquery/tryit2c43.html]
[www.w3schools.com/jquery/tryit8282.html]
[www.w3schools.com/jquery/tryitfd71.html]
[www.w3schools.com/jquery/tryitacb6.html]
[ajax.googleapis.com/ajax/libs/jquery/1.8/jquery.min.js]
[www.w3schools.com/jquery/tryit55d1.html]
[www.w3schools.com/jquery/tryit6b2b.html]
[www.w3schools.com/jquery/tryitce77.html]
[www.w3schools.com/jquery/tryit6671.html]
[www.w3schools.com/jquery/tryit8b3f.html]
[www.w3schools.com/jquery/tryit3695.html]
[www.w3schools.com/jquery/tryita7ca.html]
[www.w3schools.com/jquery/tryite8c7.html]
[www.w3schools.com/jquery/tryit5eff.html]
[www.w3schools.com/jquery/tryit1ed3.html]
[www.w3schools.com/jquery/tryit7419.html]
[www.w3schools.com/jquery/tryit1e33.html]
[www.w3schools.com/jquery/tryit318c.html]
[www.w3schools.com/jquery/tryit276f.html]
[www.w3schools.com/jquery/tryit1a0a.html]
[www.w3schools.com/jquery/tryitaf43.html]
[www.w3schools.com/jquery/tryit1223.html]
[www.w3schools.com/jquery/tryitcfbe.html]
[www.w3schools.com/jquery/tryit6b21.html]
[www.w3schools.com/jquery/tryit7b40.html]
[www.w3schools.com/jquery/tryitc742.html]
[www.w3schools.com/jquery/tryitb74b.html]
[www.w3schools.com/jquery/tryit7cd5.html]
[www.w3schools.com/jquery/tryitee8d.html]
[www.w3schools.com/jquery/tryitfd4c.html]
[www.w3schools.com/jquery/tryit056e.html]
[www.w3schools.com/jquery/tryit5954.html]
[www.w3schools.com/jquery/tryitf2a1.html]
[www.w3schools.com/jquery/tryitbb85.html]
[www.w3schools.com/jquery/tryita5c4.html]
[www.w3schools.com/jquery/tryit467a.html]
[www.w3schools.com/jquery/tryitd97a.html]
[www.w3schools.com/jquery/tryite16f.html]
[www.w3schools.com/jquery/tryit3a6e.html]
[www.w3schools.com/jquery/tryit555c.html]
[www.w3schools.com/jquery/tryit7bb9.html]
[www.w3schools.com/jquery/tryit426b.html]
[www.w3schools.com/jquery/tryitc4a8.html]
[www.w3schools.com/jquery/tryitd535.html]
[www.w3schools.com/jquery/tryit756f.html]
[www.w3schools.com/jquery/tryit2783.html]
[www.w3schools.com/jquery/tryitc0ee.html]
[www.w3schools.com/jquery/tryitf07e.html]
[www.w3schools.com/jquery/tryiteac9.html]
[www.w3schools.com/jquery/tryitba6d.html]
[www.w3schools.com/jquery/tryit1fb6.html]
[www.w3schools.com/jquery/tryit023f.html]
[www.w3schools.com/jquery/tryit9feb.html]
[www.w3schools.com/jquery/tryitf222.html]
[www.w3schools.com/jquery/tryit9d8a.html]
[www.w3schools.com/jquery/tryit8fb2.html]
[www.w3schools.com/jquery/tryit5cd0.html]
[www.w3schools.com/jquery/tryitefe2.html]
[www.w3schools.com/jquery/tryit64ae.html]
[www.w3schools.com/jquery/tryit95cf.html]
[www.w3schools.com/jquery/tryit210d.html]
[www.w3schools.com/jquery/tryitfed0.html]
[www.w3schools.com/jquery/tryit0401.html]
[www.w3schools.com/jquery/tryitf531.html]
[www.w3schools.com/jquery/tryit5b47.html]
[www.w3schools.com/jquery/tryit5bbe.html]
[www.w3schools.com/jquery/tryit64e2.html]
[www.w3schools.com/jquery/tryit890c.html]
[www.w3schools.com/jquery/tryit193c.html]
[www.w3schools.com/jquery/tryit9816.html]
[www.w3schools.com/jquery/tryitbd6f.html]
[www.w3schools.com/jquery/tryit0a0b.html]
[www.w3schools.com/jquery/tryit5d41.html]
[www.w3schools.com/jquery/tryit4fe6.html]
[www.w3schools.com/jquery/tryit4964.html]
[www.w3schools.com/jquery/tryit4e87.html]
[www.w3schools.com/jquery/tryit4835.html]
[www.w3schools.com/jquery/tryitd24d.html]
[www.w3schools.com/jquery/tryite761.html]
[www.w3schools.com/jquery/tryit644a.html]
[www.w3schools.com/jquery/tryit30ff.html]
[www.w3schools.com/jquery/tryitcd66.html]
[www.w3schools.com/jquery/tryit2958.html]
[www.w3schools.com/jquery/tryitd748.html]
[www.w3schools.com/jquery/tryitfbd8.html]
[www.w3schools.com/jquery/tryitc461.html]
[www.w3schools.com/jquery/tryit74c9.html]
[www.w3schools.com/jquery/tryitb87f.html]
[www.w3schools.com/jquery/tryit7622.html]
[www.w3schools.com/jquery/tryitf7e8.html]
[www.w3schools.com/jquery/tryit02f7.html]
[www.w3schools.com/jquery/tryita3be.html]
[www.w3schools.com/jquery/tryit78aa.html]
[www.w3schools.com/jquery/tryit5f9c.html]
[www.w3schools.com/jquery/tryitc3da.html]
[www.w3schools.com/jquery/tryita9ba.html]
[www.w3schools.com/jquery/tryitbe3b.html]
[www.w3schools.com/jquery/tryit6928.html]
[www.w3schools.com/jquery/tryitceda.html]
[www.w3schools.com/jquery/tryitdab0.html]
[www.w3schools.com/jquery/tryit9fb7.html]
[www.w3schools.com/jquery/tryit34c3.html]
[www.w3schools.com/jquery/tryit7ee9.html]
[www.w3schools.com/jquery/tryit8301.html]
[www.w3schools.com/jquery/tryit906b.html]
[www.w3schools.com/jquery/tryitb345.html]
[www.w3schools.com/jquery/tryit7f5b.html]
[www.w3schools.com/jquery/tryit1bc4.html]
[www.w3schools.com/jquery/tryitee04.html]
[www.w3schools.com/jquery/tryit4ba9.html]
[www.w3schools.com/jquery/tryit19fc.html]
[www.w3schools.com/jquery/tryit61b3.html]
[www.w3schools.com/jquery/tryit1114.html]
[www.w3schools.com/jquery/tryita4d2.html]
[www.w3schools.com/jquery/tryit03f1.html]
[www.w3schools.com/jquery/tryitc719.html]
[www.w3schools.com/jquery/tryit5905.html]
[www.w3schools.com/jquery/tryit3c77.html]
[www.w3schools.com/jquery/tryite416.html]
[www.w3schools.com/jquery/tryit0ed6.html]
[www.w3schools.com/jquery/tryitc8bf.html]
[www.w3schools.com/jquery/tryitcec8.html]
[www.w3schools.com/jquery/tryit49e6.html]
[www.w3schools.com/jquery/tryit8c12.html]
[www.w3schools.com/jquery/tryit02b2.html]
[www.w3schools.com/jquery/tryitfe2b.html]
[www.w3schools.com/jquery/tryit44ee.html]
[www.w3schools.com/jquery/tryit0376.html]
[www.w3schools.com/jquery/tryit695f.html]
[www.w3schools.com/jquery/tryit9a4d.html]
[www.w3schools.com/jquery/tryite778.html]
[www.w3schools.com/jquery/tryit4cbd.html]
[www.w3schools.com/jquery/tryit759c.html]
[www.w3schools.com/jquery/tryit87ee.html]
[www.w3schools.com/jquery/tryitada2.html]
[www.w3schools.com/jquery/tryit7ad8.html]
[www.w3schools.com/jquery/tryit7be8.html]
[www.w3schools.com/jquery/tryit9e13.html]
[www.w3schools.com/jquery/tryit7b85.html]
[www.w3schools.com/jquery/tryit50ea.html]
[www.w3schools.com/jquery/tryit10aa.html]
[www.w3schools.com/jquery/tryit4445.html]
[www.w3schools.com/jquery/tryit38ee.html]
[www.w3schools.com/jquery/tryit89d1.html]
[www.w3schools.com/jquery/tryitb5dd.html]
[www.w3schools.com/jquery/tryit01d4.html]
[www.w3schools.com/jquery/tryited70.html]
[www.w3schools.com/jquery/tryitc914.html]
[www.w3schools.com/jquery/tryit222a.html]
[www.w3schools.com/jquery/tryit970f.html]
[www.w3schools.com/jquery/tryit3de8.html]
[www.w3schools.com/jquery/tryit7c0c.html]
[www.w3schools.com/jquery/tryit3261.html]
[www.w3schools.com/jquery/tryitec90.html]
[www.w3schools.com/jquery/tryit8228.html]
[www.w3schools.com/jquery/tryit6e10.html]
[www.w3schools.com/jquery/tryit1cc7.html]
[www.w3schools.com/jquery/tryit3b58.html]
[www.w3schools.com/jquery/tryit28ef.html]
[www.w3schools.com/jquery/tryitd778.html]
[www.w3schools.com/jquery/tryit2c57.html]
[www.w3schools.com/jquery/tryita6ba.html]
[www.w3schools.com/jquery/tryit6647.html]
[www.w3schools.com/jquery/tryit0f62.html]
[www.w3schools.com/jquery/tryite889.html]
[www.w3schools.com/jquery/tryitd4c3.html]
[www.w3schools.com/jquery/tryite1c1.html]
[www.w3schools.com/jquery/tryit09f5.html]
[www.w3schools.com/jquery/tryitcf92.html]
[www.w3schools.com/jquery/tryitbfe1.html]
[www.w3schools.com/jquery/tryitd185.html]
[www.w3schools.com/jquery/tryitf5dd.html]
[www.w3schools.com/jquery/tryit1a11.html]
[www.w3schools.com/jquery/tryit8ab8.html]
[www.w3schools.com/jquery/tryitdcc4.html]
[www.w3schools.com/jquery/tryit6ea4.html]
[www.w3schools.com/jquery/tryit2ff9.html]
[www.w3schools.com/jquery/tryit517a.html]
[www.w3schools.com/jquery/tryitde66.html]
[www.w3schools.com/jquery/tryita93d.html]
[www.w3schools.com/jquery/tryit4b35.html]
[www.w3schools.com/jquery/tryit21ed.html]
[www.w3schools.com/jquery/tryit52e9.html]
[www.w3schools.com/jquery/tryitf4fb.html]
[www.w3schools.com/jquery/tryitf97b.html]
[www.w3schools.com/jquery/tryit9bbc.html]
[www.w3schools.com/jquery/tryitab6c.html]
[www.w3schools.com/jquery/tryit67e7.html]
[www.w3schools.com/jquery/tryit35c1.html]
[www.w3schools.com/jquery/tryit1f61.html]
[www.w3schools.com/jquery/tryit70c3.html]
[www.w3schools.com/jquery/tryit6bc9.html]
[www.w3schools.com/jquery/tryitda90.html]
[www.w3schools.com/jquery/tryit17f1.html]
[www.w3schools.com/jquery/tryit5cec.html]
[www.w3schools.com/jquery/tryitd071.html]
[www.w3schools.com/jquery/tryitfe07.html]
[www.w3schools.com/jquery/tryitab86.html]
[www.w3schools.com/jquery/tryit9287.html]
[www.w3schools.com/jquery/tryitd023.html]
[www.w3schools.com/jquery/tryit9345.html]
[www.w3schools.com/jquery/tryit6caf.html]
[www.w3schools.com/jquery/tryitddf4.html]
[www.w3schools.com/jquery/tryit7e2a.html]
[www.w3schools.com/jquery/tryita924.html]
[www.w3schools.com/jquery/tryit4382.html]
[www.w3schools.com/jquery/tryita91e.html]
[www.w3schools.com/jquery/tryitd259.html]
[www.w3schools.com/jquery/tryit8e92.html]
[www.w3schools.com/jquery/tryit6b38.html]
[www.w3schools.com/jquery/tryitb587.html]
[www.w3schools.com/jquery/tryit8ca1.html]
[www.w3schools.com/jquery/tryitfd99.html]
[www.w3schools.com/jquery/tryit8d92.html]
[www.w3schools.com/jquery/tryitfeda.html]
[www.w3schools.com/jquery/tryit65e8.html]
[www.w3schools.com/jquery/tryita07c.html]
[www.w3schools.com/jquery/tryit2e41.html]
[www.w3schools.com/jquery/tryitf299.html]
[www.w3schools.com/jquery/tryit315c.html]
[www.w3schools.com/jquery/tryit9a0e.html]
[www.w3schools.com/jquery/tryitf2f8.html]
[www.w3schools.com/jquery/tryitaba9.html]
[www.w3schools.com/jquery/tryit8457.html]
[www.w3schools.com/jquery/tryit3edc.html]
[www.w3schools.com/jquery/tryit1b1e.html]
[www.w3schools.com/jquery/tryit7645.html]
[www.w3schools.com/jquery/tryit74a0.html]
[www.w3schools.com/jquery/tryitf6ad.html]
[www.w3schools.com/jquery/tryit9949.html]
[www.w3schools.com/jquery/tryit1250.html]
[www.w3schools.com/jquery/tryit8e80.html]
[www.w3schools.com/jquery/tryitab11.html]
[www.w3schools.com/jquery/tryit2a28.html]
[www.w3schools.com/jquery/tryitc62a.html]
[www.w3schools.com/jquery/tryitb11f.html]
[www.w3schools.com/jquery/tryit6b4d.html]
[www.w3schools.com/jquery/tryitc2bd.html]
[www.w3schools.com/jquery/tryita636.html]
[www.w3schools.com/jquery/tryitb639.html]
[www.w3schools.com/jquery/tryit019a.html]
[www.w3schools.com/jquery/tryit02d3.html]
[www.w3schools.com/jquery/tryit484a.html]
[www.w3schools.com/jquery/tryit3f07.html]
[www.w3schools.com/jquery/traversing_parentsUntil-2.html]
[www.w3schools.com/jquery/tryit5474.html]
[www.w3schools.com/jquery/tryit02c3.html]
[www.w3schools.com/jquery/tryit7205.html]
[www.w3schools.com/jquery/tryit9698.html]
[www.w3schools.com/jquery/tryit57ab.html]
[www.w3schools.com/jquery/tryitc9cf.html]
[www.w3schools.com/jquery/tryit0762.html]
[www.w3schools.com/jquery/tryit5382.html]
[www.w3schools.com/jquery/tryitf4a6.html]
[www.w3schools.com/jquery/tryit59ef.html]
[www.w3schools.com/jquery/tryitd406.html]
[www.w3schools.com/jquery/tryit78e9.html]
[www.w3schools.com/jquery/tryitf713.html]
[www.w3schools.com/jquery/tryit7297.html]
[www.w3schools.com/jquery/tryitfeb2.html]
[www.w3schools.com/jquery/tryit49de.html]
[www.w3schools.com/jquery/tryit4eea.html]
[www.w3schools.com/jquery/tryit1b73.html]
[www.w3schools.com/jquery/tryit031d.html]
[www.w3schools.com/jquery/tryit0c0c.html]
[www.w3schools.com/jquery/tryit7640.html]
[www.w3schools.com/jquery/tryitcf9a.html]
[www.w3schools.com/jquery/tryit70f9.html]
[www.w3schools.com/jquery/tryitaf02.html]
[www.w3schools.com/jquery/tryit2a50.html]
[www.w3schools.com/jquery/tryitaa1a.html]
[www.w3schools.com/jquery/tryit026f.html]
[www.w3schools.com/jquery/tryitddfd.html]
[www.w3schools.com/jquery/tryit609f.html]
[www.w3schools.com/jquery/tryit5abc.html]
[www.w3schools.com/jquery/tryitbd7d.html]
[www.w3schools.com/jquery/tryite4f9.html]
[www.w3schools.com/jquery/tryit3e3d.html]
[www.w3schools.com/jquery/tryit0d85.html]
[www.w3schools.com/jquery/tryit9893.html]
[www.w3schools.com/jquery/tryit28dd.html]
[www.w3schools.com/jquery/tryitb6d0.html]
[www.w3schools.com/jquery/tryit95d8.html]
[www.w3schools.com/jquery/demo_ajax_json.js]
[www.w3schools.com/jquery/tryitaef2.html]
[www.w3schools.com/jquery/demo_ajax_script.js]
[www.w3schools.com/jquery/tryit02e3.html]
[www.w3schools.com/jquery/tryit86f5.html]
[www.w3schools.com/jquery/demo_ajax_gethint.html]
[www.w3schools.com/jquery/demo_ajax_gethint.txt]
[www.w3schools.com/jquery/tryit83ee.html]
[www.w3schools.com/jquery/demo_ajax_load.html]
[www.w3schools.com/jquery/demo_wait.gif]
[www.w3schools.com/jquery/tryitd89d.html]
[www.w3schools.com/jquery/wrongfile.3f2.delayed]
[www.w3schools.com/jquery/tryit400b.html]
[www.w3schools.com/jquery/tryit6ffb.html]
[www.w3schools.com/jquery/tryit084a.html]
[www.w3schools.com/jquery/tryit3443.html]
[www.w3schools.com/jquery/demo_ajax_load.txt]
[www.w3schools.com/jquery/tryitcf6f.html]
[www.w3schools.com/jquery/tryitb745.html]
[www.w3schools.com/jquery/tryitf4a3.html]
[www.w3schools.com/jquery/tryitb824.html]
[www.w3schools.com/jquery/demo_cd_catalog.xml]
[www.w3schools.com/jquery/tryit3c2d.html]
[www.w3schools.com/jquery/wrongname.3f5.delayed]
[www.w3schools.com/jquery/tryit91f6.html]
[www.w3schools.com/jquery/tryitd401.html]
[www.w3schools.com/jquery/tryit9b8a.html]
[www.w3schools.com/jquery/tryitdf66.html]
[www.w3schools.com/jquery/tryit1e7a.html]
[www.w3schools.com/jquery/tryite92d.html]
[www.w3schools.com/jquery/tryit94cf.html]
[www.w3schools.com/jquery/tryita7e5.html]
[www.w3schools.com/jquery/tryit5c35.html]
[www.w3schools.com/jquery/tryit4f4f.html]
[www.w3schools.com/jquery/tryitd015.html]
[www.w3schools.com/jquery/tryitd30a.html]
[www.w3schools.com/jquery/tryitac0c.html]
[www.w3schools.com/jquery/tryit32d8.html]
[www.w3schools.com/jquery/tryit2268.html]
[www.w3schools.com/jquery/tryita05e.html]
[www.w3schools.com/jquery/tryitcd90.html]
[www.w3schools.com/jquery/errorimg.html]
[www.w3schools.com/jquery/demo_ajax_json.js]
[www.w3schools.com/jquery/demo_ajax_script.js]
[www.w3schools.com/jquery/demo_ajax_gethint.html]
[www.w3schools.com/jquery/demo_ajax_load.html]
[www.w3schools.com/jquery/wrongfile.html]
[www.w3schools.com/jquery/wrongname.html]
[www.w3schools.com/jquery/tryite854.asp]
